interactions:
  - request:
      body: ""
      headers:
        accept:
          - "*/*"
        accept-encoding:
          - gzip, deflate
        connection:
          - keep-alive
        host:
          - task-registry.apps.digilab.network
        user-agent:
          - python-httpx/0.27.2
      method: GET
      uri: https://task-registry.apps.digilab.network/instruments/
    response:
      body:
        string: '{"type":"dir","size":0,"name":"instruments","path":"instruments","download_url":"https://task-registry.apps.digilab.network/instruments","links":{"self":"https://task-registry.apps.digilab.network/instruments"},"entries":[{"type":"file","size":14009,"name":"technical_docs_for_high_risk_ai.yaml","path":"instruments/technical_docs_for_high_risk_ai.yaml","urn":"urn:nl:aivt:tr:td:1.0","download_url":"https://task-registry.apps.digilab.network/instruments/urn/urn:nl:aivt:tr:td:1.0","links":{"self":"https://task-registry.apps.digilab.network/instruments/urn/urn:nl:aivt:tr:td:1.0"}},{"type":"file","size":32897,"name":"iama.yaml","path":"instruments/iama.yaml","urn":"urn:nl:aivt:tr:iama:1.0","download_url":"https://task-registry.apps.digilab.network/instruments/urn/urn:nl:aivt:tr:iama:1.0","links":{"self":"https://task-registry.apps.digilab.network/instruments/urn/urn:nl:aivt:tr:iama:1.0"}},{"type":"file","size":5187,"name":"conformity_assessment_eu_ai_act.yaml","path":"instruments/conformity_assessment_eu_ai_act.yaml","urn":"urn:nl:aivt:tr:ca:1.0","download_url":"https://task-registry.apps.digilab.network/instruments/urn/urn:nl:aivt:tr:ca:1.0","links":{"self":"https://task-registry.apps.digilab.network/instruments/urn/urn:nl:aivt:tr:ca:1.0"}},{"type":"file","size":60271,"name":"aiia.yaml","path":"instruments/aiia.yaml","urn":"urn:nl:aivt:tr:aiia:1.0","download_url":"https://task-registry.apps.digilab.network/instruments/urn/urn:nl:aivt:tr:aiia:1.0","links":{"self":"https://task-registry.apps.digilab.network/instruments/urn/urn:nl:aivt:tr:aiia:1.0"}}]}'
      headers:
        Connection:
          - keep-alive
        Content-Length:
          - "1570"
        Content-Type:
          - application/json
        Date:
          - Wed, 13 Nov 2024 15:38:30 GMT
        Strict-Transport-Security:
          - max-age=31536000; includeSubDomains
      status:
        code: 200
        message: OK
  - request:
      body: ""
      headers:
        accept:
          - "*/*"
        accept-encoding:
          - gzip, deflate
        connection:
          - keep-alive
        host:
          - task-registry.apps.digilab.network
        user-agent:
          - python-httpx/0.27.2
      method: GET
      uri: https://task-registry.apps.digilab.network/instruments/urn/urn:nl:aivt:tr:td:1.0?version=latest
    response:
      body:
        string:
          '{"systemcard_path":".assessments[]","schema_version":"1.1.0","name":"Technische
          documentatie voor hoog-risico AI-systemen","description":"De technische documentatie
          van een AI-systeem met een hoog risico wordt opgesteld voordat dit systeem
          in de handel wordt gebracht of in gebruik wordt gesteld.","urn":"urn:nl:aivt:tr:td:1.0","language":"nl","owners":[{"organization":"European
          Union","name":"","email":"","role":""}],"date":"","url":"https://www.europarl.europa.eu/doceo/document/TA-9-2024-0138-FNL-COR01_NL.pdf","template":{"question":"$QUESTION","answer":"$ANSWER","remarks":"$REMARKS","timestamp":"$TIMESTAMP","location":"$LOCATION","authors":[{"name":"$AUTHOR.NAME","email":"$AUTHOR.EMAIL","role":"$AUTHOR.ROLE"}]},"tasks":[{"question":"Wat
          is het beoogde doel van het AI-systeem?","urn":"urn:nl:aivt:tr:td:1.0:1.a.1","labels":[{"key":"topic","value":"Algemene
          beschrijving AI-systeem"}],"type":["open_question"],"suggested_roles":[],"lifecycle":[],"links":[{"text":"DPIA
          vraag 4"},{"urn":"urn:nl:aivt:tr:1.0:1.2.1"},{"systemcard_path":".goal_and_impact","version":">0.1a1"}],"template":{"question":"$QUESTION","answer":"$ANSWER","remarks":"$REMARKS","timestamp":"$TIMESTAMP","location":"$LOCATION","authors":[{"name":"$AUTHOR.NAME","email":"$AUTHOR.EMAIL","role":"$AUTHOR.ROLE"}]}},{"question":"Wat
          is de naam van de aanbieder van het AI-systeem?","urn":"urn:nl:aivt:tr:td:1.0:1.a.2","labels":[{"key":"topic","value":"Algemene
          beschrijving AI-systeem"}],"type":["open_question"],"suggested_roles":[],"lifecycle":[],"links":[{"systemcard_path":".organization","version":">0.1a1"},{"systemcard_path":".external_providers","version":">0.1a1"}],"template":{"question":"$QUESTION","answer":"$ANSWER","remarks":"$REMARKS","timestamp":"$TIMESTAMP","location":"$LOCATION","authors":[{"name":"$AUTHOR.NAME","email":"$AUTHOR.EMAIL","role":"$AUTHOR.ROLE"}]}},{"question":"Beschrijf
          de versie van het AI-systeem. Maak hierbij het verband met eerdere versies
          duidelijk.","urn":"urn:nl:aivt:tr:td:1.0:1.a.3","labels":[{"key":"topic","value":"Algemene
          beschrijving AI-systeem"}],"type":["open_question"],"suggested_roles":[],"lifecycle":[],"links":[],"template":{"question":"$QUESTION","answer":"$ANSWER","remarks":"$REMARKS","timestamp":"$TIMESTAMP","location":"$LOCATION","authors":[{"name":"$AUTHOR.NAME","email":"$AUTHOR.EMAIL","role":"$AUTHOR.ROLE"}]}},{"question":"Hoe
          interageert het AI-systeem met hardware of software, inclusief andere AI-systemen,
          of kan het AI-systeem worden gebruikt om te interageren met hardware of software?","urn":"urn:nl:aivt:tr:td:1.0:1.b","labels":[{"key":"topic","value":"Algemene
          beschrijving AI-systeem"}],"type":["open_question"],"suggested_roles":[],"lifecycle":[],"links":[],"template":{"question":"$QUESTION","answer":"$ANSWER","remarks":"$REMARKS","timestamp":"$TIMESTAMP","location":"$LOCATION","authors":[{"name":"$AUTHOR.NAME","email":"$AUTHOR.EMAIL","role":"$AUTHOR.ROLE"}]}},{"question":"Beschrijf
          de versies van de betreffende software of firmware en eventuele eisen met
          betrekking tot versie-updates.","urn":"urn:nl:aivt:tr:td:1.0:1.c","labels":[{"key":"topic","value":"Algemene
          beschrijving AI-systeem"}],"type":["open_question"],"suggested_roles":[],"lifecycle":[],"links":[],"template":{"question":"$QUESTION","answer":"$ANSWER","remarks":"$REMARKS","timestamp":"$TIMESTAMP","location":"$LOCATION","authors":[{"name":"$AUTHOR.NAME","email":"$AUTHOR.EMAIL","role":"$AUTHOR.ROLE"}]}},{"question":"Beschrijf
          de vormen waarin het AI-systeem in de handel wordt gebracht of in gebruik
          wordt gesteld, zoals in hardware ingebedde softwarepaketten, downloads of
          API''s.","urn":"urn:nl:aivt:tr:td:1.0:1.d","labels":[{"key":"topic","value":"Algemene
          beschrijving AI-systeem"}],"type":["open_question"],"suggested_roles":[],"lifecycle":[],"links":[],"template":{"question":"$QUESTION","answer":"$ANSWER","remarks":"$REMARKS","timestamp":"$TIMESTAMP","location":"$LOCATION","authors":[{"name":"$AUTHOR.NAME","email":"$AUTHOR.EMAIL","role":"$AUTHOR.ROLE"}]}},{"question":"Geef
          een beschrijving van de hardware waarop het AI-systeem moet worden uitgevoerd.","urn":"urn:nl:aivt:tr:td:1.0:1.e","labels":[{"key":"topic","value":"Algemene
          beschrijving AI-systeem"}],"type":["open_question"],"suggested_roles":[],"lifecycle":[],"links":[],"template":{"question":"$QUESTION","answer":"$ANSWER","remarks":"$REMARKS","timestamp":"$TIMESTAMP","location":"$LOCATION","authors":[{"name":"$AUTHOR.NAME","email":"$AUTHOR.EMAIL","role":"$AUTHOR.ROLE"}]}},{"question":"Indien
          het AI systeem een component vormt van producten, foto''s of illustraties:
          beschrijf de externe kenmerken, markeringen en interne lay-out van die producten.","urn":"urn:nl:aivt:tr:td:1.0:1.f","labels":[{"key":"topic","value":"Algemene
          beschrijving AI-systeem"}],"type":["open_question"],"suggested_roles":[],"lifecycle":[],"links":[],"template":{"question":"$QUESTION","answer":"$ANSWER","remarks":"$REMARKS","timestamp":"$TIMESTAMP","location":"$LOCATION","authors":[{"name":"$AUTHOR.NAME","email":"$AUTHOR.EMAIL","role":"$AUTHOR.ROLE"}]}},{"question":"Beschrijf
          de gebruiksinstructies en geef een basisbeschrijving van de gebruikersinterface
          die aan de gebruiksverantwoordelijke wordt verstrekt.","urn":"urn:nl:aivt:tr:td:1.0:1.h","labels":[{"key":"topic","value":"Algemene
          beschrijving AI-systeem"}],"type":["open_question"],"suggested_roles":[],"lifecycle":[],"links":[],"template":{"question":"$QUESTION","answer":"$ANSWER","remarks":"$REMARKS","timestamp":"$TIMESTAMP","location":"$LOCATION","authors":[{"name":"$AUTHOR.NAME","email":"$AUTHOR.EMAIL","role":"$AUTHOR.ROLE"}]}},{"question":"Beschrijf
          de uitgevoerde methoden en stappen voor de ontwikkeling van het AI-systeem
          (inclusief door derden geleverde vooraf getrainde systemen of hulpmiddelen).","urn":"urn:nl:aivt:tr:td:1.0:2.a","labels":[{"key":"topic","value":"Gedetailleerde
          beschrijving van elementen van het AI-systeem en ontwikkeling"}],"type":["open_question"],"suggested_roles":[],"lifecycle":[],"links":[{"systemcard_path":".description","version":">0.1a1"}],"template":{"question":"$QUESTION","answer":"$ANSWER","remarks":"$REMARKS","timestamp":"$TIMESTAMP","location":"$LOCATION","authors":[{"name":"$AUTHOR.NAME","email":"$AUTHOR.EMAIL","role":"$AUTHOR.ROLE"}]}},{"question":"Beschrijf
          de ontwerpspecificaties (inclusief algemene logica) en belangrijkste ontwerpkeuzen
          (inclusief aannames, motivering en gebruikers).","urn":"urn:nl:aivt:tr:td:1.0:2.b.1","labels":[{"key":"topic","value":"Gedetailleerde
          beschrijving van elementen van het AI-systeem en ontwikkeling"}],"type":["open_question"],"suggested_roles":[],"lifecycle":[],"links":[{"systemcard_path":".description","version":">0.1a1"}],"template":{"question":"$QUESTION","answer":"$ANSWER","remarks":"$REMARKS","timestamp":"$TIMESTAMP","location":"$LOCATION","authors":[{"name":"$AUTHOR.NAME","email":"$AUTHOR.EMAIL","role":"$AUTHOR.ROLE"}]}},{"question":"Beschrijf
          de belangrijkste classificatiekeuzen.","urn":"urn:nl:aivt:tr:td:1.0:2.b.2","labels":[{"key":"topic","value":"Gedetailleerde
          beschrijving van elementen van het AI-systeem en ontwikkeling"}],"type":["open_question"],"suggested_roles":[],"lifecycle":[],"links":[{"systemcard_path":"./models//task_type","version":">0.1a1"}],"template":{"question":"$QUESTION","answer":"$ANSWER","remarks":"$REMARKS","timestamp":"$TIMESTAMP","location":"$LOCATION","authors":[{"name":"$AUTHOR.NAME","email":"$AUTHOR.EMAIL","role":"$AUTHOR.ROLE"}]}},{"question":"Beschrijf
          voor welke optimalisatie het systeem is ontworpen en beschrijf de relevantie
          van de verschillende parameters.","urn":"urn:nl:aivt:tr:td:1.0:2.b.3","labels":[{"key":"topic","value":"Gedetailleerde
          beschrijving van elementen van het AI-systeem en ontwikkeling"}],"type":["open_question"],"suggested_roles":[],"lifecycle":[],"links":[{"systemcard_path":"./models//metrics","version":">0.1a1"}],"template":{"question":"$QUESTION","answer":"$ANSWER","remarks":"$REMARKS","timestamp":"$TIMESTAMP","location":"$LOCATION","authors":[{"name":"$AUTHOR.NAME","email":"$AUTHOR.EMAIL","role":"$AUTHOR.ROLE"}]}},{"question":"Beschrijf
          de verwachte output en outputkwaliteit.","urn":"urn:nl:aivt:tr:td:1.0:2.b.4","labels":[{"key":"topic","value":"Gedetailleerde
          beschrijving van elementen van het AI-systeem en ontwikkeling"}],"type":["open_question"],"suggested_roles":[],"lifecycle":[],"links":[],"template":{"question":"$QUESTION","answer":"$ANSWER","remarks":"$REMARKS","timestamp":"$TIMESTAMP","location":"$LOCATION","authors":[{"name":"$AUTHOR.NAME","email":"$AUTHOR.EMAIL","role":"$AUTHOR.ROLE"}]}},{"question":"Beschrijf
          de systeemarchitectuur inclusief de relatie tussen softwarecomponenten.","urn":"urn:nl:aivt:tr:td:1.0:2.c.1","labels":[{"key":"topic","value":"Gedetailleerde
          beschrijving van elementen van het AI-systeem en ontwikkeling"}],"type":["upload_document","open_question"],"suggested_roles":[],"lifecycle":[],"links":[{"systemcard_path":".external_providers","version":">0.1a1"}],"template":{"question":"$QUESTION","answer":"$ANSWER","remarks":"$REMARKS","timestamp":"$TIMESTAMP","location":"$LOCATION","authors":[{"name":"$AUTHOR.NAME","email":"$AUTHOR.EMAIL","role":"$AUTHOR.ROLE"}]}},{"question":"Beschrijf
          de rekenhulpmiddelen die zijn gebruikt voor het ontwikkelen, trainen, testen
          en valideren van het AI-systeem.","urn":"urn:nl:aivt:tr:td:1.0:2.c.2","labels":[{"key":"topic","value":"Gedetailleerde
          beschrijving van elementen van het AI-systeem en ontwikkeling"}],"type":["open_question"],"suggested_roles":[],"lifecycle":[],"links":[],"template":{"question":"$QUESTION","answer":"$ANSWER","remarks":"$REMARKS","timestamp":"$TIMESTAMP","location":"$LOCATION","authors":[{"name":"$AUTHOR.NAME","email":"$AUTHOR.EMAIL","role":"$AUTHOR.ROLE"}]}},{"question":"Indien
          relevant: Geef een beschrijving van de herkomst, reikwijdte, belangrijkste
          kenmerken, selectie, labelling en opschoning van de dataset(s).","urn":"urn:nl:aivt:tr:td:1.0:2.d","labels":[{"key":"topic","value":"Gedetailleerde
          beschrijving van elementen van het AI-systeem en ontwikkeling"}],"type":["open_question"],"suggested_roles":[],"lifecycle":[],"links":[{"systemcard_path":"./models//metrics","version":">0.1a1"},{"systemcard_path":".used_data","version":">0.1a1"}],"template":{"question":"$QUESTION","answer":"$ANSWER","remarks":"$REMARKS","timestamp":"$TIMESTAMP","location":"$LOCATION","authors":[{"name":"$AUTHOR.NAME","email":"$AUTHOR.EMAIL","role":"$AUTHOR.ROLE"}]}},{"question":"Beoordeel
          het menselijk toezicht op het AI-systeem, inclusief de technische maatregelen
          voor de vereenvoudiging van de interpretatie van de output (raadpleeg hiervoor
          de maatregelen uit artikel 14 van de AI Verordening).","urn":"urn:nl:aivt:tr:td:1.0:2.e","labels":[{"key":"topic","value":"Gedetailleerde
          beschrijving van elementen van het AI-systeem en ontwikkeling"}],"type":["open_question"],"suggested_roles":[],"lifecycle":[],"links":[{"systemcard_path":".human_intervention","version":">0.1a1"}],"template":{"question":"$QUESTION","answer":"$ANSWER","remarks":"$REMARKS","timestamp":"$TIMESTAMP","location":"$LOCATION","authors":[{"name":"$AUTHOR.NAME","email":"$AUTHOR.EMAIL","role":"$AUTHOR.ROLE"}]}},{"question":"Indien
          van toepassing: geef een beschrijving van de vooraf bepaalde wijzigingen in
          het AI-systeem en de prestaties ervan, en de ingevoerde technische oplossingen
          om aan de vereisten voor hoog-risico AI-systemen te voldoen (raadpleeg hiervoor
          hoofdstuk 3, sectie 2 van de AI Verordening)","urn":"urn:nl:aivt:tr:td:1.0:2.f","labels":[{"key":"topic","value":"Gedetailleerde
          beschrijving van elementen van het AI-systeem en ontwikkeling"}],"type":["open_question"],"suggested_roles":[],"lifecycle":[],"links":[],"template":{"question":"$QUESTION","answer":"$ANSWER","remarks":"$REMARKS","timestamp":"$TIMESTAMP","location":"$LOCATION","authors":[{"name":"$AUTHOR.NAME","email":"$AUTHOR.EMAIL","role":"$AUTHOR.ROLE"}]}},{"question":"Beschrijf
          de gebruikte validatie- en testprodedures, waaronder informatie over de gebruikte
          validatie- en testdata en de belangrijkste kenmerken ervan.","urn":"urn:nl:aivt:tr:td:1.0:2.g.1","labels":[{"key":"topic","value":"Gedetailleerde
          beschrijving van elementen van het AI-systeem en ontwikkeling"}],"type":["open_question"],"suggested_roles":[],"lifecycle":[],"links":[],"template":{"question":"$QUESTION","answer":"$ANSWER","remarks":"$REMARKS","timestamp":"$TIMESTAMP","location":"$LOCATION","authors":[{"name":"$AUTHOR.NAME","email":"$AUTHOR.EMAIL","role":"$AUTHOR.ROLE"}]}},{"question":"Beschrijf
          de statistieken die worden gebruikt voor het meten van de nauwkeurigheid,
          robuustheid en mogelijk discriminirende gevolgen.","urn":"urn:nl:aivt:tr:td:1.0:2.g.2","labels":[{"key":"topic","value":"Gedetailleerde
          beschrijving van elementen van het AI-systeem en ontwikkeling"}],"type":["open_question"],"suggested_roles":[],"lifecycle":[],"links":[{"systemcard_path":"./models//metrics","version":">0.1a1"}],"template":{"question":"$QUESTION","answer":"$ANSWER","remarks":"$REMARKS","timestamp":"$TIMESTAMP","location":"$LOCATION","authors":[{"name":"$AUTHOR.NAME","email":"$AUTHOR.EMAIL","role":"$AUTHOR.ROLE"}]}},{"question":"Beschrijf
          de gehanteerde cyberbeveilighingsmaatregelen.","urn":"urn:nl:aivt:tr:td:1.0:2.h","labels":[{"key":"topic","value":"Gedetailleerde
          beschrijving van elementen van het AI-systeem en ontwikkeling"}],"type":["open_question"],"suggested_roles":[],"lifecycle":[],"links":[],"template":{"question":"$QUESTION","answer":"$ANSWER","remarks":"$REMARKS","timestamp":"$TIMESTAMP","location":"$LOCATION","authors":[{"name":"$AUTHOR.NAME","email":"$AUTHOR.EMAIL","role":"$AUTHOR.ROLE"}]}},{"question":"Beschrijf
          de monitoring, werking en controle van het AI-systeem, met betrekking tot:
          nauwkeurigheid voor specifieke en/of groepen personen en tov het beoogde doel,
          voorzienbare onbedoelde resultaten en risicobronnen voor de gezondheid.","urn":"urn:nl:aivt:tr:td:1.0:3","labels":[{"key":"topic","value":"Toezicht
          en monitoring"}],"type":["open_question"],"suggested_roles":[],"lifecycle":[],"links":[],"template":{"question":"$QUESTION","answer":"$ANSWER","remarks":"$REMARKS","timestamp":"$TIMESTAMP","location":"$LOCATION","authors":[{"name":"$AUTHOR.NAME","email":"$AUTHOR.EMAIL","role":"$AUTHOR.ROLE"}]}},{"question":"Geef
          een beschrijving van de geschiktheid van de prestatiestatistieken voor het
          specifieke AI-systeem.","urn":"urn:nl:aivt:tr:td:1.0:4","labels":[{"key":"topic","value":"Prestatiestatistieken"}],"type":["open_question"],"suggested_roles":[],"lifecycle":[],"links":[{"systemcard_path":"./models//metrics","version":">0.1a1"}],"template":{"question":"$QUESTION","answer":"$ANSWER","remarks":"$REMARKS","timestamp":"$TIMESTAMP","location":"$LOCATION","authors":[{"name":"$AUTHOR.NAME","email":"$AUTHOR.EMAIL","role":"$AUTHOR.ROLE"}]}},{"question":"Beschrijf
          het systeem voor risicobeheer (raadpleeg hiervoor artikel 9 van de AI Veroderning).","urn":"urn:nl:aivt:tr:td:1.0:5","labels":[{"key":"topic","value":"Risicobeheer"}],"type":["open_question"],"suggested_roles":[],"lifecycle":[],"links":[{"systemcard_path":".risk_management","version":">0.1a1"}],"template":{"question":"$QUESTION","answer":"$ANSWER","remarks":"$REMARKS","timestamp":"$TIMESTAMP","location":"$LOCATION","authors":[{"name":"$AUTHOR.NAME","email":"$AUTHOR.EMAIL","role":"$AUTHOR.ROLE"}]}},{"question":"Beschrijf
          de relevante wijzigingen die door de aanbieder tijdens de levensduur van het
          systeem worden aangebracht.","urn":"urn:nl:aivt:tr:td:1.0:6","labels":[{"key":"topic","value":"Systeemaanpassingen"}],"type":["open_question"],"suggested_roles":[],"lifecycle":[],"links":[],"template":{"question":"$QUESTION","answer":"$ANSWER","remarks":"$REMARKS","timestamp":"$TIMESTAMP","location":"$LOCATION","authors":[{"name":"$AUTHOR.NAME","email":"$AUTHOR.EMAIL","role":"$AUTHOR.ROLE"}]}},{"question":"Geef
          een lijst van de geharmoniseerde normen die volledig of gedeeltelijk worden
          toegepast en waarvan de referenties zijn gepubliceerd in het Publicatieblad
          van de Europese Unie. Indien de geharmoniseerde normen niet zijn toegepast,
          geef dan een gedetailleerde beschrijving van de vastgestelde oplossingen om
          te voldoen aan de vereisten van hoog-risico AI-systemen, met inbegrip van
          een lijst van andere toegepaste relevante normen en technische specificaties.","urn":"urn:nl:aivt:tr:td:1.0:7","labels":[{"key":"topic","value":"Geharmoniseerde
          normen lijst"}],"type":["open_question"],"suggested_roles":[],"lifecycle":[],"links":[],"template":{"question":"$QUESTION","answer":"$ANSWER","remarks":"$REMARKS","timestamp":"$TIMESTAMP","location":"$LOCATION","authors":[{"name":"$AUTHOR.NAME","email":"$AUTHOR.EMAIL","role":"$AUTHOR.ROLE"}]}},{"question":"Een
          exemplaar van de in artikel 47 bedoelde EU-conformiteitsverklaring.","urn":"urn:nl:aivt:tr:td:1.0:8","labels":[{"key":"topic","value":"EU-conformiteitsverklaring"}],"type":["sign_task","upload_document"],"suggested_roles":[],"lifecycle":[],"links":[],"template":{"question":"$QUESTION","answer":"$ANSWER","remarks":"$REMARKS","timestamp":"$TIMESTAMP","location":"$LOCATION","authors":[{"name":"$AUTHOR.NAME","email":"$AUTHOR.EMAIL","role":"$AUTHOR.ROLE"}]}},{"question":"Beschrijf
          het plan voor evaluatie en monitoring nadat het AI systeem in gebruik is genomen
          (raadpleeg hiervoor artikel 72, lid 3 van de AI Verordening).","urn":"urn:nl:aivt:tr:td:1.0:9","labels":[{"key":"topic","value":"Evaluatieplan"}],"type":["open_question"],"suggested_roles":[],"lifecycle":[],"links":[],"template":{"question":"$QUESTION","answer":"$ANSWER","remarks":"$REMARKS","timestamp":"$TIMESTAMP","location":"$LOCATION","authors":[{"name":"$AUTHOR.NAME","email":"$AUTHOR.EMAIL","role":"$AUTHOR.ROLE"}]}}]}'
      headers:
        Connection:
          - keep-alive
        Content-Length:
          - "17617"
        Content-Type:
          - application/json
        Date:
          - Wed, 13 Nov 2024 15:38:30 GMT
        Strict-Transport-Security:
          - max-age=31536000; includeSubDomains
      status:
        code: 200
        message: OK
  - request:
      body: ""
      headers:
        accept:
          - "*/*"
        accept-encoding:
          - gzip, deflate
        connection:
          - keep-alive
        host:
          - task-registry.apps.digilab.network
        user-agent:
          - python-httpx/0.27.2
      method: GET
      uri: https://task-registry.apps.digilab.network/instruments/urn/urn:nl:aivt:tr:iama:1.0?version=latest
    response:
      body:
        string:
          "{\"systemcard_path\":\".assessments[]\",\"schema_version\":\"1.1.0\",\"name\":\"Impact
          Assessment Mensenrechten en Algoritmes (IAMA)\",\"description\":\"Het IAMA
          helpt om de risico's voor mensenrechten bij het gebruik van algoritmen in
          kaart te brengen en maatregelen te nemen om deze aan te pakken.\",\"urn\":\"urn:nl:aivt:tr:iama:1.0\",\"language\":\"nl\",\"owners\":[{\"organization\":\"\",\"name\":\"\",\"email\":\"\",\"role\":\"\"}],\"date\":\"\",\"url\":\"https://www.rijksoverheid.nl/documenten/rapporten/2021/02/25/impact-assessment-mensenrechten-en-algoritmes\",\"template\":{\"question\":\"$QUESTION\",\"answer\":\"$ANSWER\",\"remarks\":\"$REMARKS\",\"timestamp\":\"$TIMESTAMP\",\"authors\":[{\"name\":\"$AUTHOR.NAME\",\"email\":\"$AUTHOR.EMAIL\",\"role\":\"$AUTHOR.ROLE\"}]},\"tasks\":[{\"question\":\"Licht
          uw voorstel voor het gebruik/de inzet van een algoritme toe. Wat is de aanleiding
          hiervoor geweest? Voor welk probleem moet het algoritme een oplossing bieden?\",\"urn\":\"urn:nl:aivt:tr:iama:1.0:1.1.1\",\"labels\":[{\"key\":\"topic\",\"value\":\"Aanleiding
          en probleemdefinitie\"}],\"type\":[\"open_question\"],\"suggested_roles\":[\"Behoeftesteller\",\"Gemandateerd
          verantwoordelijke(n)\",\"Projectleider\",\"Domeinspecialist\",\"Gebruiker\"],\"lifecycle\":[\"Probleemanalyse\"],\"links\":[{\"text\":\"DPIA
          vraag 1\"},{\"urn\":\"urn:nl:aivt:tr:aiia:1.0:1.1\"}],\"template\":{\"question\":\"$QUESTION\",\"answer\":\"$ANSWER\",\"remarks\":\"$REMARKS\",\"timestamp\":\"$TIMESTAMP\",\"authors\":[{\"name\":\"$AUTHOR.NAME\",\"email\":\"$AUTHOR.EMAIL\",\"role\":\"$AUTHOR.ROLE\"}]}},{\"question\":\"Wat
          is het doel dat bereikt dient te worden met de inzet van het algoritme? Wat
          is hierbij het hoofddoel en wat zijn subdoelen?\",\"urn\":\"urn:nl:aivt:tr:iama:1.0:1.2.1\",\"labels\":[{\"key\":\"topic\",\"value\":\"Doelstelling\"}],\"type\":[\"open_question\"],\"suggested_roles\":[\"Behoeftesteller\",\"Gemandateerd
          verantwoordelijke(n)\",\"Projectleider\",\"Gebruiker\"],\"lifecycle\":[\"Probleemanalyse\"],\"links\":[{\"text\":\"DPIA
          vraag 4\"},{\"urn\":\"urn:nl:aivt:tr:aiia:1.0:1.3\"}],\"template\":{\"question\":\"$QUESTION\",\"answer\":\"$ANSWER\",\"remarks\":\"$REMARKS\",\"timestamp\":\"$TIMESTAMP\",\"authors\":[{\"name\":\"$AUTHOR.NAME\",\"email\":\"$AUTHOR.EMAIL\",\"role\":\"$AUTHOR.ROLE\"}]}},{\"question\":\"Wat
          zijn de publieke waarden die de inzet van het algoritme ingeven? Indien meerdere
          publieke waarden de inzet van het algoritme ingeven, kan daar een rangschikking
          in aangebracht worden?\",\"urn\":\"urn:nl:aivt:tr:iama:1.0:1.3.1\",\"labels\":[{\"key\":\"topic\",\"value\":\"Publieke
          waarden\"}],\"type\":[\"open_question\"],\"suggested_roles\":[\"Behoeftesteller\",\"Gemandateerd
          verantwoordelijke(n)\",\"Jurist\",\"Gebruiker\"],\"lifecycle\":[\"Probleemanalyse\"],\"links\":[],\"template\":{\"question\":\"$QUESTION\",\"answer\":\"$ANSWER\",\"remarks\":\"$REMARKS\",\"timestamp\":\"$TIMESTAMP\",\"authors\":[{\"name\":\"$AUTHOR.NAME\",\"email\":\"$AUTHOR.EMAIL\",\"role\":\"$AUTHOR.ROLE\"}]}},{\"question\":\"Wat
          zijn de publieke waarden die mogelijk in het gedrang komen door de inzet van
          het algoritme?\",\"urn\":\"urn:nl:aivt:tr:iama:1.0:1.3.2\",\"labels\":[{\"key\":\"topic\",\"value\":\"Publieke
          waarden\"}],\"type\":[\"open_question\"],\"suggested_roles\":[\"Behoeftesteller\",\"Gemandateerd
          verantwoordelijke(n)\",\"Jurist\",\"Gebruiker\"],\"lifecycle\":[\"Probleemanalyse\"],\"links\":[],\"template\":{\"question\":\"$QUESTION\",\"answer\":\"$ANSWER\",\"remarks\":\"$REMARKS\",\"timestamp\":\"$TIMESTAMP\",\"authors\":[{\"name\":\"$AUTHOR.NAME\",\"email\":\"$AUTHOR.EMAIL\",\"role\":\"$AUTHOR.ROLE\"}]}},{\"question\":\"Wat
          is de wettelijke grondslag van de inzet van dit algoritme en van de beoogde
          besluiten die genomen zullen worden op basis van dit algoritme?\",\"urn\":\"urn:nl:aivt:tr:iama:1.0:1.4.1\",\"labels\":[{\"key\":\"topic\",\"value\":\"Wettelijke
          grondslag\"}],\"type\":[\"open_question\"],\"suggested_roles\":[\"Behoeftesteller\",\"Gemandateerd
          verantwoordelijke(n)\",\"Jurist\"],\"lifecycle\":[\"Probleemanalyse\"],\"links\":[{\"text\":\"DPIA
          vraag 11\"},{\"text\":\"DPIA vraag 12\"},{\"urn\":\"urn:nl:aivt:tr:aiia:1.0:2.3\"}],\"template\":{\"question\":\"$QUESTION\",\"answer\":\"$ANSWER\",\"remarks\":\"$REMARKS\",\"timestamp\":\"$TIMESTAMP\",\"authors\":[{\"name\":\"$AUTHOR.NAME\",\"email\":\"$AUTHOR.EMAIL\",\"role\":\"$AUTHOR.ROLE\"}]}},{\"question\":\"Welke
          partijen en personen zijn er bij de ontwikkeling/het gebruik/het onderhoud
          van het algoritme betrokken?\",\"urn\":\"urn:nl:aivt:tr:iama:1.0:1.5.1\",\"labels\":[{\"key\":\"topic\",\"value\":\"Betrokkenen
          en verantwoordelijkheden\"}],\"type\":[\"open_question\"],\"suggested_roles\":[\"Behoeftesteller\",\"Gemandateerd
          verantwoordelijke(n)\",\"Projectleider\",\"Security officer\"],\"lifecycle\":[\"Probleemanalyse\",\"Ontwerp\"],\"links\":[{\"text\":\"DPIA
          vraag 5\"},{\"urn\":\"urn:nl:aivt:tr:aiia:1.0:1.5\"},{\"urn\":\"urn:nl:aivt:tr:aiia:1.0:1.6\"},{\"urn\":\"urn:nl:aivt:tr:aiia:1.0:1.7\"}],\"template\":{\"question\":\"$QUESTION\",\"answer\":\"$ANSWER\",\"remarks\":\"$REMARKS\",\"timestamp\":\"$TIMESTAMP\",\"authors\":[{\"name\":\"$AUTHOR.NAME\",\"email\":\"$AUTHOR.EMAIL\",\"role\":\"$AUTHOR.ROLE\"}]}},{\"question\":\"Hoe
          zijn de verantwoordelijkheden belegd ten aanzien van de ontwikkeling en de
          inzet van het algoritme, ook nadat het algoritme eenmaal is afgerond?\",\"urn\":\"urn:nl:aivt:tr:iama:1.0:1.5.2\",\"labels\":[{\"key\":\"topic\",\"value\":\"Betrokkenen
          en verantwoordelijkheden\"}],\"type\":[\"open_question\"],\"suggested_roles\":[\"Behoeftesteller\",\"Gemandateerd
          verantwoordelijke(n)\",\"Projectleider\",\"Security officer\"],\"lifecycle\":[\"Probleemanalyse\",\"Ontwerp\",\"Monitoring
          en beheer\"],\"links\":[{\"text\":\"DPIA vraag 5\"},{\"urn\":\"urn:nl:aivt:tr:aiia:1.0:1.6\"}],\"template\":{\"question\":\"$QUESTION\",\"answer\":\"$ANSWER\",\"remarks\":\"$REMARKS\",\"timestamp\":\"$TIMESTAMP\",\"authors\":[{\"name\":\"$AUTHOR.NAME\",\"email\":\"$AUTHOR.EMAIL\",\"role\":\"$AUTHOR.ROLE\"}]}},{\"question\":\"Wie
          is eindverantwoordelijk voor het algoritme?\",\"urn\":\"urn:nl:aivt:tr:iama:1.0:1.5.3\",\"labels\":[{\"key\":\"topic\",\"value\":\"Betrokkenen
          en verantwoordelijkheden\"}],\"type\":[\"open_question\"],\"suggested_roles\":[\"Behoeftesteller\",\"Gemandateerd
          verantwoordelijke(n)\",\"Projectleider\",\"Security officer\"],\"lifecycle\":[\"Probleemanalyse\",\"Monitoring
          en beheer\"],\"links\":[{\"text\":\"DPIA vraag 5\"},{\"urn\":\"urn:nl:aivt:tr:aiia:1.0:1.6\"}],\"template\":{\"question\":\"$QUESTION\",\"answer\":\"$ANSWER\",\"remarks\":\"$REMARKS\",\"timestamp\":\"$TIMESTAMP\",\"authors\":[{\"name\":\"$AUTHOR.NAME\",\"email\":\"$AUTHOR.EMAIL\",\"role\":\"$AUTHOR.ROLE\"}]}},{\"question\":\"Wat
          voor type algoritme wordt gebruikt, of wat voor type algoritme gaat ontwikkeld
          worden?\",\"urn\":\"urn:nl:aivt:tr:iama:1.0:2A.1.1\",\"labels\":[{\"key\":\"topic\",\"value\":\"Inschatting:
          type algoritme\"}],\"type\":[\"open_question\"],\"suggested_roles\":[\"Opdrachtgever\",\"Data
          scientist\",\"Data engineer\",\"Projectleider\"],\"lifecycle\":[\"Ontwerp\",\"Ontwikkelen\"],\"links\":[{\"text\":\"DPIA
          vraag 8\"},{\"urn\":\"urn:nl:aivt:tr:aiia:1.0:3.3\"}],\"template\":{\"question\":\"$QUESTION\",\"answer\":\"$ANSWER\",\"remarks\":\"$REMARKS\",\"timestamp\":\"$TIMESTAMP\",\"authors\":[{\"name\":\"$AUTHOR.NAME\",\"email\":\"$AUTHOR.EMAIL\",\"role\":\"$AUTHOR.ROLE\"}]}},{\"question\":\"Wat
          voor type data gaat gebruikt worden als input voor het algoritme en uit welke
          bronnen is de data afkomstig?\",\"urn\":\"urn:nl:aivt:tr:iama:1.0:2A.2.1\",\"labels\":[{\"key\":\"topic\",\"value\":\"Databronnen
          en kwaliteit\"}],\"type\":[\"open_question\"],\"suggested_roles\":[\"Opdrachtgever\",\"Data
          scientist\",\"Data engineer\"],\"lifecycle\":[\"Ontwerp\",\"Dataverkenning
          en datapreparatie\"],\"links\":[{\"text\":\"DPIA vraag 2\"},{\"urn\":\"urn:nl:aivt:tr:aiia:1.0:4.1.5\"}],\"template\":{\"question\":\"$QUESTION\",\"answer\":\"$ANSWER\",\"remarks\":\"$REMARKS\",\"timestamp\":\"$TIMESTAMP\",\"authors\":[{\"name\":\"$AUTHOR.NAME\",\"email\":\"$AUTHOR.EMAIL\",\"role\":\"$AUTHOR.ROLE\"}]}},{\"question\":\"Is
          de kwaliteit en betrouwbaarheid van de data voldoende voor de beoogde datatoepassing?
          Leg uit.\",\"urn\":\"urn:nl:aivt:tr:iama:1.0:2.A.2.2\",\"labels\":[{\"key\":\"topic\",\"value\":\"Databronnen
          en kwaliteit\"}],\"type\":[\"open_question\"],\"suggested_roles\":[\"Opdrachtgever\",\"Data
          scientist\",\"Data engineer\"],\"lifecycle\":[\"Dataverkenning en datapreparatie\"],\"links\":[{\"text\":\"DPIA
          vraag 16\"},{\"urn\":\"urn:nl:aivt:tr:aiia:1.0:3.1.1\"},{\"urn\":\"urn:nl:aivt:tr:aiia:1.0:4.1\"}],\"template\":{\"question\":\"$QUESTION\",\"answer\":\"$ANSWER\",\"remarks\":\"$REMARKS\",\"timestamp\":\"$TIMESTAMP\",\"authors\":[{\"name\":\"$AUTHOR.NAME\",\"email\":\"$AUTHOR.EMAIL\",\"role\":\"$AUTHOR.ROLE\"}]}},{\"question\":\"Welke
          aannames en bias liggen in de data besloten en hoe wordt de invloed daarvan
          op de output van het algoritme gecorrigeerd of anderszins ondervangen of gemitigeerd?\",\"urn\":\"urn:nl:aivt:tr:iama:1.0:2A.3.1\",\"labels\":[{\"key\":\"topic\",\"value\":\"Bias/aannames
          in de data\"}],\"type\":[\"open_question\"],\"suggested_roles\":[\"Opdrachtgever\",\"Data
          scientist\",\"Data engineer\"],\"lifecycle\":[\"Dataverkenning en datapreparatie\",\"Ontwikkelen\"],\"links\":[{\"text\":\"DPIA
          vraag 16\"},{\"urn\":\"urn:nl:aivt:tr:aiia:1.0:2.4\"},{\"urn\":\"urn:nl:aivt:tr:aiia:1.0:2.4.4\"}],\"template\":{\"question\":\"$QUESTION\",\"answer\":\"$ANSWER\",\"remarks\":\"$REMARKS\",\"timestamp\":\"$TIMESTAMP\",\"authors\":[{\"name\":\"$AUTHOR.NAME\",\"email\":\"$AUTHOR.EMAIL\",\"role\":\"$AUTHOR.ROLE\"}]}},{\"question\":\"Indien
          gebruik wordt gemaakt van trainingsdata: is de data representatief voor de
          context waarin het algoritme ingezet gaat worden?\",\"urn\":\"urn:nl:aivt:tr:iama:1.0:2A.3.2\",\"labels\":[{\"key\":\"topic\",\"value\":\"Bias/aannames
          in de data\"}],\"type\":[\"open_question\"],\"suggested_roles\":[\"Opdrachtgever\",\"Data
          scientist\",\"Data engineer\"],\"lifecycle\":[\"Dataverkenning en datapreparatie\",\"Ontwikkelen\"],\"links\":[{\"text\":\"DPIA
          vraag 16\"},{\"urn\":\"urn:nl:aivt:tr:aiia:1.0:2.4.1\"}],\"template\":{\"question\":\"$QUESTION\",\"answer\":\"$ANSWER\",\"remarks\":\"$REMARKS\",\"timestamp\":\"$TIMESTAMP\",\"authors\":[{\"name\":\"$AUTHOR.NAME\",\"email\":\"$AUTHOR.EMAIL\",\"role\":\"$AUTHOR.ROLE\"}]}},{\"question\":\"Is
          de data voldoende beveiligd? Maak hierin onderscheid tussen de inputdata en
          de outputdata.\",\"urn\":\"urn:nl:aivt:tr:iama:1.0:2A.4.1\",\"labels\":[{\"key\":\"topic\",\"value\":\"Beveiliging
          en archivering\"}],\"type\":[\"open_question\"],\"suggested_roles\":[\"Opdrachtgever\",\"Data
          scientist\",\"Data engineer\"],\"lifecycle\":[\"Dataverkenning en datapreparatie\",\"Ontwikkelen\"],\"links\":[{\"text\":\"DPIA
          vraag 17\"},{\"urn\":\"urn:nl:aivt:tr:aiia:1.0:4.2.3\"},{\"urn\":\"urn:nl:aivt:tr:aiia:1.0:5.3\"}],\"template\":{\"question\":\"$QUESTION\",\"answer\":\"$ANSWER\",\"remarks\":\"$REMARKS\",\"timestamp\":\"$TIMESTAMP\",\"authors\":[{\"name\":\"$AUTHOR.NAME\",\"email\":\"$AUTHOR.EMAIL\",\"role\":\"$AUTHOR.ROLE\"}]}},{\"question\":\"Is
          er controle op de toegang tot de data? Maak hierin onderscheid tussen de inputdata
          en de outputdata.\",\"urn\":\"urn:nl:aivt:tr:iama:1.0:2A.4.2\",\"labels\":[{\"key\":\"topic\",\"value\":\"Beveiliging
          en archivering\"}],\"type\":[\"open_question\"],\"suggested_roles\":[\"Opdrachtgever\",\"Data
          scientist\",\"Data engineer\"],\"lifecycle\":[\"Dataverkenning en datapreparatie\",\"Ontwikkelen\"],\"links\":[{\"text\":\"DPIA
          vraag 17\"},{\"urn\":\"urn:nl:aivt:tr:aiia:1.0:5.1.1\"}],\"template\":{\"question\":\"$QUESTION\",\"answer\":\"$ANSWER\",\"remarks\":\"$REMARKS\",\"timestamp\":\"$TIMESTAMP\",\"authors\":[{\"name\":\"$AUTHOR.NAME\",\"email\":\"$AUTHOR.EMAIL\",\"role\":\"$AUTHOR.ROLE\"}]}},{\"question\":\"Hoe
          worden relevante regels over archivering in acht genomen, zoals die in de
          Archiefwet zijn vastgelegd?\",\"urn\":\"urn:nl:aivt:tr:iama:1.0:2A.4.3\",\"labels\":[{\"key\":\"topic\",\"value\":\"Beveiliging
          en archivering\"}],\"type\":[\"open_question\"],\"suggested_roles\":[\"Opdrachtgever\",\"Data
          scientist\",\"Data engineer\"],\"lifecycle\":[\"Dataverkenning en datapreparatie\"],\"links\":[{\"text\":\"DPIA
          vraag 10\"},{\"urn\":\"urn:nl:aivt:tr:aiia:1.0:6.5.1\"},{\"urn\":\"urn:nl:aivt:tr:aiia:1.0:6.5.2\"},{\"urn\":\"urn:nl:aivt:tr:aiia:1.0:6.5.3\"},{\"urn\":\"urn:nl:aivt:tr:aiia:1.0:6.5.5\"}],\"template\":{\"question\":\"$QUESTION\",\"answer\":\"$ANSWER\",\"remarks\":\"$REMARKS\",\"timestamp\":\"$TIMESTAMP\",\"authors\":[{\"name\":\"$AUTHOR.NAME\",\"email\":\"$AUTHOR.EMAIL\",\"role\":\"$AUTHOR.ROLE\"}]}},{\"question\":\"Type
          algoritme: wat voor soort algoritme wordt gebruikt of gaat worden gebruikt?
          Hoe werkt het? Onderscheid tussen: A) Een niet-zelflerend algoritme, waarin
          de mens de regels specificeert die de computer moet volgen, B) Een zelflerend
          algoritme, waarin de machine zelf leert over de patronen in de data (machine
          learning)\",\"urn\":\"urn:nl:aivt:tr:iama:1.0:2B.1.1\",\"labels\":[{\"key\":\"topic\",\"value\":\"Type
          algoritme\"}],\"type\":[\"open_question\"],\"suggested_roles\":[\"Data scientist\",\"Projectleider\",\"Opdrachtgever\"],\"lifecycle\":[\"Ontwerp\",\"Ontwikkelen\"],\"links\":[{\"text\":\"DPIA
          vraag 8\"},{\"urn\":\"urn:nl:aivt:tr:aiia:1.0:3.3\"}],\"template\":{\"question\":\"$QUESTION\",\"answer\":\"$ANSWER\",\"remarks\":\"$REMARKS\",\"timestamp\":\"$TIMESTAMP\",\"authors\":[{\"name\":\"$AUTHOR.NAME\",\"email\":\"$AUTHOR.EMAIL\",\"role\":\"$AUTHOR.ROLE\"}]}},{\"question\":\"Waarom
          wordt voor dit type algoritme gekozen?\",\"urn\":\"urn:nl:aivt:tr:iama:1.0:2B.1.2\",\"labels\":[{\"key\":\"topic\",\"value\":\"Type
          algoritme\"}],\"type\":[\"open_question\"],\"suggested_roles\":[\"Data scientist\",\"Projectleider\",\"Opdrachtgever\"],\"lifecycle\":[\"Ontwerp\",\"Ontwikkelen\"],\"links\":[{\"text\":\"DPIA
          vraag 8\"},{\"urn\":\"urn:nl:aivt:tr:aiia:1.0:1.2\"}],\"template\":{\"question\":\"$QUESTION\",\"answer\":\"$ANSWER\",\"remarks\":\"$REMARKS\",\"timestamp\":\"$TIMESTAMP\",\"authors\":[{\"name\":\"$AUTHOR.NAME\",\"email\":\"$AUTHOR.EMAIL\",\"role\":\"$AUTHOR.ROLE\"}]}},{\"question\":\"Waarom
          is dit type algoritme het meest geschikt om de bij vraag 1.2 geformuleerde
          doelstellingen te bereiken?\",\"urn\":\"urn:nl:aivt:tr:iama:1.0:2B.1.3\",\"labels\":[{\"key\":\"topic\",\"value\":\"Type
          algoritme\"}],\"type\":[\"open_question\"],\"suggested_roles\":[\"Data scientist\",\"Projectleider\",\"Opdrachtgever\"],\"lifecycle\":[\"Ontwerp\",\"Ontwikkelen\"],\"links\":[{\"text\":\"DPIA
          vraag 8\"},{\"urn\":\"urn:nl:aivt:tr:aiia:1.0:1.2\"}],\"template\":{\"question\":\"$QUESTION\",\"answer\":\"$ANSWER\",\"remarks\":\"$REMARKS\",\"timestamp\":\"$TIMESTAMP\",\"authors\":[{\"name\":\"$AUTHOR.NAME\",\"email\":\"$AUTHOR.EMAIL\",\"role\":\"$AUTHOR.ROLE\"}]}},{\"question\":\"Welke
          alternatieven zijn er en waarom zijn die minder passend of bruikbaar?\",\"urn\":\"urn:nl:aivt:tr:iama:1.0:2B.1.4\",\"labels\":[{\"key\":\"topic\",\"value\":\"Type
          algoritme\"}],\"type\":[\"open_question\"],\"suggested_roles\":[\"Data scientist\",\"Projectleider\",\"Opdrachtgever\"],\"lifecycle\":[\"Ontwerp\"],\"links\":[{\"text\":\"DPIA
          vraag 8\"},{\"urn\":\"urn:nl:aivt:tr:aiia:1.0:3.1.6\"},{\"urn\":\"urn:nl:aivt:tr:aiia:1.0:5.1.5\"}],\"template\":{\"question\":\"$QUESTION\",\"answer\":\"$ANSWER\",\"remarks\":\"$REMARKS\",\"timestamp\":\"$TIMESTAMP\",\"authors\":[{\"name\":\"$AUTHOR.NAME\",\"email\":\"$AUTHOR.EMAIL\",\"role\":\"$AUTHOR.ROLE\"}]}},{\"question\":\"Indien
          het algoritme is ontwikkeld door een externe partij: zijn er heldere afspraken
          gemaakt over eigenaarschap en beheer van het algoritme? Wat zijn die afspraken?\",\"urn\":\"urn:nl:aivt:tr:iama:1.0:2B.2.1\",\"labels\":[{\"key\":\"topic\",\"value\":\"Eigenaarschap
          en controle\"}],\"type\":[\"open_question\"],\"suggested_roles\":[\"Opdrachtgever\",\"Projectleider\",\"Jurist\"],\"lifecycle\":[\"Ontwerp\",\"Monitoring
          en beheer\"],\"links\":[{\"text\":\"DPIA vraag 5\"},{\"urn\":\"urn:nl:aivt:tr:aiia:1.0:1.6\"},{\"urn\":\"urn:nl:aivt:tr:aiia:1.0:3.5.3\"}],\"template\":{\"question\":\"$QUESTION\",\"answer\":\"$ANSWER\",\"remarks\":\"$REMARKS\",\"timestamp\":\"$TIMESTAMP\",\"authors\":[{\"name\":\"$AUTHOR.NAME\",\"email\":\"$AUTHOR.EMAIL\",\"role\":\"$AUTHOR.ROLE\"}]}},{\"question\":\"Wat
          is de accuraatheid van het algoritme, en op basis van welke evaluatiecriteria
          is deze accuraatheid bepaald?\",\"urn\":\"urn:nl:aivt:tr:iama:1.0:2B.3.1\",\"labels\":[{\"key\":\"topic\",\"value\":\"Accuraatheid
          algoritme\"}],\"type\":[\"open_question\"],\"suggested_roles\":[\"Data scientist\",\"Opdrachtgever\",\"Domeinspecialist\"],\"lifecycle\":[\"Verificatie
          en validatie\"],\"links\":[{\"text\":\"DPIA vraag 16\"},{\"urn\":\"urn:nl:aivt:tr:aiia:1.0:3.1\"},{\"urn\":\"urn:nl:aivt:tr:aiia:1.0:3.1.3\"}],\"template\":{\"question\":\"$QUESTION\",\"answer\":\"$ANSWER\",\"remarks\":\"$REMARKS\",\"timestamp\":\"$TIMESTAMP\",\"authors\":[{\"name\":\"$AUTHOR.NAME\",\"email\":\"$AUTHOR.EMAIL\",\"role\":\"$AUTHOR.ROLE\"}]}},{\"question\":\"Is
          de mate van accuraatheid (vraag 2B.3.1) acceptabel voor de manier waarop het
          algoritme ingezet zal worden?\",\"urn\":\"urn:nl:aivt:tr:iama:1.0:2B.3.2\",\"labels\":[{\"key\":\"topic\",\"value\":\"Accuraatheid
          algoritme\"}],\"type\":[\"open_question\"],\"suggested_roles\":[\"Data scientist\",\"Opdrachtgever\",\"Domeinspecialist\"],\"lifecycle\":[\"Verificatie
          en validatie\"],\"links\":[{\"text\":\"DPIA vraag 16\"}],\"template\":{\"question\":\"$QUESTION\",\"answer\":\"$ANSWER\",\"remarks\":\"$REMARKS\",\"timestamp\":\"$TIMESTAMP\",\"authors\":[{\"name\":\"$AUTHOR.NAME\",\"email\":\"$AUTHOR.EMAIL\",\"role\":\"$AUTHOR.ROLE\"}]}},{\"question\":\"Hoe
          wordt het algoritme getest?\",\"urn\":\"urn:nl:aivt:tr:iama:1.0:2B.3.3\",\"labels\":[{\"key\":\"topic\",\"value\":\"Accuraatheid
          algoritme\"}],\"type\":[\"open_question\"],\"suggested_roles\":[\"Data scientist\",\"Opdrachtgever\",\"Domeinspecialist\"],\"lifecycle\":[\"Verificatie
          en validatie\",\"Implementatie\"],\"links\":[{\"text\":\"DPIA vraag 16\"},{\"urn\":\"urn:nl:aivt:tr:aiia:1.0:3.1.4\"}],\"template\":{\"question\":\"$QUESTION\",\"answer\":\"$ANSWER\",\"remarks\":\"$REMARKS\",\"timestamp\":\"$TIMESTAMP\",\"authors\":[{\"name\":\"$AUTHOR.NAME\",\"email\":\"$AUTHOR.EMAIL\",\"role\":\"$AUTHOR.ROLE\"}]}},{\"question\":\"Welke
          maatregelen kunnen worden getroffen om de risicos van reproductie of zelfs
          versterking van biases tegen te gaan (bijv. andere sampling- strategie, feature
          modification, ...)?\",\"urn\":\"urn:nl:aivt:tr:iama:1.0:2B.3.4\",\"labels\":[{\"key\":\"topic\",\"value\":\"Accuraatheid
          algoritme\"}],\"type\":[\"open_question\"],\"suggested_roles\":[\"Data scientist\",\"Opdrachtgever\",\"Domeinspecialist\"],\"lifecycle\":[\"Ontwikkelen\",\"Verificatie
          en validatie\"],\"links\":[{\"text\":\"DPIA vraag 16\"},{\"urn\":\"urn:nl:aivt:tr:aiia:1.0:2.4.4\"}],\"template\":{\"question\":\"$QUESTION\",\"answer\":\"$ANSWER\",\"remarks\":\"$REMARKS\",\"timestamp\":\"$TIMESTAMP\",\"authors\":[{\"name\":\"$AUTHOR.NAME\",\"email\":\"$AUTHOR.EMAIL\",\"role\":\"$AUTHOR.ROLE\"}]}},{\"question\":\"Welke
          aannames liggen ten grondslag aan de selectie en weging van de indicatoren?
          Zijn die aannames terecht? Waarom wel/niet?\",\"urn\":\"urn:nl:aivt:tr:iama:1.0:2B.3.5\",\"labels\":[{\"key\":\"topic\",\"value\":\"Accuraatheid
          algoritme\"}],\"type\":[\"open_question\"],\"suggested_roles\":[\"Data scientist\",\"Opdrachtgever\",\"Domeinspecialist\"],\"lifecycle\":[\"Ontwikkelen\"],\"links\":[{\"text\":\"DPIA
          vraag 16\"},{\"urn\":\"urn:nl:aivt:tr:aiia:1.0:2.4.3\"}],\"template\":{\"question\":\"$QUESTION\",\"answer\":\"$ANSWER\",\"remarks\":\"$REMARKS\",\"timestamp\":\"$TIMESTAMP\",\"authors\":[{\"name\":\"$AUTHOR.NAME\",\"email\":\"$AUTHOR.EMAIL\",\"role\":\"$AUTHOR.ROLE\"}]}},{\"question\":\"Hoe
          vaak/erg zit het algoritme ernaast? (bijv. in termen van aantal false positives,
          false negatives, R-squared, ...)\",\"urn\":\"urn:nl:aivt:tr:iama:1.0:2B.3.6\",\"labels\":[{\"key\":\"topic\",\"value\":\"Accuraatheid
          algoritme\"}],\"type\":[\"open_question\"],\"suggested_roles\":[\"Data scientist\",\"Opdrachtgever\",\"Domeinspecialist\"],\"lifecycle\":[\"Verificatie
          en validatie\"],\"links\":[{\"text\":\"DPIA vraag 16\"},{\"urn\":\"urn:nl:aivt:tr:aiia:1.0:3.2\"}],\"template\":{\"question\":\"$QUESTION\",\"answer\":\"$ANSWER\",\"remarks\":\"$REMARKS\",\"timestamp\":\"$TIMESTAMP\",\"authors\":[{\"name\":\"$AUTHOR.NAME\",\"email\":\"$AUTHOR.EMAIL\",\"role\":\"$AUTHOR.ROLE\"}]}},{\"question\":\"Is
          het duidelijk wat het algoritme doet, hoe het dit doet, en op basis waarvan
          (welke data) het dit doet? Leg uit.\",\"urn\":\"urn:nl:aivt:tr:iama:1.0:2B.4.1\",\"labels\":[{\"key\":\"topic\",\"value\":\"Transparantie
          en uitlegbaarheid\"}],\"type\":[\"open_question\"],\"suggested_roles\":[\"Projectleider\",\"Data
          scientist\",\"Opdrachtgever\",\"Communicatieadviseur\",\"Jurist\",\"Ethicus\"],\"lifecycle\":[\"Ontwikkelen\",\"Verificatie
          en validatie\"],\"links\":[{\"text\":\"DPIA vraag 15\"},{\"urn\":\"urn:nl:aivt:tr:aiia:1.0:3.5\"},{\"urn\":\"urn:nl:aivt:tr:aiia:1.0:3.5.1\"}],\"template\":{\"question\":\"$QUESTION\",\"answer\":\"$ANSWER\",\"remarks\":\"$REMARKS\",\"timestamp\":\"$TIMESTAMP\",\"authors\":[{\"name\":\"$AUTHOR.NAME\",\"email\":\"$AUTHOR.EMAIL\",\"role\":\"$AUTHOR.ROLE\"}]}},{\"question\":\"Voor
          welke personen en groepen binnen en buiten de eigen organisatie wordt de werking
          van het algoritme transparant gemaakt en hoe gebeurt dit?\",\"urn\":\"urn:nl:aivt:tr:iama:1.0:2B.4.2\",\"labels\":[{\"key\":\"topic\",\"value\":\"Transparantie
          en uitlegbaarheid\"}],\"type\":[\"open_question\"],\"suggested_roles\":[\"Projectleider\",\"Data
          scientist\",\"Opdrachtgever\",\"Communicatieadviseur\",\"Jurist\",\"Ethicus\"],\"lifecycle\":[\"Ontwerp\",\"Ontwikkelen\",\"Verificatie
          en validatie\",\"Monitoring en beheer\"],\"links\":[{\"text\":\"DPIA vraag
          15\"},{\"urn\":\"urn:nl:aivt:tr:aiia:1.0:3.5.2\"}],\"template\":{\"question\":\"$QUESTION\",\"answer\":\"$ANSWER\",\"remarks\":\"$REMARKS\",\"timestamp\":\"$TIMESTAMP\",\"authors\":[{\"name\":\"$AUTHOR.NAME\",\"email\":\"$AUTHOR.EMAIL\",\"role\":\"$AUTHOR.ROLE\"}]}},{\"question\":\"Voor
          welke doelgroepen moet het algoritme uitlegbaar zijn?\",\"urn\":\"urn:nl:aivt:tr:iama:1.0:2B.4.3\",\"labels\":[{\"key\":\"topic\",\"value\":\"Transparantie
          en uitlegbaarheid\"}],\"type\":[\"open_question\"],\"suggested_roles\":[\"Projectleider\",\"Data
          scientist\",\"Opdrachtgever\",\"Communicatieadviseur\",\"Jurist\",\"Ethicus\"],\"lifecycle\":[\"Ontwerp\",\"Ontwikkelen\"],\"links\":[{\"text\":\"DPIA
          vraag 15\"}],\"template\":{\"question\":\"$QUESTION\",\"answer\":\"$ANSWER\",\"remarks\":\"$REMARKS\",\"timestamp\":\"$TIMESTAMP\",\"authors\":[{\"name\":\"$AUTHOR.NAME\",\"email\":\"$AUTHOR.EMAIL\",\"role\":\"$AUTHOR.ROLE\"}]}},{\"question\":\"Kan
          de werking van het algoritme voor de bij vraag 2B.4.3 ge\xEFdentificeerde
          doelgroepen op een voldoende begrijpelijke manier worden uitgelegd?\",\"urn\":\"urn:nl:aivt:tr:iama:1.0:2B.4.4\",\"labels\":[{\"key\":\"topic\",\"value\":\"Transparantie
          en uitlegbaarheid\"}],\"type\":[\"open_question\"],\"suggested_roles\":[\"Projectleider\",\"Data
          scientist\",\"Opdrachtgever\",\"Communicatieadviseur\",\"Jurist\",\"Ethicus\"],\"lifecycle\":[\"Ontwikkelen\",\"Verificatie
          en validatie\"],\"links\":[{\"text\":\"DPIA vraag 15\"},{\"urn\":\"urn:nl:aivt:tr:aiia:1.0:6.2.4\"}],\"template\":{\"question\":\"$QUESTION\",\"answer\":\"$ANSWER\",\"remarks\":\"$REMARKS\",\"timestamp\":\"$TIMESTAMP\",\"authors\":[{\"name\":\"$AUTHOR.NAME\",\"email\":\"$AUTHOR.EMAIL\",\"role\":\"$AUTHOR.ROLE\"}]}},{\"question\":\"Wat
          gebeurt er met de uitkomsten van het algoritme? Welke beslissingen worden
          daarop gebaseerd?\",\"urn\":\"urn:nl:aivt:tr:iama:1.0:3.1.1\",\"labels\":[{\"key\":\"topic\",\"value\":\"Beslissingen
          op basis van output algoritme\"}],\"type\":[\"open_question\"],\"suggested_roles\":[\"Projectleider\",\"Domeinspecialist\",\"Security
          officer\",\"Ethicus\",\"Jurist\",\"Opdrachtgever\"],\"lifecycle\":[\"Ontwerp\",\"Implementatie\",\"Monitoring
          en beheer\"],\"links\":[],\"template\":{\"question\":\"$QUESTION\",\"answer\":\"$ANSWER\",\"remarks\":\"$REMARKS\",\"timestamp\":\"$TIMESTAMP\",\"authors\":[{\"name\":\"$AUTHOR.NAME\",\"email\":\"$AUTHOR.EMAIL\",\"role\":\"$AUTHOR.ROLE\"}]}},{\"question\":\"Welke
          rol spelen mensen bij het nemen van beslissingen op basis van de output van
          het algoritme ('human in the loop') en hoe worden zij in staat gesteld om
          die rol te spelen?\",\"urn\":\"urn:nl:aivt:tr:iama:1.0:3.2.1\",\"labels\":[{\"key\":\"topic\",\"value\":\"De
          rol van de mens in de beslissing\"}],\"type\":[\"open_question\"],\"suggested_roles\":[\"Projectleider\",\"Data
          scientist\",\"Ethicus\"],\"lifecycle\":[\"Ontwerp\",\"Implementatie\",\"Monitoring
          en beheer\"],\"links\":[{\"urn\":\"urn:nl:aivt:tr:aiia:1.0:6.3\"},{\"urn\":\"urn:nl:aivt:tr:aiia:1.0:6.4\"}],\"template\":{\"question\":\"$QUESTION\",\"answer\":\"$ANSWER\",\"remarks\":\"$REMARKS\",\"timestamp\":\"$TIMESTAMP\",\"authors\":[{\"name\":\"$AUTHOR.NAME\",\"email\":\"$AUTHOR.EMAIL\",\"role\":\"$AUTHOR.ROLE\"}]}},{\"question\":\"Is
          er nu en in de toekomst voldoende gekwalificeerd personeel aanwezig om het
          algoritme te beheren, te herzien en aan te passen indien gewenst/nodig?\",\"urn\":\"urn:nl:aivt:tr:iama:1.0:3.2.2\",\"labels\":[{\"key\":\"topic\",\"value\":\"De
          rol van de mens in de beslissing\"}],\"type\":[\"open_question\"],\"suggested_roles\":[\"Projectleider\",\"Data
          scientist\",\"Ethicus\"],\"lifecycle\":[\"Ontwerp\",\"Implementatie\",\"Monitoring
          en beheer\"],\"links\":[{\"urn\":\"urn:nl:aivt:tr:aiia:1.0:3.5.3\"}],\"template\":{\"question\":\"$QUESTION\",\"answer\":\"$ANSWER\",\"remarks\":\"$REMARKS\",\"timestamp\":\"$TIMESTAMP\",\"authors\":[{\"name\":\"$AUTHOR.NAME\",\"email\":\"$AUTHOR.EMAIL\",\"role\":\"$AUTHOR.ROLE\"}]}},{\"question\":\"Wat
          zullen de effecten zijn van de inzet van het algoritme voor burgers en hoe
          wordt rekening gehouden met de 'menselijke maat' bij het nemen van beslissingen
          op basis van de output van het algoritme?\",\"urn\":\"urn:nl:aivt:tr:iama:1.0:3.3.1\",\"labels\":[{\"key\":\"topic\",\"value\":\"Effecten
          van het algoritme\"}],\"type\":[\"open_question\"],\"suggested_roles\":[\"Projectleider\",\"Data
          scientist\",\"Ethicus\",\"Opdrachtgever\",\"Gebruiker\"],\"lifecycle\":[\"Probleemanalyse\",\"Ontwerp\",\"Implementatie\",\"Monitoring
          en beheer\"],\"links\":[{\"text\":\"DPIA vraag 16\"},{\"urn\":\"urn:nl:aivt:tr:aiia:1.0:2.1\"}],\"template\":{\"question\":\"$QUESTION\",\"answer\":\"$ANSWER\",\"remarks\":\"$REMARKS\",\"timestamp\":\"$TIMESTAMP\",\"authors\":[{\"name\":\"$AUTHOR.NAME\",\"email\":\"$AUTHOR.EMAIL\",\"role\":\"$AUTHOR.ROLE\"}]}},{\"question\":\"Welke
          risico's voor stigmatiserende, discriminerende of anderszins schadelijke of
          nadelige effecten zijn er voor de burger en hoe zullen die worden bestreden
          of gemitigeerd?\",\"urn\":\"urn:nl:aivt:tr:iama:1.0:3.3.2\",\"labels\":[{\"key\":\"topic\",\"value\":\"Effecten
          van het algoritme\"}],\"type\":[\"open_question\"],\"suggested_roles\":[\"Projectleider\",\"Data
          scientist\",\"Ethicus\",\"Opdrachtgever\",\"Gebruiker\"],\"lifecycle\":[\"Probleemanalyse\",\"Ontwerp\",\"Ontwikkelen\",\"Implementatie\"],\"links\":[{\"text\":\"DPIA
          vraag 16\"},{\"text\":\"DPIA vraag 17\"},{\"urn\":\"urn:nl:aivt:tr:aiia:1.0:2.1\"}],\"template\":{\"question\":\"$QUESTION\",\"answer\":\"$ANSWER\",\"remarks\":\"$REMARKS\",\"timestamp\":\"$TIMESTAMP\",\"authors\":[{\"name\":\"$AUTHOR.NAME\",\"email\":\"$AUTHOR.EMAIL\",\"role\":\"$AUTHOR.ROLE\"}]}},{\"question\":\"Hoe
          zullen de verwachte effecten bijdragen aan de oplossing van het probleem dat
          de aanleiding is voor de ontwikkeling/inzet van het algoritme (zie vraag 1.1)
          en het bereiken van de daarbij gestelde doelen (zie vraag 1.2)?\",\"urn\":\"urn:nl:aivt:tr:iama:1.0:3.3.3\",\"labels\":[{\"key\":\"topic\",\"value\":\"Effecten
          van het algoritme\"}],\"type\":[\"open_question\"],\"suggested_roles\":[\"Projectleider\",\"Data
          scientist\",\"Ethicus\",\"Opdrachtgever\",\"Gebruiker\"],\"lifecycle\":[\"Probleemanalyse\"],\"links\":[],\"template\":{\"question\":\"$QUESTION\",\"answer\":\"$ANSWER\",\"remarks\":\"$REMARKS\",\"timestamp\":\"$TIMESTAMP\",\"authors\":[{\"name\":\"$AUTHOR.NAME\",\"email\":\"$AUTHOR.EMAIL\",\"role\":\"$AUTHOR.ROLE\"}]}},{\"question\":\"Hoe
          verhouden de verwachte effecten zich tot de waarden die worden gediend (zie
          vraag 1.3)? Welke risico's zijn er dat bepaalde waarden onder druk komen te
          staan en hoe wordt daarmee dan omgegaan?\",\"urn\":\"urn:nl:aivt:tr:iama:1.0:3.3.4\",\"labels\":[{\"key\":\"topic\",\"value\":\"Effecten
          van het algoritme\"}],\"type\":[\"open_question\"],\"suggested_roles\":[\"Projectleider\",\"Data
          scientist\",\"Ethicus\",\"Opdrachtgever\",\"Gebruiker\"],\"lifecycle\":[\"Probleemanalyse\"],\"links\":[{\"urn\":\"urn:nl:aivt:tr:aiia:1.0:2.2\"}],\"template\":{\"question\":\"$QUESTION\",\"answer\":\"$ANSWER\",\"remarks\":\"$REMARKS\",\"timestamp\":\"$TIMESTAMP\",\"authors\":[{\"name\":\"$AUTHOR.NAME\",\"email\":\"$AUTHOR.EMAIL\",\"role\":\"$AUTHOR.ROLE\"}]}},{\"question\":\"Via
          welke procedures zullen beslissingen op basis van het algoritme worden genomen?\",\"urn\":\"urn:nl:aivt:tr:iama:1.0:3.4.1\",\"labels\":[{\"key\":\"topic\",\"value\":\"Procedures\"}],\"type\":[\"open_question\"],\"suggested_roles\":[\"Projectleider\",\"Data
          scientist\",\"Ethicus\",\"Jurist\"],\"lifecycle\":[\"Ontwerp\",\"Implementatie\",\"Monitoring
          en beheer\"],\"links\":[],\"template\":{\"question\":\"$QUESTION\",\"answer\":\"$ANSWER\",\"remarks\":\"$REMARKS\",\"timestamp\":\"$TIMESTAMP\",\"authors\":[{\"name\":\"$AUTHOR.NAME\",\"email\":\"$AUTHOR.EMAIL\",\"role\":\"$AUTHOR.ROLE\"}]}},{\"question\":\"Hoe
          worden verschillende relevante actoren (bestuurlijke en politiek verantwoordelijken,
          burgers) bij de besluitvorming betrokken?\",\"urn\":\"urn:nl:aivt:tr:iama:1.0:3.4.2\",\"labels\":[{\"key\":\"topic\",\"value\":\"Procedures\"}],\"type\":[\"open_question\"],\"suggested_roles\":[\"Projectleider\",\"Data
          scientist\",\"Ethicus\",\"Jurist\"],\"lifecycle\":[\"Ontwerp\",\"Implementatie\",\"Monitoring
          en beheer\"],\"links\":[],\"template\":{\"question\":\"$QUESTION\",\"answer\":\"$ANSWER\",\"remarks\":\"$REMARKS\",\"timestamp\":\"$TIMESTAMP\",\"authors\":[{\"name\":\"$AUTHOR.NAME\",\"email\":\"$AUTHOR.EMAIL\",\"role\":\"$AUTHOR.ROLE\"}]}},{\"question\":\"Hoe
          wordt gegarandeerd dat in deze procedures wordt voldaan aan de eisen van goed
          en behoorlijk bestuur en - waar nodig - rechtsbescherming? Hebben burgers
          een effectieve mogelijkheid om een klacht in te dienen of bezwaar te maken?
          Zo ja, op welke manier?\",\"urn\":\"urn:nl:aivt:tr:iama:1.0:3.4.3\",\"labels\":[{\"key\":\"topic\",\"value\":\"Procedures\"}],\"type\":[\"open_question\"],\"suggested_roles\":[\"Projectleider\",\"Data
          scientist\",\"Ethicus\",\"Jurist\"],\"lifecycle\":[\"Ontwerp\",\"Implementatie\",\"Monitoring
          en beheer\"],\"links\":[{\"urn\":\"urn:nl:aivt:tr:aiia:1.0:6.2\"}],\"template\":{\"question\":\"$QUESTION\",\"answer\":\"$ANSWER\",\"remarks\":\"$REMARKS\",\"timestamp\":\"$TIMESTAMP\",\"authors\":[{\"name\":\"$AUTHOR.NAME\",\"email\":\"$AUTHOR.EMAIL\",\"role\":\"$AUTHOR.ROLE\"}]}},{\"question\":\"Tijd/periode:
          wanneer gaat het algoritme ingezet worden? Hoe lang is de periode dat het
          ingezet wordt?\",\"urn\":\"urn:nl:aivt:tr:iama:1.0:3.5.1\",\"labels\":[{\"key\":\"topic\",\"value\":\"Context\"}],\"type\":[\"open_question\"],\"suggested_roles\":[\"Projectleider\",\"Data
          scientist\",\"Ethicus\"],\"lifecycle\":[\"Ontwerp\",\"Implementatie\",\"Monitoring
          en beheer\"],\"links\":[],\"template\":{\"question\":\"$QUESTION\",\"answer\":\"$ANSWER\",\"remarks\":\"$REMARKS\",\"timestamp\":\"$TIMESTAMP\",\"authors\":[{\"name\":\"$AUTHOR.NAME\",\"email\":\"$AUTHOR.EMAIL\",\"role\":\"$AUTHOR.ROLE\"}]}},{\"question\":\"Plaats:
          waar vindt inzet van het algoritme plaats? Is dat in een bepaald geografisch
          gebied, is dat bij een bepaalde groep personen of dossiers?\",\"urn\":\"urn:nl:aivt:tr:iama:1.0:3.5.2\",\"labels\":[{\"key\":\"topic\",\"value\":\"Context\"}],\"type\":[\"open_question\"],\"suggested_roles\":[\"Projectleider\",\"Data
          scientist\",\"Ethicus\"],\"lifecycle\":[\"Ontwerp\",\"Implementatie\",\"Monitoring
          en beheer\"],\"links\":[],\"template\":{\"question\":\"$QUESTION\",\"answer\":\"$ANSWER\",\"remarks\":\"$REMARKS\",\"timestamp\":\"$TIMESTAMP\",\"authors\":[{\"name\":\"$AUTHOR.NAME\",\"email\":\"$AUTHOR.EMAIL\",\"role\":\"$AUTHOR.ROLE\"}]}},{\"question\":\"Kan
          het algoritme ook nog worden ingezet als contextfactoren veranderen of als
          het algoritme gebruikt wordt in een andere context dan waarvoor het is ontwikkeld?\",\"urn\":\"urn:nl:aivt:tr:iama:1.0:3.5.3\",\"labels\":[{\"key\":\"topic\",\"value\":\"Context\"}],\"type\":[\"open_question\"],\"suggested_roles\":[\"Projectleider\",\"Data
          scientist\",\"Ethicus\"],\"lifecycle\":[\"Ontwerp\",\"Implementatie\",\"Monitoring
          en beheer\"],\"links\":[],\"template\":{\"question\":\"$QUESTION\",\"answer\":\"$ANSWER\",\"remarks\":\"$REMARKS\",\"timestamp\":\"$TIMESTAMP\",\"authors\":[{\"name\":\"$AUTHOR.NAME\",\"email\":\"$AUTHOR.EMAIL\",\"role\":\"$AUTHOR.ROLE\"}]}},{\"question\":\"Hoe
          open kunt u zijn over de werking van het algoritme in het licht van de doelstellingen
          en context van de inzet ervan?\",\"urn\":\"urn:nl:aivt:tr:iama:1.0:3.6.1\",\"labels\":[{\"key\":\"topic\",\"value\":\"Communicatie\"}],\"type\":[\"open_question\"],\"suggested_roles\":[\"Projectleider\",\"Behoeftesteller\",\"Gemandateerd
          verantwoordelijke(n)\",\"Ethicus\"],\"lifecycle\":[\"Ontwerp\",\"Implementatie\",\"Monitoring
          en beheer\"],\"links\":[{\"text\":\"DPIA vraag 15\"},{\"urn\":\"urn:nl:aivt:tr:aiia:1.0:6.1\"}],\"template\":{\"question\":\"$QUESTION\",\"answer\":\"$ANSWER\",\"remarks\":\"$REMARKS\",\"timestamp\":\"$TIMESTAMP\",\"authors\":[{\"name\":\"$AUTHOR.NAME\",\"email\":\"$AUTHOR.EMAIL\",\"role\":\"$AUTHOR.ROLE\"}]}},{\"question\":\"Op
          welke manier beoogt u te communiceren over de inzet van het algoritme?\",\"urn\":\"urn:nl:aivt:tr:iama:1.0:3.6.2\",\"labels\":[{\"key\":\"topic\",\"value\":\"Communicatie\"}],\"type\":[\"open_question\"],\"suggested_roles\":[\"Projectleider\",\"Behoeftesteller\",\"Gemandateerd
          verantwoordelijke(n)\",\"Ethicus\"],\"lifecycle\":[\"Ontwerp\",\"Implementatie\",\"Monitoring
          en beheer\"],\"links\":[{\"text\":\"DPIA vraag 15\"},{\"urn\":\"urn:nl:aivt:tr:aiia:1.0:6.2.1\"}],\"template\":{\"question\":\"$QUESTION\",\"answer\":\"$ANSWER\",\"remarks\":\"$REMARKS\",\"timestamp\":\"$TIMESTAMP\",\"authors\":[{\"name\":\"$AUTHOR.NAME\",\"email\":\"$AUTHOR.EMAIL\",\"role\":\"$AUTHOR.ROLE\"}]}},{\"question\":\"Wordt
          de output van het algoritme gevisualiseerd, bijvoorbeeld in een tabel, grafiek
          of dashboard? Zo ja: is de vorm van visualisatie of weergave een correcte
          representatie van de output van het algoritme? Is de visualisatie makkelijk
          te lezen voor verschillende gebruikersgroepen?\",\"urn\":\"urn:nl:aivt:tr:iama:1.0:3.6.3\",\"labels\":[{\"key\":\"topic\",\"value\":\"Communicatie\"}],\"type\":[\"open_question\"],\"suggested_roles\":[\"Projectleider\",\"Behoeftesteller\",\"Gemandateerd
          verantwoordelijke(n)\",\"Ethicus\"],\"lifecycle\":[\"Verificatie en validatie\",\"Implementatie\",\"Monitoring
          en beheer\"],\"links\":[{\"text\":\"DPIA vraag 15\"},{\"urn\":\"urn:nl:aivt:tr:aiia:1.0:6.5.4\"},{\"urn\":\"urn:nl:aivt:tr:aiia:1.0:6.2.5\"}],\"template\":{\"question\":\"$QUESTION\",\"answer\":\"$ANSWER\",\"remarks\":\"$REMARKS\",\"timestamp\":\"$TIMESTAMP\",\"authors\":[{\"name\":\"$AUTHOR.NAME\",\"email\":\"$AUTHOR.EMAIL\",\"role\":\"$AUTHOR.ROLE\"}]}},{\"question\":\"Is
          voorzien in goede instrumenten voor evaluatie, auditing en borging van het
          algoritme?\",\"urn\":\"urn:nl:aivt:tr:iama:1.0:3.7.1\",\"labels\":[{\"key\":\"topic\",\"value\":\"Evaluatie,
          auditing en borging\"}],\"type\":[\"open_question\"],\"suggested_roles\":[\"Projectleider\",\"Behoeftesteller\",\"Gemandateerd
          verantwoordelijke(n)\",\"Data scientist\"],\"lifecycle\":[\"Verificatie en
          validatie\",\"Implementatie\",\"Monitoring en beheer\"],\"links\":[{\"urn\":\"urn:nl:aivt:tr:aiia:1.0:3.1.3\"}],\"template\":{\"question\":\"$QUESTION\",\"answer\":\"$ANSWER\",\"remarks\":\"$REMARKS\",\"timestamp\":\"$TIMESTAMP\",\"authors\":[{\"name\":\"$AUTHOR.NAME\",\"email\":\"$AUTHOR.EMAIL\",\"role\":\"$AUTHOR.ROLE\"}]}},{\"question\":\"Zijn
          er voldoende mogelijkheden om rekenschap en verantwoording af te leggen over
          het algoritme?\",\"urn\":\"urn:nl:aivt:tr:iama:1.0:3.7.2\",\"labels\":[{\"key\":\"topic\",\"value\":\"Evaluatie,
          auditing en borging\"}],\"type\":[\"open_question\"],\"suggested_roles\":[\"Projectleider\",\"Behoeftesteller\",\"Gemandateerd
          verantwoordelijke(n)\",\"Data scientist\"],\"lifecycle\":[\"Ontwerp\",\"Implementatie\",\"Monitoring
          en beheer\"],\"links\":[],\"template\":{\"question\":\"$QUESTION\",\"answer\":\"$ANSWER\",\"remarks\":\"$REMARKS\",\"timestamp\":\"$TIMESTAMP\",\"authors\":[{\"name\":\"$AUTHOR.NAME\",\"email\":\"$AUTHOR.EMAIL\",\"role\":\"$AUTHOR.ROLE\"}]}},{\"question\":\"Welke
          mogelijkheden zijn er voor auditors en toezichthouders om (formele) consequenties
          te verbinden aan de inzet van een algoritme door de overheid (bijv. terugkoppeling
          van bevindingen, doen van aanbevelingen, budgettaire consequenties, ...)\",\"urn\":\"urn:nl:aivt:tr:iama:1.0:3.7.3\",\"labels\":[{\"key\":\"topic\",\"value\":\"Evaluatie,
          auditing en borging\"}],\"type\":[\"open_question\"],\"suggested_roles\":[\"Projectleider\",\"Behoeftesteller\",\"Gemandateerd
          verantwoordelijke(n)\",\"Data scientist\"],\"lifecycle\":[\"Implementatie\",\"Monitoring
          en beheer\"],\"links\":[{\"urn\":\"urn:nl:aivt:tr:aiia:1.0:6.4.2\"},{\"urn\":\"urn:nl:aivt:tr:aiia:1.0:6.3\"},{\"urn\":\"urn:nl:aivt:tr:aiia:1.0:6.4\"},{\"urn\":\"urn:nl:aivt:tr:aiia:1.0:6.2.7\"}],\"template\":{\"question\":\"$QUESTION\",\"answer\":\"$ANSWER\",\"remarks\":\"$REMARKS\",\"timestamp\":\"$TIMESTAMP\",\"authors\":[{\"name\":\"$AUTHOR.NAME\",\"email\":\"$AUTHOR.EMAIL\",\"role\":\"$AUTHOR.ROLE\"}]}},{\"question\":\"Wordt
          er een grondrecht geraakt door het in te zetten algoritme?\",\"urn\":\"urn:nl:aivt:tr:iama:1.0:4.1.1\",\"labels\":[{\"key\":\"topic\",\"value\":\"Grondrecht\"}],\"type\":[\"open_question\"],\"suggested_roles\":[\"Projectleider\",\"Domeinspecialist\",\"Jurist\"],\"lifecycle\":[\"Probleemanalyse\"],\"links\":[{\"text\":\"DPIA
          vraag 16\"},{\"urn\":\"urn:nl:aivt:tr:aiia:1.0:2.3.1\"},{\"urn\":\"urn:nl:aivt:tr:aiia:1.0:2.3.2\"}],\"template\":{\"question\":\"$QUESTION\",\"answer\":\"$ANSWER\",\"remarks\":\"$REMARKS\",\"timestamp\":\"$TIMESTAMP\",\"authors\":[{\"name\":\"$AUTHOR.NAME\",\"email\":\"$AUTHOR.EMAIL\",\"role\":\"$AUTHOR.ROLE\"}]}},{\"question\":\"Zijn
          er specifieke wettelijke bepalingen of richtsnoeren van toepassing op de grondrechteninbreuk?\",\"urn\":\"urn:nl:aivt:tr:iama:1.0:4.2.1\",\"labels\":[{\"key\":\"topic\",\"value\":\"Specifieke
          wetgeving en richtsnoeren\"}],\"type\":[\"open_question\"],\"suggested_roles\":[\"Projectleider\",\"Domeinspecialist\",\"Jurist\"],\"lifecycle\":[\"Probleemanalyse\"],\"links\":[{\"text\":\"DPIA
          vraag 9\"},{\"urn\":\"urn:nl:aivt:tr:aiia:1.0:2.3\"}],\"template\":{\"question\":\"$QUESTION\",\"answer\":\"$ANSWER\",\"remarks\":\"$REMARKS\",\"timestamp\":\"$TIMESTAMP\",\"authors\":[{\"name\":\"$AUTHOR.NAME\",\"email\":\"$AUTHOR.EMAIL\",\"role\":\"$AUTHOR.ROLE\"}]}},{\"question\":\"Hoe
          zwaar wordt een grondrecht geraakt door het algoritme?\",\"urn\":\"urn:nl:aivt:tr:iama:1.0:4.3.1\",\"labels\":[{\"key\":\"topic\",\"value\":\"Zwaartebepaling\"}],\"type\":[\"open_question\"],\"suggested_roles\":[\"Projectleider\",\"Domeinspecialist\",\"Jurist\"],\"lifecycle\":[\"Probleemanalyse\"],\"links\":[{\"text\":\"DPIA
          vraag 16\"},{\"urn\":\"urn:nl:aivt:tr:aiia:1.0:2.1\"}],\"template\":{\"question\":\"$QUESTION\",\"answer\":\"$ANSWER\",\"remarks\":\"$REMARKS\",\"timestamp\":\"$TIMESTAMP\",\"authors\":[{\"name\":\"$AUTHOR.NAME\",\"email\":\"$AUTHOR.EMAIL\",\"role\":\"$AUTHOR.ROLE\"}]}},{\"question\":\"Welke
          doelen worden met inzet van het algoritme nagestreefd? Kijk hierbij naar uw
          antwoord op vraag 1.2\",\"urn\":\"urn:nl:aivt:tr:iama:1.0:4.4.1\",\"labels\":[{\"key\":\"topic\",\"value\":\"Doelstellingen\"}],\"type\":[\"open_question\"],\"suggested_roles\":[\"Projectleider\",\"Domeinspecialist\",\"Jurist\"],\"lifecycle\":[\"Probleemanalyse\"],\"links\":[{\"urn\":\"urn:nl:aivt:tr:aiia:1.0:1.3\"}],\"template\":{\"question\":\"$QUESTION\",\"answer\":\"$ANSWER\",\"remarks\":\"$REMARKS\",\"timestamp\":\"$TIMESTAMP\",\"authors\":[{\"name\":\"$AUTHOR.NAME\",\"email\":\"$AUTHOR.EMAIL\",\"role\":\"$AUTHOR.ROLE\"}]}},{\"question\":\"Vormt
          het in te zetten algoritme een doeltreffend middel om de gestelde doelen te
          realiseren? Leg uit.\",\"urn\":\"urn:nl:aivt:tr:iama:1.0:4.5.1\",\"labels\":[{\"key\":\"topic\",\"value\":\"Doeltreffendheid/effectiviteit/geschiktheid\"}],\"type\":[\"open_question\"],\"suggested_roles\":[\"Projectleider\",\"Domeinspecialist\",\"Jurist\"],\"lifecycle\":[\"Probleemanalyse\"],\"links\":[{\"text\":\"DPIA
          vraag 14\"}],\"template\":{\"question\":\"$QUESTION\",\"answer\":\"$ANSWER\",\"remarks\":\"$REMARKS\",\"timestamp\":\"$TIMESTAMP\",\"authors\":[{\"name\":\"$AUTHOR.NAME\",\"email\":\"$AUTHOR.EMAIL\",\"role\":\"$AUTHOR.ROLE\"}]}},{\"question\":\"Is
          inzet van dit specifieke algoritme noodzakelijk om dit doel te bereiken en
          zijn er geen andere of mitigerende maatregelen beschikbaar om dit te doen?
          Leg uit.\",\"urn\":\"urn:nl:aivt:tr:iama:1.0:4.6.1\",\"labels\":[{\"key\":\"topic\",\"value\":\"Noodzakelijkheid/subsidiariteit\"}],\"type\":[\"open_question\"],\"suggested_roles\":[\"Projectleider\",\"Domeinspecialist\",\"Jurist\"],\"lifecycle\":[\"Probleemanalyse\"],\"links\":[{\"text\":\"DPIA
          vraag 14\"},{\"urn\":\"urn:nl:aivt:tr:aiia:1.0:2.2\"}],\"template\":{\"question\":\"$QUESTION\",\"answer\":\"$ANSWER\",\"remarks\":\"$REMARKS\",\"timestamp\":\"$TIMESTAMP\",\"authors\":[{\"name\":\"$AUTHOR.NAME\",\"email\":\"$AUTHOR.EMAIL\",\"role\":\"$AUTHOR.ROLE\"}]}},{\"question\":\"Levert
          inzet van het algoritme een redelijk evenwicht op tussen de te realiseren
          doelen en de grondrechten die worden geraakt, en waarom is dat zo?\",\"urn\":\"urn:nl:aivt:tr:iama:1.0:4.7.1\",\"labels\":[{\"key\":\"topic\",\"value\":\"Belangenafweging/proportionaliteit\"}],\"type\":[\"open_question\"],\"suggested_roles\":[\"Projectleider\",\"Domeinspecialist\",\"Jurist\"],\"lifecycle\":[\"Probleemanalyse\"],\"links\":[{\"text\":\"DPIA
          vraag 14\"}],\"template\":{\"question\":\"$QUESTION\",\"answer\":\"$ANSWER\",\"remarks\":\"$REMARKS\",\"timestamp\":\"$TIMESTAMP\",\"authors\":[{\"name\":\"$AUTHOR.NAME\",\"email\":\"$AUTHOR.EMAIL\",\"role\":\"$AUTHOR.ROLE\"}]}}]}"
      headers:
        Connection:
          - keep-alive
        Content-Length:
          - "38170"
        Content-Type:
          - application/json
        Date:
          - Wed, 13 Nov 2024 15:38:31 GMT
        Strict-Transport-Security:
          - max-age=31536000; includeSubDomains
      status:
        code: 200
        message: OK
  - request:
      body: ""
      headers:
        accept:
          - "*/*"
        accept-encoding:
          - gzip, deflate
        connection:
          - keep-alive
        host:
          - task-registry.apps.digilab.network
        user-agent:
          - python-httpx/0.27.2
      method: GET
      uri: https://task-registry.apps.digilab.network/instruments/urn/urn:nl:aivt:tr:ca:1.0?version=latest
    response:
      body:
        string:
          "{\"systemcard_path\":\".assessments[]\",\"schema_version\":\"1.1.0\",\"name\":\"EU-conformiteitsverklaring
          voor hoog-risico AI-systemen\",\"description\":\"EU-conformiteitsverklaring
          van een AI-systeem met een hoog risico wordt ondertekend door de ontwikkelaar
          voordat dit systeem in de handel wordt gebracht of in gebruik wordt gesteld.\",\"urn\":\"urn:nl:aivt:tr:ca:1.0\",\"language\":\"nl\",\"owners\":[{\"organization\":\"European
          Union\",\"name\":\"\",\"email\":\"\",\"role\":\"\"}],\"date\":\"\",\"url\":\"https://www.europarl.europa.eu/doceo/document/TA-9-2024-0138-FNL-COR01_NL.pdf\",\"template\":{\"question\":\"$QUESTION\",\"answer\":\"$ANSWER\",\"remarks\":\"$REMARKS\",\"timestamp\":\"$TIMESTAMP\",\"location\":\"$LOCATION\",\"authors\":[{\"name\":\"$AUTHOR.NAME\",\"email\":\"$AUTHOR.EMAIL\",\"role\":\"$AUTHOR.ROLE\"}]},\"tasks\":[{\"question\":\"De
          naam en het type van het AI-systeem, evenals eventuele aanvullende ondubbelzinnige
          verwijzingen waarmee het AI-systeem kan worden ge\xEFdentificeerd en getraceerd.\",\"urn\":\"urn:nl:aivt:tr:ca:1.0:1.0\",\"labels\":[{\"key\":\"topic\",\"value\":\"EU-conformiteitsverklaring\"}],\"type\":[\"open_question\"],\"suggested_roles\":[\"Projectleider\",\"Aanbieder\"],\"lifecycle\":[],\"links\":[{\"systemcard_path\":\".name\",\"version\":\">0.1a1\"},{\"systemcard_path\":\".description\",\"version\":\">0.1a1\"}],\"template\":{\"question\":\"$QUESTION\",\"answer\":\"$ANSWER\",\"remarks\":\"$REMARKS\",\"timestamp\":\"$TIMESTAMP\",\"location\":\"$LOCATION\",\"authors\":[{\"name\":\"$AUTHOR.NAME\",\"email\":\"$AUTHOR.EMAIL\",\"role\":\"$AUTHOR.ROLE\"}]}},{\"question\":\"De
          naam en het adres van de aanbieder en, indien van toepassing, zijn gemachtigde.\",\"urn\":\"urn:nl:aivt:tr:ca:1.0:2.0\",\"labels\":[{\"key\":\"topic\",\"value\":\"EU-conformiteitsverklaring\"}],\"type\":[\"open_question\"],\"suggested_roles\":[\"Projectleider\",\"Aanbieder\"],\"lifecycle\":[],\"links\":[{\"systemcard_path\":\".owners\",\"version\":\">0.1a1\"},{\"urn\":\"urn:nl:aivt:tr:td:1.0:1.a.2\"}],\"template\":{\"question\":\"$QUESTION\",\"answer\":\"$ANSWER\",\"remarks\":\"$REMARKS\",\"timestamp\":\"$TIMESTAMP\",\"location\":\"$LOCATION\",\"authors\":[{\"name\":\"$AUTHOR.NAME\",\"email\":\"$AUTHOR.EMAIL\",\"role\":\"$AUTHOR.ROLE\"}]}},{\"question\":\"De
          in artikel 47 bedoelde EU-conformiteitsverklaring wordt verstrekt onder de
          uitsluitende verantwoordelijkheid van de aanbieder.\",\"urn\":\"urn:nl:aivt:tr:ca:1.0:3.0\",\"labels\":[{\"key\":\"topic\",\"value\":\"EU-conformiteitsverklaring\"}],\"type\":[\"statement\"],\"suggested_roles\":[\"Projectleider\",\"Aanbieder\"],\"lifecycle\":[\"Verificatie
          en validatie\"],\"links\":[],\"template\":{\"question\":\"$QUESTION\",\"answer\":\"$ANSWER\",\"remarks\":\"$REMARKS\",\"timestamp\":\"$TIMESTAMP\",\"location\":\"$LOCATION\",\"authors\":[{\"name\":\"$AUTHOR.NAME\",\"email\":\"$AUTHOR.EMAIL\",\"role\":\"$AUTHOR.ROLE\"}]}},{\"question\":\"Het
          AI-systeem is in overeenstemming met deze verordening en, in voorkomend geval,
          met eventuele andere desbetreffende Uniewetgeving die voorziet in de afgifte
          van de in artikel 47 bedoelde EU-conformiteitsverklaring.\",\"urn\":\"urn:nl:aivt:tr:ca:1.0:4.0\",\"labels\":[{\"key\":\"topic\",\"value\":\"EU-conformiteitsverklaring\"}],\"type\":[\"statement\"],\"suggested_roles\":[\"Projectleider\",\"Aanbieder\"],\"lifecycle\":[\"Verificatie
          en validatie\"],\"links\":[],\"template\":{\"question\":\"$QUESTION\",\"answer\":\"$ANSWER\",\"remarks\":\"$REMARKS\",\"timestamp\":\"$TIMESTAMP\",\"location\":\"$LOCATION\",\"authors\":[{\"name\":\"$AUTHOR.NAME\",\"email\":\"$AUTHOR.EMAIL\",\"role\":\"$AUTHOR.ROLE\"}]}},{\"question\":\"Indien
          een AI-systeem de verwerking van persoonsgegevens met zich meebrengt, voldoet
          dat AI-systeem aan de Verordeningen (EU) 2016/679 en (EU) 2018/1725 en Richtlijn
          (EU) 2016/680.\",\"urn\":\"urn:nl:aivt:tr:ca:1.0:5.0\",\"labels\":[{\"key\":\"topic\",\"value\":\"EU-conformiteitsverklaring\"}],\"type\":[\"statement\"],\"suggested_roles\":[\"Projectleider\",\"Aanbieder\"],\"lifecycle\":[\"Verificatie
          en validatie\"],\"links\":[],\"template\":{\"question\":\"$QUESTION\",\"answer\":\"$ANSWER\",\"remarks\":\"$REMARKS\",\"timestamp\":\"$TIMESTAMP\",\"location\":\"$LOCATION\",\"authors\":[{\"name\":\"$AUTHOR.NAME\",\"email\":\"$AUTHOR.EMAIL\",\"role\":\"$AUTHOR.ROLE\"}]}},{\"question\":\"Referenties
          van relevante gebruikte geharmoniseerde normen of andere gemeenschappelijke
          specificaties waarop de conformiteitsverklaring betrekking heeft.\",\"urn\":\"urn:nl:aivt:tr:ca:1.0:6.0\",\"labels\":[{\"key\":\"topic\",\"value\":\"EU-conformiteitsverklaring\"}],\"type\":[\"open_question\",\"upload_document\"],\"suggested_roles\":[\"Projectleider\",\"Aanbieder\"],\"lifecycle\":[\"Verificatie
          en validatie\"],\"links\":[{\"urn\":\"urn:nl:aivt:tr:td:1.0:7\"}],\"template\":{\"question\":\"$QUESTION\",\"answer\":\"$ANSWER\",\"remarks\":\"$REMARKS\",\"timestamp\":\"$TIMESTAMP\",\"location\":\"$LOCATION\",\"authors\":[{\"name\":\"$AUTHOR.NAME\",\"email\":\"$AUTHOR.EMAIL\",\"role\":\"$AUTHOR.ROLE\"}]}},{\"question\":\"De
          naam en het identificatienummer van de aangemelde instantie, een beschrijving
          van de uitgevoerde conformiteitsbeoordelingsprocedure en identificatie van
          het afgegeven certificaat.\",\"urn\":\"urn:nl:aivt:tr:ca:1.0:7.0\",\"labels\":[{\"key\":\"topic\",\"value\":\"EU-conformiteitsverklaring\"}],\"type\":[\"open_question\"],\"suggested_roles\":[\"Projectleider\",\"Aanbieder\"],\"lifecycle\":[\"Verificatie
          en validatie\"],\"links\":[{\"systemcard_path\":\".owners/oin\",\"version\":\">0.1a1\"},{\"systemcard_path\":\".owners/organization\",\"version\":\">0.1a1\"}],\"template\":{\"question\":\"$QUESTION\",\"answer\":\"$ANSWER\",\"remarks\":\"$REMARKS\",\"timestamp\":\"$TIMESTAMP\",\"location\":\"$LOCATION\",\"authors\":[{\"name\":\"$AUTHOR.NAME\",\"email\":\"$AUTHOR.EMAIL\",\"role\":\"$AUTHOR.ROLE\"}]}},{\"question\":\"De
          plaats en de datum van afgifte van de verklaring, de naam en de functie van
          de persoon die de verklaring heeft ondertekend alsmede een vermelding van
          de persoon voor en namens wie die persoon ondertekent, een handtekening.\",\"urn\":\"urn:nl:aivt:tr:ca:1.0:8.0\",\"labels\":[{\"key\":\"topic\",\"value\":\"EU-conformiteitsverklaring\"}],\"type\":[\"sign_task\"],\"suggested_roles\":[\"Projectleider\",\"Aanbieder\"],\"lifecycle\":[\"Verificatie
          en validatie\"],\"links\":[{\"systemcard_path\":\".owners/oin\",\"version\":\">0.1a1\"},{\"systemcard_path\":\".owners/organization\",\"version\":\">0.1a1\"}],\"signature\":[{\"algorithm\":\"\",\"signature_hash\":\"\"}],\"expiration_date\":\"\",\"template\":{\"question\":\"$QUESTION\",\"answer\":\"$ANSWER\",\"remarks\":\"$REMARKS\",\"timestamp\":\"$TIMESTAMP\",\"location\":\"$LOCATION\",\"authors\":[{\"name\":\"$AUTHOR.NAME\",\"email\":\"$AUTHOR.EMAIL\",\"role\":\"$AUTHOR.ROLE\"}]}}]}"
      headers:
        Connection:
          - keep-alive
        Content-Length:
          - "6119"
        Content-Type:
          - application/json
        Date:
          - Wed, 13 Nov 2024 15:38:31 GMT
        Strict-Transport-Security:
          - max-age=31536000; includeSubDomains
      status:
        code: 200
        message: OK
  - request:
      body: ""
      headers:
        accept:
          - "*/*"
        accept-encoding:
          - gzip, deflate
        connection:
          - keep-alive
        host:
          - task-registry.apps.digilab.network
        user-agent:
          - python-httpx/0.27.2
      method: GET
      uri: https://task-registry.apps.digilab.network/instruments/urn/urn:nl:aivt:tr:aiia:1.0?version=latest
    response:
      body:
        string:
          "{\"systemcard_path\":\".assessments[]\",\"schema_version\":\"1.1.0\",\"name\":\"AI
          Impact Assessment (AIIA)\",\"description\":\"Het AI Impact Assessment (AIIA)
          is een hulpmiddel voor het maken van afwegingen bij het inzetten van kunstmatige
          intelligentie (artificial intelligence, AI) in een project. Het AIIA dient
          als instrument voor het gesprek en het vastleggen van het denkproces zodat
          onder andere de verantwoording, kwaliteit en reproduceerbaarheid worden vergroot.\",\"urn\":\"urn:nl:aivt:tr:aiia:1.0\",\"language\":\"nl\",\"owners\":[{\"organization\":\"Ministerie
          van Infrastructuur en Waterstaat\",\"name\":\"\",\"email\":\"\",\"role\":\"\"}],\"date\":\"\",\"url\":\"https://www.rijksoverheid.nl/documenten/rapporten/2022/11/30/ai-impact-assessment-ministerie-van-infrastructuur-en-waterstaat\",\"template\":{\"question\":\"$QUESTION\",\"answer\":\"$ANSWER\",\"remarks\":\"$REMARKS\",\"timestamp\":\"$TIMESTAMP\",\"authors\":[{\"name\":\"$AUTHOR.NAME\",\"email\":\"$AUTHOR.EMAIL\",\"role\":\"$AUTHOR.ROLE\"}]},\"tasks\":[{\"question\":\"Geef
          een korte beschrijving van het beoogde AI-systeem (titel, algemene omschrijving,
          probleemstelling, en het domein)\",\"urn\":\"urn:nl:aivt:tr:aiia:1.0:1.1\",\"labels\":[{\"key\":\"topic\",\"value\":\"Doel
          van het systeem\"}],\"type\":[\"open_question\"],\"suggested_roles\":[\"Opdrachtgever\",\"Projectleider\"],\"lifecycle\":[\"Probleemanalyse\"],\"links\":[{\"urn\":\"urn:nl:aivt:tr:iama:1.0:1.1.1\"},{\"systemcard_path\":\".description\",\"version\":\">0.1a1\"}],\"required_status\":true,\"template\":{\"question\":\"$QUESTION\",\"answer\":\"$ANSWER\",\"remarks\":\"$REMARKS\",\"timestamp\":\"$TIMESTAMP\",\"authors\":[{\"name\":\"$AUTHOR.NAME\",\"email\":\"$AUTHOR.EMAIL\",\"role\":\"$AUTHOR.ROLE\"}]}},{\"question\":\"Waarom
          is er voor de huidige techniek gekozen? (hierbij is het van belang dat alle
          afwegingen van robuustheid tot mensenrechten, impact op gebruiker en eindgebruiker,
          verantwoordingsplicht etc. zijn meegenomen in het antwoord)\",\"urn\":\"urn:nl:aivt:tr:aiia:1.0:1.2\",\"labels\":[{\"key\":\"topic\",\"value\":\"Doel
          van het systeem\"}],\"type\":[\"open_question\"],\"suggested_roles\":[\"Opdrachtgever\",\"Projectleider\"],\"lifecycle\":[\"Probleemanalyse\",\"Ontwerp\"],\"links\":[{\"urn\":\"urn:nl:aivt:tr:iama:1.0:2B.1.2\"},{\"urn\":\"urn:nl:aivt:tr:iama:1.0:2B.1.3\"}],\"required_status\":true,\"template\":{\"question\":\"$QUESTION\",\"answer\":\"$ANSWER\",\"remarks\":\"$REMARKS\",\"timestamp\":\"$TIMESTAMP\",\"authors\":[{\"name\":\"$AUTHOR.NAME\",\"email\":\"$AUTHOR.EMAIL\",\"role\":\"$AUTHOR.ROLE\"}]}},{\"question\":\"Wat
          is het doel en beoogde resultaat van het AI-systeem?\",\"urn\":\"urn:nl:aivt:tr:aiia:1.0:1.3\",\"labels\":[{\"key\":\"topic\",\"value\":\"Doel
          van het systeem\"}],\"type\":[\"open_question\"],\"suggested_roles\":[\"Opdrachtgever\",\"Projectleider\"],\"lifecycle\":[\"Probleemanalyse\"],\"links\":[{\"urn\":\"urn:nl:aivt:tr:iama:1.0:1.2.1\"},{\"urn\":\"urn:nl:aivt:tr:iama:1.0:4.4.1\"},{\"systemcard_path\":\".goal_and_impact\",\"version\":\">0.1a1\"}],\"required_status\":true,\"template\":{\"question\":\"$QUESTION\",\"answer\":\"$ANSWER\",\"remarks\":\"$REMARKS\",\"timestamp\":\"$TIMESTAMP\",\"authors\":[{\"name\":\"$AUTHOR.NAME\",\"email\":\"$AUTHOR.EMAIL\",\"role\":\"$AUTHOR.ROLE\"}]}},{\"question\":\"Welk
          doel wordt er aan het AI-systeem gekoppeld volgens het rapport Aandacht voor
          Algoritmes van de Algemene Rekenkamer? Doel 1, Doel 2 of Doel 3?\",\"urn\":\"urn:nl:aivt:tr:aiia:1.0:1.4\",\"labels\":[{\"key\":\"topic\",\"value\":\"Doel
          van het systeem\"}],\"type\":[\"closed_question\"],\"suggested_roles\":[\"Opdrachtgever\",\"Projectleider\"],\"lifecycle\":[\"Probleemanalyse\"],\"links\":[{\"url\":\"https://www.rekenkamer.nl/publicaties/rapporten/2021/01/26/aandacht-voor-algoritmes\"}],\"required_status\":true,\"template\":{\"question\":\"$QUESTION\",\"answer\":\"$ANSWER\",\"remarks\":\"$REMARKS\",\"timestamp\":\"$TIMESTAMP\",\"authors\":[{\"name\":\"$AUTHOR.NAME\",\"email\":\"$AUTHOR.EMAIL\",\"role\":\"$AUTHOR.ROLE\"}]}},{\"question\":\"Waar
          in de organisatie is beoogd het AI-systeem te gebruiken en welke beoogde impact
          is er voor de organisatie?\",\"urn\":\"urn:nl:aivt:tr:aiia:1.0:1.5\",\"labels\":[{\"key\":\"topic\",\"value\":\"Rol
          binnen de organisatie\"}],\"type\":[\"open_question\"],\"suggested_roles\":[\"Opdrachtgever\",\"Projectleider\"],\"lifecycle\":[\"Probleemanalyse\"],\"links\":[{\"urn\":\"urn:nl:aivt:tr:iama:1.0:1.5.1\"}],\"required_status\":true,\"template\":{\"question\":\"$QUESTION\",\"answer\":\"$ANSWER\",\"remarks\":\"$REMARKS\",\"timestamp\":\"$TIMESTAMP\",\"authors\":[{\"name\":\"$AUTHOR.NAME\",\"email\":\"$AUTHOR.EMAIL\",\"role\":\"$AUTHOR.ROLE\"}]}},{\"question\":\"Beschrijf
          de rolverdeling binnen het opzetten van het AI-systeem (zoals de ontwikkelaar,
          opdrachtgever, projectleider, beheerorganisaties en eindverantwoordelijke).\",\"urn\":\"urn:nl:aivt:tr:aiia:1.0:1.6\",\"labels\":[{\"key\":\"topic\",\"value\":\"Rol
          binnen de organisatie\"}],\"type\":[\"open_question\"],\"suggested_roles\":[\"Opdrachtgever\",\"Projectleider\"],\"lifecycle\":[\"Probleemanalyse\"],\"links\":[{\"urn\":\"urn:nl:aivt:tr:iama:1.0:1.5.1\"},{\"urn\":\"urn:nl:aivt:tr:iama:1.0:1.5.2\"},{\"urn\":\"urn:nl:aivt:tr:iama:1.0:1.5.3\"},{\"urn\":\"urn:nl:aivt:tr:iama:1.0:2B.2.1\"}],\"required_status\":true,\"template\":{\"question\":\"$QUESTION\",\"answer\":\"$ANSWER\",\"remarks\":\"$REMARKS\",\"timestamp\":\"$TIMESTAMP\",\"authors\":[{\"name\":\"$AUTHOR.NAME\",\"email\":\"$AUTHOR.EMAIL\",\"role\":\"$AUTHOR.ROLE\"}]}},{\"question\":\"Wie
          is de gebruiker van het AI-systeem, wie zijn de eindgebruikers die met het
          systeem werken en welke betrokkenen ondervinden impact van het AI-systeem?\",\"urn\":\"urn:nl:aivt:tr:aiia:1.0:1.7\",\"labels\":[{\"key\":\"topic\",\"value\":\"Rol
          binnen de organisatie\"}],\"type\":[\"open_question\"],\"suggested_roles\":[\"Opdrachtgever\",\"Projectleider\"],\"lifecycle\":[\"Probleemanalyse\"],\"links\":[{\"urn\":\"urn:nl:aivt:tr:iama:1.0:1.5.1\"}],\"required_status\":true,\"template\":{\"question\":\"$QUESTION\",\"answer\":\"$ANSWER\",\"remarks\":\"$REMARKS\",\"timestamp\":\"$TIMESTAMP\",\"authors\":[{\"name\":\"$AUTHOR.NAME\",\"email\":\"$AUTHOR.EMAIL\",\"role\":\"$AUTHOR.ROLE\"}]}},{\"question\":\"Wat
          is de mogelijke impact op de grondrechten van burgers door het gebruik van
          het AI-systeem?\",\"urn\":\"urn:nl:aivt:tr:aiia:1.0:2.1\",\"labels\":[{\"key\":\"topic\",\"value\":\"Grondrechten\"}],\"type\":[\"open_question\"],\"suggested_roles\":[\"Communicatieadviseur\",\"Data
          scientist\",\"Domeinspecialist\",\"Jurist\",\"Opdrachtgever\",\"Projectleider\"],\"lifecycle\":[\"Probleemanalyse\"],\"links\":[{\"urn\":\"urn:nl:aivt:tr:iama:1.0:3.3.1\"},{\"urn\":\"urn:nl:aivt:tr:iama:1.0:3.3.2\"},{\"urn\":\"urn:nl:aivt:tr:iama:1.0:4.3.1\"}],\"template\":{\"question\":\"$QUESTION\",\"answer\":\"$ANSWER\",\"remarks\":\"$REMARKS\",\"timestamp\":\"$TIMESTAMP\",\"authors\":[{\"name\":\"$AUTHOR.NAME\",\"email\":\"$AUTHOR.EMAIL\",\"role\":\"$AUTHOR.ROLE\"}]}},{\"question\":\"Is
          het proportioneel en subsidiair om dit systeem in te zetten om de gestelde
          doelen te realiseren? Oftewel: is de impact in verhouding met de beoogde doelen
          en zijn er geen andere minder ingrijpende manieren om deze doelen te behalen?\",\"urn\":\"urn:nl:aivt:tr:aiia:1.0:2.2\",\"labels\":[{\"key\":\"topic\",\"value\":\"Grondrechten\"}],\"type\":[\"open_question\"],\"suggested_roles\":[\"Communicatieadviseur\",\"Data
          scientist\",\"Domeinspecialist\",\"Jurist\",\"Opdrachtgever\",\"Projectleider\"],\"lifecycle\":[\"Probleemanalyse\"],\"links\":[{\"urn\":\"urn:nl:aivt:tr:iama:1.0:3.3.4\"},{\"urn\":\"urn:nl:aivt:tr:iama:1.0:4.6.1\"}],\"template\":{\"question\":\"$QUESTION\",\"answer\":\"$ANSWER\",\"remarks\":\"$REMARKS\",\"timestamp\":\"$TIMESTAMP\",\"authors\":[{\"name\":\"$AUTHOR.NAME\",\"email\":\"$AUTHOR.EMAIL\",\"role\":\"$AUTHOR.ROLE\"}]}},{\"question\":\"Wat
          is de wettelijke grondslag van de inzet van het AI-systeem en van de beoogde
          besluiten die genomen worden op basis van het AI-systeem?\",\"urn\":\"urn:nl:aivt:tr:aiia:1.0:2.3\",\"labels\":[{\"key\":\"topic\",\"value\":\"Grondrechten\"}],\"type\":[\"open_question\"],\"suggested_roles\":[\"Communicatieadviseur\",\"Data
          scientist\",\"Domeinspecialist\",\"Jurist\",\"Opdrachtgever\",\"Projectleider\"],\"lifecycle\":[\"Probleemanalyse\"],\"links\":[{\"urn\":\"urn:nl:aivt:tr:iama:1.0:1.4.1\"},{\"urn\":\"urn:nl:aivt:tr:iama:1.0:4.2.1\"}],\"required_status\":true,\"template\":{\"question\":\"$QUESTION\",\"answer\":\"$ANSWER\",\"remarks\":\"$REMARKS\",\"timestamp\":\"$TIMESTAMP\",\"authors\":[{\"name\":\"$AUTHOR.NAME\",\"email\":\"$AUTHOR.EMAIL\",\"role\":\"$AUTHOR.ROLE\"}]}},{\"question\":\"Welke
          grondrechtelijke bepalingen zijn mogelijk van toepassing?\",\"urn\":\"urn:nl:aivt:tr:aiia:1.0:2.3.1\",\"status\":\"optional\",\"labels\":[{\"key\":\"topic\",\"value\":\"Grondrechten\"}],\"type\":[\"open_question\"],\"suggested_roles\":[\"Communicatieadviseur\",\"Data
          scientist\",\"Domeinspecialist\",\"Jurist\",\"Opdrachtgever\",\"Projectleider\"],\"lifecycle\":[\"Probleemanalyse\"],\"links\":[{\"urn\":\"urn:nl:aivt:tr:iama:1.0:4.1.1\"}],\"required_status\":false,\"template\":{\"question\":\"$QUESTION\",\"answer\":\"$ANSWER\",\"remarks\":\"$REMARKS\",\"timestamp\":\"$TIMESTAMP\",\"authors\":[{\"name\":\"$AUTHOR.NAME\",\"email\":\"$AUTHOR.EMAIL\",\"role\":\"$AUTHOR.ROLE\"}]}},{\"question\":\"Op
          welk van deze grondrechtelijke bepalingen kan mogelijk een inbreuk worden
          gemaakt bij verkeerde uitvoering van het AI-systeem? Welke acties worden genomen
          om dit te voorkomen?\",\"urn\":\"urn:nl:aivt:tr:aiia:1.0:2.3.2\",\"labels\":[{\"key\":\"topic\",\"value\":\"Grondrechten\"}],\"type\":[\"open_question\"],\"suggested_roles\":[\"Communicatieadviseur\",\"Data
          scientist\",\"Domeinspecialist\",\"Jurist\",\"Opdrachtgever\",\"Projectleider\"],\"lifecycle\":[\"Probleemanalyse\"],\"links\":[{\"urn\":\"urn:nl:aivt:tr:iama:1.0:4.1.1\"}],\"required_status\":false,\"template\":{\"question\":\"$QUESTION\",\"answer\":\"$ANSWER\",\"remarks\":\"$REMARKS\",\"timestamp\":\"$TIMESTAMP\",\"authors\":[{\"name\":\"$AUTHOR.NAME\",\"email\":\"$AUTHOR.EMAIL\",\"role\":\"$AUTHOR.ROLE\"}]}},{\"question\":\"Hoe
          wordt rekening gehouden met mogelijk onwenselijke bias in de input, bias in
          het model en bias in de output van het AI-systeem?\",\"urn\":\"urn:nl:aivt:tr:aiia:1.0:2.4\",\"labels\":[{\"key\":\"topic\",\"value\":\"Bias\"}],\"type\":[\"open_question\"],\"suggested_roles\":[\"Communicatieadviseur\",\"Data
          scientist\",\"Domeinspecialist\",\"Jurist\",\"Opdrachtgever\",\"Projectleider\"],\"lifecycle\":[\"Ontwerp\"],\"links\":[{\"urn\":\"urn:nl:aivt:tr:iama:1.0:2A.3.1\"}],\"required_status\":true,\"template\":{\"question\":\"$QUESTION\",\"answer\":\"$ANSWER\",\"remarks\":\"$REMARKS\",\"timestamp\":\"$TIMESTAMP\",\"authors\":[{\"name\":\"$AUTHOR.NAME\",\"email\":\"$AUTHOR.EMAIL\",\"role\":\"$AUTHOR.ROLE\"}]}},{\"question\":\"Is
          de input(data) data representatief voor het onderwerp waarover een beslissing
          moet worden genomen?\",\"urn\":\"urn:nl:aivt:tr:aiia:1.0:2.4.1\",\"labels\":[{\"key\":\"topic\",\"value\":\"Bias\"}],\"type\":[\"open_question\"],\"suggested_roles\":[\"Communicatieadviseur\",\"Data
          scientist\",\"Domeinspecialist\",\"Jurist\",\"Opdrachtgever\",\"Projectleider\"],\"lifecycle\":[\"Ontwerp\"],\"links\":[{\"urn\":\"urn:nl:aivt:tr:iama:1.0:2A.3.2\"}],\"required_status\":false,\"template\":{\"question\":\"$QUESTION\",\"answer\":\"$ANSWER\",\"remarks\":\"$REMARKS\",\"timestamp\":\"$TIMESTAMP\",\"authors\":[{\"name\":\"$AUTHOR.NAME\",\"email\":\"$AUTHOR.EMAIL\",\"role\":\"$AUTHOR.ROLE\"}]}},{\"question\":\"Worden
          indien nodig subpopulaties beschermd bij het trekken van steekproeven?\",\"urn\":\"urn:nl:aivt:tr:aiia:1.0:2.4.2\",\"labels\":[{\"key\":\"topic\",\"value\":\"Bias\"}],\"type\":[\"open_question\"],\"suggested_roles\":[\"Communicatieadviseur\",\"Data
          scientist\",\"Domeinspecialist\",\"Jurist\",\"Opdrachtgever\",\"Projectleider\"],\"lifecycle\":[\"Ontwerp\"],\"links\":[{}],\"required_status\":false,\"template\":{\"question\":\"$QUESTION\",\"answer\":\"$ANSWER\",\"remarks\":\"$REMARKS\",\"timestamp\":\"$TIMESTAMP\",\"authors\":[{\"name\":\"$AUTHOR.NAME\",\"email\":\"$AUTHOR.EMAIL\",\"role\":\"$AUTHOR.ROLE\"}]}},{\"question\":\"Is
          de keuze voor de inputvariabelen onderbouwd en afgestemd met de betrokkenen?\",\"urn\":\"urn:nl:aivt:tr:aiia:1.0:2.4.3\",\"labels\":[{\"key\":\"topic\",\"value\":\"Bias\"}],\"type\":[\"open_question\"],\"suggested_roles\":[\"Communicatieadviseur\",\"Data
          scientist\",\"Domeinspecialist\",\"Jurist\",\"Opdrachtgever\",\"Projectleider\"],\"lifecycle\":[\"Ontwerp\"],\"links\":[{\"urn\":\"urn:nl:aivt:tr:iama:1.0:2B.3.5\"}],\"required_status\":false,\"template\":{\"question\":\"$QUESTION\",\"answer\":\"$ANSWER\",\"remarks\":\"$REMARKS\",\"timestamp\":\"$TIMESTAMP\",\"authors\":[{\"name\":\"$AUTHOR.NAME\",\"email\":\"$AUTHOR.EMAIL\",\"role\":\"$AUTHOR.ROLE\"}]}},{\"question\":\"Op
          welke manier wordt er rekening gehouden met het feit dat er geen onterechte
          of onrechtvaardige bias in een AI-systeem wordt gecre\xEBerd of versterkt?\",\"urn\":\"urn:nl:aivt:tr:aiia:1.0:2.4.4\",\"labels\":[{\"key\":\"topic\",\"value\":\"Bias\"}],\"type\":[\"open_question\"],\"suggested_roles\":[\"Communicatieadviseur\",\"Data
          scientist\",\"Domeinspecialist\",\"Jurist\",\"Opdrachtgever\",\"Projectleider\"],\"lifecycle\":[\"Ontwerp\"],\"links\":[{\"urn\":\"urn:nl:aivt:tr:iama:1.0:2A.3.1\"},{\"urn\":\"urn:nl:aivt:tr:iama:1.0:2B.3.4\"}],\"required_status\":false,\"template\":{\"question\":\"$QUESTION\",\"answer\":\"$ANSWER\",\"remarks\":\"$REMARKS\",\"timestamp\":\"$TIMESTAMP\",\"authors\":[{\"name\":\"$AUTHOR.NAME\",\"email\":\"$AUTHOR.EMAIL\",\"role\":\"$AUTHOR.ROLE\"}]}},{\"question\":\"Is
          het AI-systeem te gebruiken door de beoogde eindgebruikers (dus ongeacht diens
          kenmerken zoals leeftijd, geslacht of capaciteit)?\",\"urn\":\"urn:nl:aivt:tr:aiia:1.0:2.4.5\",\"labels\":[{\"key\":\"topic\",\"value\":\"Bias\"}],\"type\":[\"open_question\"],\"suggested_roles\":[\"Communicatieadviseur\",\"Data
          scientist\",\"Domeinspecialist\",\"Jurist\",\"Opdrachtgever\",\"Projectleider\"],\"lifecycle\":[\"Ontwerp\"],\"links\":[{}],\"required_status\":false,\"template\":{\"question\":\"$QUESTION\",\"answer\":\"$ANSWER\",\"remarks\":\"$REMARKS\",\"timestamp\":\"$TIMESTAMP\",\"authors\":[{\"name\":\"$AUTHOR.NAME\",\"email\":\"$AUTHOR.EMAIL\",\"role\":\"$AUTHOR.ROLE\"}]}},{\"question\":\"Zijn
          er stop-, toezicht- of controle- mechanisme ingesteld om te voorkomen dat
          groepen in de maatschappij disproportioneel getroffen kunnen worden door de
          negatieve implicaties van het AI-systeem? Specifiek voor ILT: maak hier onderscheid
          tussen ondertoezichtstaanden (OTS) en de rest van de maatschappij.\",\"urn\":\"urn:nl:aivt:tr:aiia:1.0:2.4.6\",\"labels\":[{\"key\":\"topic\",\"value\":\"Bias\"}],\"type\":[\"open_question\"],\"suggested_roles\":[\"Communicatieadviseur\",\"Data
          scientist\",\"Domeinspecialist\",\"Jurist\",\"Opdrachtgever\",\"Projectleider\"],\"lifecycle\":[\"Ontwerp\"],\"links\":[{}],\"required_status\":false,\"template\":{\"question\":\"$QUESTION\",\"answer\":\"$ANSWER\",\"remarks\":\"$REMARKS\",\"timestamp\":\"$TIMESTAMP\",\"authors\":[{\"name\":\"$AUTHOR.NAME\",\"email\":\"$AUTHOR.EMAIL\",\"role\":\"$AUTHOR.ROLE\"}]}},{\"question\":\"Zijn
          alle stakeholders in kaart gebracht middels een stakeholderanalyse en is met
          hen het gesprek aangegaan?\",\"urn\":\"urn:nl:aivt:tr:aiia:1.0:2.5\",\"labels\":[{\"key\":\"topic\",\"value\":\"Stakeholderparticipatie\"}],\"type\":[\"open_question\"],\"suggested_roles\":[\"Communicatieadviseur\",\"Data
          scientist\",\"Domeinspecialist\",\"Jurist\",\"Opdrachtgever\",\"Projectleider\"],\"lifecycle\":[\"Probleemanalyse\",\"Ontwerp\"],\"links\":[{}],\"required_status\":true,\"template\":{\"question\":\"$QUESTION\",\"answer\":\"$ANSWER\",\"remarks\":\"$REMARKS\",\"timestamp\":\"$TIMESTAMP\",\"authors\":[{\"name\":\"$AUTHOR.NAME\",\"email\":\"$AUTHOR.EMAIL\",\"role\":\"$AUTHOR.ROLE\"}]}},{\"question\":\"Met
          welke mensen en/of groepen is er afgestemd bij het ontwikkelen van AI-systeem?\",\"urn\":\"urn:nl:aivt:tr:aiia:1.0:2.5.1\",\"labels\":[{\"key\":\"topic\",\"value\":\"Stakeholderparticipatie\"}],\"type\":[\"open_question\"],\"suggested_roles\":[\"Communicatieadviseur\",\"Data
          scientist\",\"Domeinspecialist\",\"Jurist\",\"Opdrachtgever\",\"Projectleider\"],\"lifecycle\":[\"Probleemanalyse\",\"Ontwerp\"],\"links\":[{}],\"required_status\":false,\"template\":{\"question\":\"$QUESTION\",\"answer\":\"$ANSWER\",\"remarks\":\"$REMARKS\",\"timestamp\":\"$TIMESTAMP\",\"authors\":[{\"name\":\"$AUTHOR.NAME\",\"email\":\"$AUTHOR.EMAIL\",\"role\":\"$AUTHOR.ROLE\"}]}},{\"question\":\"Zijn
          de stakeholders op de hoogte waarom er gekozen is voor bepaalde input variabelen
          (waar zij wellicht in staan)?\",\"urn\":\"urn:nl:aivt:tr:aiia:1.0:2.5.2\",\"labels\":[{\"key\":\"topic\",\"value\":\"Stakeholderparticipatie\"}],\"type\":[\"open_question\"],\"suggested_roles\":[\"Communicatieadviseur\",\"Data
          scientist\",\"Domeinspecialist\",\"Jurist\",\"Opdrachtgever\",\"Projectleider\"],\"lifecycle\":[\"Probleemanalyse\",\"Ontwerp\",\"Ontwikkelen\"],\"links\":[{}],\"required_status\":false,\"template\":{\"question\":\"$QUESTION\",\"answer\":\"$ANSWER\",\"remarks\":\"$REMARKS\",\"timestamp\":\"$TIMESTAMP\",\"authors\":[{\"name\":\"$AUTHOR.NAME\",\"email\":\"$AUTHOR.EMAIL\",\"role\":\"$AUTHOR.ROLE\"}]}},{\"question\":\"Welke
          feedback is er verzameld van teams of groepen die verschillende achtergronden
          en ervaringen representeren? En wat is hier vervolgens mee gedaan?\",\"urn\":\"urn:nl:aivt:tr:aiia:1.0:2.5.3\",\"labels\":[{\"key\":\"topic\",\"value\":\"Stakeholderparticipatie\"}],\"type\":[\"open_question\"],\"suggested_roles\":[\"Communicatieadviseur\",\"Data
          scientist\",\"Domeinspecialist\",\"Jurist\",\"Opdrachtgever\",\"Projectleider\"],\"lifecycle\":[\"Ontwerp\",\"Ontwikkelen\"],\"links\":[{}],\"required_status\":false,\"template\":{\"question\":\"$QUESTION\",\"answer\":\"$ANSWER\",\"remarks\":\"$REMARKS\",\"timestamp\":\"$TIMESTAMP\",\"authors\":[{\"name\":\"$AUTHOR.NAME\",\"email\":\"$AUTHOR.EMAIL\",\"role\":\"$AUTHOR.ROLE\"}]}},{\"question\":\"Hoe
          wordt de invoering van het AI-systeem ge\xEFntroduceerd richting collega\u2019s
          van IenW?\",\"urn\":\"urn:nl:aivt:tr:aiia:1.0:2.5.4\",\"labels\":[{\"key\":\"topic\",\"value\":\"Stakeholderparticipatie\"}],\"type\":[\"open_question\"],\"suggested_roles\":[\"Communicatieadviseur\",\"Data
          scientist\",\"Domeinspecialist\",\"Jurist\",\"Opdrachtgever\",\"Projectleider\"],\"lifecycle\":[\"Implementatie\"],\"links\":[{}],\"required_status\":false,\"template\":{\"question\":\"$QUESTION\",\"answer\":\"$ANSWER\",\"remarks\":\"$REMARKS\",\"timestamp\":\"$TIMESTAMP\",\"authors\":[{\"name\":\"$AUTHOR.NAME\",\"email\":\"$AUTHOR.EMAIL\",\"role\":\"$AUTHOR.ROLE\"}]}},{\"question\":\"Hoe
          wordt de invoering van het AI-systeem ge\xEFntroduceerd richting de samenleving?\",\"urn\":\"urn:nl:aivt:tr:aiia:1.0:2.5.5\",\"labels\":[{\"key\":\"topic\",\"value\":\"Stakeholderparticipatie\"}],\"type\":[\"open_question\"],\"suggested_roles\":[\"Communicatieadviseur\",\"Data
          scientist\",\"Domeinspecialist\",\"Jurist\",\"Opdrachtgever\",\"Projectleider\"],\"lifecycle\":[\"Implementatie\"],\"links\":[{}],\"required_status\":false,\"template\":{\"question\":\"$QUESTION\",\"answer\":\"$ANSWER\",\"remarks\":\"$REMARKS\",\"timestamp\":\"$TIMESTAMP\",\"authors\":[{\"name\":\"$AUTHOR.NAME\",\"email\":\"$AUTHOR.EMAIL\",\"role\":\"$AUTHOR.ROLE\"}]}},{\"question\":\"Hoe
          wordt de doorlopende accuraatheid van het systeem gemeten en gewaarborgd?\",\"urn\":\"urn:nl:aivt:tr:aiia:1.0:3.1\",\"labels\":[{\"key\":\"topic\",\"value\":\"Accuraatheid\"}],\"type\":[\"open_question\"],\"suggested_roles\":[\"Data
          scientist\",\"Domeinspecialist\",\"Opdrachtgever\",\"Projectleider\"],\"lifecycle\":[\"Ontwikkelen\",\"Verificatie
          en validatie\",\"Monitoring en beheer\"],\"links\":[{\"urn\":\"urn:nl:aivt:tr:iama:1.0:2B.3.1\"}],\"required_status\":true,\"template\":{\"question\":\"$QUESTION\",\"answer\":\"$ANSWER\",\"remarks\":\"$REMARKS\",\"timestamp\":\"$TIMESTAMP\",\"authors\":[{\"name\":\"$AUTHOR.NAME\",\"email\":\"$AUTHOR.EMAIL\",\"role\":\"$AUTHOR.ROLE\"}]}},{\"question\":\"Wat
          zijn de opgezette acceptatiecriteria om de kwaliteit van de input(data) en
          output(data) van het model aan te toetsen?\",\"urn\":\"urn:nl:aivt:tr:aiia:1.0:3.1.1\",\"labels\":[{\"key\":\"topic\",\"value\":\"Accuraatheid\"}],\"type\":[\"open_question\"],\"suggested_roles\":[\"Data
          scientist\",\"Domeinspecialist\",\"Opdrachtgever\",\"Projectleider\"],\"lifecycle\":[\"Ontwikkelen\",\"Verificatie
          en validatie\"],\"links\":[{\"urn\":\"urn:nl:aivt:tr:iama:1.0:2.A.2.2\"}],\"required_status\":false,\"template\":{\"question\":\"$QUESTION\",\"answer\":\"$ANSWER\",\"remarks\":\"$REMARKS\",\"timestamp\":\"$TIMESTAMP\",\"authors\":[{\"name\":\"$AUTHOR.NAME\",\"email\":\"$AUTHOR.EMAIL\",\"role\":\"$AUTHOR.ROLE\"}]}},{\"question\":\"Passen
          de acceptatiecriteria bij de data en het doel van het AI-systeem?\",\"urn\":\"urn:nl:aivt:tr:aiia:1.0:3.1.2\",\"labels\":[{\"key\":\"topic\",\"value\":\"Accuraatheid\"}],\"type\":[\"open_question\"],\"suggested_roles\":[\"Data
          scientist\",\"Domeinspecialist\",\"Opdrachtgever\",\"Projectleider\"],\"lifecycle\":[\"Ontwikkelen\",\"Verificatie
          en validatie\"],\"links\":[{}],\"required_status\":false,\"template\":{\"question\":\"$QUESTION\",\"answer\":\"$ANSWER\",\"remarks\":\"$REMARKS\",\"timestamp\":\"$TIMESTAMP\",\"authors\":[{\"name\":\"$AUTHOR.NAME\",\"email\":\"$AUTHOR.EMAIL\",\"role\":\"$AUTHOR.ROLE\"}]}},{\"question\":\"Welke
          evaluatie meetsystemen (performance metrics) ga je gebruiken om de acceptatiecriteria
          te waarborgen en waarom?\",\"urn\":\"urn:nl:aivt:tr:aiia:1.0:3.1.3\",\"labels\":[{\"key\":\"topic\",\"value\":\"Accuraatheid\"}],\"type\":[\"open_question\"],\"suggested_roles\":[\"Data
          scientist\",\"Domeinspecialist\",\"Opdrachtgever\",\"Projectleider\"],\"lifecycle\":[\"Ontwikkelen\",\"Verificatie
          en validatie\"],\"links\":[{\"urn\":\"urn:nl:aivt:tr:iama:1.0:2B.3.1\"},{\"urn\":\"urn:nl:aivt:tr:iama:1.0:3.7.1\"}],\"required_status\":false,\"template\":{\"question\":\"$QUESTION\",\"answer\":\"$ANSWER\",\"remarks\":\"$REMARKS\",\"timestamp\":\"$TIMESTAMP\",\"authors\":[{\"name\":\"$AUTHOR.NAME\",\"email\":\"$AUTHOR.EMAIL\",\"role\":\"$AUTHOR.ROLE\"}]}},{\"question\":\"Hoe
          wordt de output(data) (periodiek) steekproefsgewijs en doorlopend getest op
          juistheid?\",\"urn\":\"urn:nl:aivt:tr:aiia:1.0:3.1.4\",\"labels\":[{\"key\":\"topic\",\"value\":\"Accuraatheid\"}],\"type\":[\"open_question\"],\"suggested_roles\":[\"Data
          scientist\",\"Domeinspecialist\",\"Opdrachtgever\",\"Projectleider\"],\"lifecycle\":[\"Implementatie\",\"Monitoring
          en beheer\"],\"links\":[{\"urn\":\"urn:nl:aivt:tr:iama:1.0:2B.3.3\"}],\"required_status\":false,\"template\":{\"question\":\"$QUESTION\",\"answer\":\"$ANSWER\",\"remarks\":\"$REMARKS\",\"timestamp\":\"$TIMESTAMP\",\"authors\":[{\"name\":\"$AUTHOR.NAME\",\"email\":\"$AUTHOR.EMAIL\",\"role\":\"$AUTHOR.ROLE\"}]}},{\"question\":\"Hoe
          worden afwijkingen in de output(data) ten opzichte van acceptatiecriteria
          tijdig geanalyseerd en gecorrigeerd?\",\"urn\":\"urn:nl:aivt:tr:aiia:1.0:3.1.5\",\"labels\":[{\"key\":\"topic\",\"value\":\"Accuraatheid\"}],\"type\":[\"open_question\"],\"suggested_roles\":[\"Data
          scientist\",\"Domeinspecialist\",\"Opdrachtgever\",\"Projectleider\"],\"lifecycle\":[\"Verificatie
          en validatie\",\"Implementatie\",\"Monitoring en beheer\"],\"links\":[{}],\"required_status\":false,\"template\":{\"question\":\"$QUESTION\",\"answer\":\"$ANSWER\",\"remarks\":\"$REMARKS\",\"timestamp\":\"$TIMESTAMP\",\"authors\":[{\"name\":\"$AUTHOR.NAME\",\"email\":\"$AUTHOR.EMAIL\",\"role\":\"$AUTHOR.ROLE\"}]}},{\"question\":\"Wat
          zijn de resultaten als er alternatieve modellen zouden worden ingezet?\",\"urn\":\"urn:nl:aivt:tr:aiia:1.0:3.1.6\",\"labels\":[{\"key\":\"topic\",\"value\":\"Accuraatheid\"}],\"type\":[\"open_question\"],\"suggested_roles\":[\"Data
          scientist\",\"Domeinspecialist\",\"Opdrachtgever\",\"Projectleider\"],\"lifecycle\":[\"Ontwikkelen\"],\"links\":[{\"urn\":\"urn:nl:aivt:tr:iama:1.0:2B.1.4\"}],\"required_status\":false,\"template\":{\"question\":\"$QUESTION\",\"answer\":\"$ANSWER\",\"remarks\":\"$REMARKS\",\"timestamp\":\"$TIMESTAMP\",\"authors\":[{\"name\":\"$AUTHOR.NAME\",\"email\":\"$AUTHOR.EMAIL\",\"role\":\"$AUTHOR.ROLE\"}]}},{\"question\":\"Is
          het AI-systeem betrouwbaar?\",\"urn\":\"urn:nl:aivt:tr:aiia:1.0:3.2\",\"labels\":[{\"key\":\"topic\",\"value\":\"Betrouwbaarheid\"}],\"type\":[\"open_question\"],\"suggested_roles\":[\"Data
          scientist\",\"Domeinspecialist\",\"Opdrachtgever\",\"Projectleider\"],\"lifecycle\":[\"Verificatie
          en validatie\"],\"links\":[{\"urn\":\"urn:nl:aivt:tr:iama:1.0:2B.3.6\"}],\"required_status\":true,\"template\":{\"question\":\"$QUESTION\",\"answer\":\"$ANSWER\",\"remarks\":\"$REMARKS\",\"timestamp\":\"$TIMESTAMP\",\"authors\":[{\"name\":\"$AUTHOR.NAME\",\"email\":\"$AUTHOR.EMAIL\",\"role\":\"$AUTHOR.ROLE\"}]}},{\"question\":\"Wat
          zijn de belangrijkste factoren die de prestaties van het AI-systeem be\xEFnvloeden?\",\"urn\":\"urn:nl:aivt:tr:aiia:1.0:3.2.1\",\"labels\":[{\"key\":\"topic\",\"value\":\"Accuraatheid\"}],\"type\":[\"open_question\"],\"suggested_roles\":[\"Data
          scientist\",\"Domeinspecialist\",\"Opdrachtgever\",\"Projectleider\"],\"lifecycle\":[\"Ontwikkelen\",\"Verificatie
          en validatie\"],\"links\":[{}],\"required_status\":false,\"template\":{\"question\":\"$QUESTION\",\"answer\":\"$ANSWER\",\"remarks\":\"$REMARKS\",\"timestamp\":\"$TIMESTAMP\",\"authors\":[{\"name\":\"$AUTHOR.NAME\",\"email\":\"$AUTHOR.EMAIL\",\"role\":\"$AUTHOR.ROLE\"}]}},{\"question\":\"Wordt
          een deel van de (sub)dataset uitgesloten voor het leren van het model en alleen
          gebruikt voor het bepalen van de betrouwbaarheid of wordt de betrouwbaarheid
          van het model berekend met behulp van cross-validatie?\",\"urn\":\"urn:nl:aivt:tr:aiia:1.0:3.2.2\",\"labels\":[{\"key\":\"topic\",\"value\":\"Accuraatheid\"}],\"type\":[\"open_question\"],\"suggested_roles\":[\"Data
          scientist\",\"Domeinspecialist\",\"Opdrachtgever\",\"Projectleider\"],\"lifecycle\":[\"Dataverkenning
          en datapreparatie\",\"Ontwikkelen\"],\"links\":[{}],\"required_status\":false,\"template\":{\"question\":\"$QUESTION\",\"answer\":\"$ANSWER\",\"remarks\":\"$REMARKS\",\"timestamp\":\"$TIMESTAMP\",\"authors\":[{\"name\":\"$AUTHOR.NAME\",\"email\":\"$AUTHOR.EMAIL\",\"role\":\"$AUTHOR.ROLE\"}]}},{\"question\":\"Hoe
          is de (hyper)parameter-tuning onderbouwd en getoetst?\",\"urn\":\"urn:nl:aivt:tr:aiia:1.0:3.2.3\",\"labels\":[{\"key\":\"topic\",\"value\":\"Accuraatheid\"}],\"type\":[\"open_question\"],\"suggested_roles\":[\"Data
          scientist\",\"Domeinspecialist\",\"Opdrachtgever\",\"Projectleider\"],\"lifecycle\":[\"Ontwikkelen\"],\"links\":[{}],\"required_status\":false,\"template\":{\"question\":\"$QUESTION\",\"answer\":\"$ANSWER\",\"remarks\":\"$REMARKS\",\"timestamp\":\"$TIMESTAMP\",\"authors\":[{\"name\":\"$AUTHOR.NAME\",\"email\":\"$AUTHOR.EMAIL\",\"role\":\"$AUTHOR.ROLE\"}]}},{\"question\":\"Hoe
          is het AI-systeem technisch ge\xEFmplementeerd?\",\"urn\":\"urn:nl:aivt:tr:aiia:1.0:3.3\",\"labels\":[{\"key\":\"topic\",\"value\":\"Technische
          implementatie\"}],\"type\":[\"open_question\"],\"suggested_roles\":[\"Data
          scientist\",\"Domeinspecialist\",\"Opdrachtgever\",\"Projectleider\"],\"lifecycle\":[\"Ontwerp\",\"Ontwikkelen\"],\"links\":[{\"urn\":\"urn:nl:aivt:tr:iama:1.0:2A.1.1\"},{\"urn\":\"urn:nl:aivt:tr:iama:1.0:2B.1.1\"},{\"systemcard_path\":\".technical_design\",\"version\":\">0.1a1\"}],\"required_status\":true,\"template\":{\"question\":\"$QUESTION\",\"answer\":\"$ANSWER\",\"remarks\":\"$REMARKS\",\"timestamp\":\"$TIMESTAMP\",\"authors\":[{\"name\":\"$AUTHOR.NAME\",\"email\":\"$AUTHOR.EMAIL\",\"role\":\"$AUTHOR.ROLE\"}]}},{\"question\":\"Is
          er nagedacht hoe het AI-systeem past in de al bestaande technische- en systeeminfrastructuur
          en zijn hier passende maatregelen voor genomen om deze uit te rollen (indien
          van toepassing)?\",\"urn\":\"urn:nl:aivt:tr:aiia:1.0:3.3.1\",\"labels\":[{\"key\":\"topic\",\"value\":\"Technische
          implementatie\"}],\"type\":[\"open_question\",\"upload_document\"],\"suggested_roles\":[\"Data
          scientist\",\"Domeinspecialist\",\"Opdrachtgever\",\"Projectleider\"],\"lifecycle\":[\"Ontwerp\"],\"links\":[{}],\"required_status\":false,\"template\":{\"question\":\"$QUESTION\",\"answer\":\"$ANSWER\",\"remarks\":\"$REMARKS\",\"timestamp\":\"$TIMESTAMP\",\"authors\":[{\"name\":\"$AUTHOR.NAME\",\"email\":\"$AUTHOR.EMAIL\",\"role\":\"$AUTHOR.ROLE\"}]}},{\"question\":\"Hoe
          ziet de systeemarchitectuur eruit (hoe verhouden de softwarecomponenten zicht
          tot elkaar)?\",\"urn\":\"urn:nl:aivt:tr:aiia:1.0:3.3.2\",\"labels\":[{\"key\":\"topic\",\"value\":\"Technische
          implementatie\"}],\"type\":[\"open_question\",\"upload_document\"],\"suggested_roles\":[\"Data
          scientist\",\"Domeinspecialist\",\"Opdrachtgever\",\"Projectleider\"],\"lifecycle\":[\"Ontwerp\",\"Ontwikkelen\"],\"links\":[{}],\"required_status\":false,\"template\":{\"question\":\"$QUESTION\",\"answer\":\"$ANSWER\",\"remarks\":\"$REMARKS\",\"timestamp\":\"$TIMESTAMP\",\"authors\":[{\"name\":\"$AUTHOR.NAME\",\"email\":\"$AUTHOR.EMAIL\",\"role\":\"$AUTHOR.ROLE\"}]}},{\"question\":\"Zijn
          eventuele specifieke hardware- en software-eisen gedocumenteerd?\",\"urn\":\"urn:nl:aivt:tr:aiia:1.0:3.3.3\",\"labels\":[{\"key\":\"topic\",\"value\":\"Technische
          implementatie\"}],\"type\":[\"open_question\"],\"suggested_roles\":[\"Data
          scientist\",\"Domeinspecialist\",\"Opdrachtgever\",\"Projectleider\"],\"lifecycle\":[\"Ontwerp\"],\"links\":[{\"systemcard_path\":\".hardware_requirements\",\"version\":\">0.1a5\"}],\"required_status\":false,\"template\":{\"question\":\"$QUESTION\",\"answer\":\"$ANSWER\",\"remarks\":\"$REMARKS\",\"timestamp\":\"$TIMESTAMP\",\"authors\":[{\"name\":\"$AUTHOR.NAME\",\"email\":\"$AUTHOR.EMAIL\",\"role\":\"$AUTHOR.ROLE\"}]}},{\"question\":\"Is
          het AI-systeem reproduceerbaar? Is er een proces ingesteld om dit te meten?\",\"urn\":\"urn:nl:aivt:tr:aiia:1.0:3.4\",\"labels\":[{\"key\":\"topic\",\"value\":\"Technische
          implementatie\"}],\"type\":[\"open_question\"],\"suggested_roles\":[\"Data
          scientist\",\"Domeinspecialist\",\"Opdrachtgever\",\"Projectleider\"],\"lifecycle\":[\"Dataverkenning
          en datapreparatie\",\"Ontwikkelen\",\"Verificatie en validatie\"],\"links\":[{}],\"required_status\":true,\"template\":{\"question\":\"$QUESTION\",\"answer\":\"$ANSWER\",\"remarks\":\"$REMARKS\",\"timestamp\":\"$TIMESTAMP\",\"authors\":[{\"name\":\"$AUTHOR.NAME\",\"email\":\"$AUTHOR.EMAIL\",\"role\":\"$AUTHOR.ROLE\"}]}},{\"question\":\"Kan
          je een verkregen output(data) nu of in de toekomst reconstrueren (dus bijvoorbeeld
          zijn oude versies van het model, datasets en omstandigheden opgeslagen middels
          versiebeheer)?\",\"urn\":\"urn:nl:aivt:tr:aiia:1.0:3.4.1\",\"labels\":[{\"key\":\"topic\",\"value\":\"Technische
          implementatie\"}],\"type\":[\"open_question\"],\"suggested_roles\":[\"Data
          scientist\",\"Domeinspecialist\",\"Opdrachtgever\",\"Projectleider\"],\"lifecycle\":[\"Dataverkenning
          en datapreparatie\",\"Ontwikkelen\",\"Verificatie en validatie\",\"Monitoring
          en beheer\"],\"links\":[{}],\"required_status\":false,\"template\":{\"question\":\"$QUESTION\",\"answer\":\"$ANSWER\",\"remarks\":\"$REMARKS\",\"timestamp\":\"$TIMESTAMP\",\"authors\":[{\"name\":\"$AUTHOR.NAME\",\"email\":\"$AUTHOR.EMAIL\",\"role\":\"$AUTHOR.ROLE\"}]}},{\"question\":\"Is
          het mogelijk om gegeven de parameters en een vaste seed het model te reconstrueren??\",\"urn\":\"urn:nl:aivt:tr:aiia:1.0:3.4.2\",\"labels\":[{\"key\":\"topic\",\"value\":\"Technische
          implementatie\"}],\"type\":[\"open_question\"],\"suggested_roles\":[\"Data
          scientist\",\"Domeinspecialist\",\"Opdrachtgever\",\"Projectleider\"],\"lifecycle\":[\"Ontwikkelen\"],\"links\":[{}],\"required_status\":false,\"template\":{\"question\":\"$QUESTION\",\"answer\":\"$ANSWER\",\"remarks\":\"$REMARKS\",\"timestamp\":\"$TIMESTAMP\",\"authors\":[{\"name\":\"$AUTHOR.NAME\",\"email\":\"$AUTHOR.EMAIL\",\"role\":\"$AUTHOR.ROLE\"}]}},{\"question\":\"
          Is het AI-systeem aan de hand van documentatie op hoofdlijnen te reproduceren?\",\"urn\":\"urn:nl:aivt:tr:aiia:1.0:3.4.3\",\"labels\":[{\"key\":\"topic\",\"value\":\"Technische
          implementatie\"}],\"type\":[\"open_question\"],\"suggested_roles\":[\"Data
          scientist\",\"Domeinspecialist\",\"Opdrachtgever\",\"Projectleider\"],\"lifecycle\":[\"Ontwerp\",\"Ontwikkelen\"],\"links\":[{}],\"required_status\":false,\"template\":{\"question\":\"$QUESTION\",\"answer\":\"$ANSWER\",\"remarks\":\"$REMARKS\",\"timestamp\":\"$TIMESTAMP\",\"authors\":[{\"name\":\"$AUTHOR.NAME\",\"email\":\"$AUTHOR.EMAIL\",\"role\":\"$AUTHOR.ROLE\"}]}},{\"question\":\"Hoe
          worden de wijzigingen tijdens de levensduur van het systeem gedocumenteerd?\",\"urn\":\"urn:nl:aivt:tr:aiia:1.0:3.4.4\",\"labels\":[{\"key\":\"topic\",\"value\":\"Technische
          implementatie\"}],\"type\":[\"open_question\"],\"suggested_roles\":[\"Data
          scientist\",\"Domeinspecialist\",\"Opdrachtgever\",\"Projectleider\"],\"lifecycle\":[\"Implementatie\",\"Monitoring
          en beheer\"],\"links\":[{}],\"required_status\":false,\"template\":{\"question\":\"$QUESTION\",\"answer\":\"$ANSWER\",\"remarks\":\"$REMARKS\",\"timestamp\":\"$TIMESTAMP\",\"authors\":[{\"name\":\"$AUTHOR.NAME\",\"email\":\"$AUTHOR.EMAIL\",\"role\":\"$AUTHOR.ROLE\"}]}},{\"question\":\"Is
          het AI-systeem voldoende uitlegbaar en te interpreteren voor de ontwikkelaars?\",\"urn\":\"urn:nl:aivt:tr:aiia:1.0:3.5\",\"labels\":[{\"key\":\"topic\",\"value\":\"Uitlegbaarheid\"}],\"type\":[\"open_question\"],\"suggested_roles\":[\"Data
          scientist\",\"Domeinspecialist\",\"Opdrachtgever\",\"Projectleider\"],\"lifecycle\":[\"Ontwikkelen\",\"Verificatie
          en validatie\"],\"links\":[{\"urn\":\"urn:nl:aivt:tr:iama:1.0:2B.4.1\"}],\"required_status\":true,\"template\":{\"question\":\"$QUESTION\",\"answer\":\"$ANSWER\",\"remarks\":\"$REMARKS\",\"timestamp\":\"$TIMESTAMP\",\"authors\":[{\"name\":\"$AUTHOR.NAME\",\"email\":\"$AUTHOR.EMAIL\",\"role\":\"$AUTHOR.ROLE\"}]}},{\"question\":\"Hoe
          heb je bij het ontwikkelen van het AI-systeem gekeken naar de uitlegbaarheid
          van het model?\",\"urn\":\"urn:nl:aivt:tr:aiia:1.0:3.5.1\",\"labels\":[{\"key\":\"topic\",\"value\":\"Uitlegbaarheid\"}],\"type\":[\"open_question\"],\"suggested_roles\":[\"Data
          scientist\",\"Domeinspecialist\",\"Opdrachtgever\",\"Projectleider\"],\"lifecycle\":[\"Ontwikkelen\"],\"links\":[{\"urn\":\"urn:nl:aivt:tr:iama:1.0:2B.4.1\"}],\"required_status\":false,\"template\":{\"question\":\"$QUESTION\",\"answer\":\"$ANSWER\",\"remarks\":\"$REMARKS\",\"timestamp\":\"$TIMESTAMP\",\"authors\":[{\"name\":\"$AUTHOR.NAME\",\"email\":\"$AUTHOR.EMAIL\",\"role\":\"$AUTHOR.ROLE\"}]}},{\"question\":\"In
          hoeverre is het mogelijk om een verklaring te geven aan een externe AI-expert
          hoe het AI-systeem op een bepaalde manier werkt?\",\"urn\":\"urn:nl:aivt:tr:aiia:1.0:3.5.2\",\"labels\":[{\"key\":\"topic\",\"value\":\"Uitlegbaarheid\"}],\"type\":[\"open_question\"],\"suggested_roles\":[\"Data
          scientist\",\"Domeinspecialist\",\"Opdrachtgever\",\"Projectleider\"],\"lifecycle\":[\"Ontwerp\",\"Ontwikkelen\"],\"links\":[{\"urn\":\"urn:nl:aivt:tr:iama:1.0:2B.4.2\"}],\"required_status\":false,\"template\":{\"question\":\"$QUESTION\",\"answer\":\"$ANSWER\",\"remarks\":\"$REMARKS\",\"timestamp\":\"$TIMESTAMP\",\"authors\":[{\"name\":\"$AUTHOR.NAME\",\"email\":\"$AUTHOR.EMAIL\",\"role\":\"$AUTHOR.ROLE\"}]}},{\"question\":\"Is
          de benodigde deskundigheid voor het beheer van AI-systeem gedocumenteerd?\",\"urn\":\"urn:nl:aivt:tr:aiia:1.0:3.5.3\",\"labels\":[{\"key\":\"topic\",\"value\":\"Uitlegbaarheid\"}],\"type\":[\"open_question\"],\"suggested_roles\":[\"Data
          scientist\",\"Domeinspecialist\",\"Opdrachtgever\",\"Projectleider\"],\"lifecycle\":[\"Monitoring
          en beheer\"],\"links\":[{\"urn\":\"urn:nl:aivt:tr:iama:1.0:2B.2.1\"},{\"urn\":\"urn:nl:aivt:tr:iama:1.0:3.2.2\"}],\"required_status\":false,\"template\":{\"question\":\"$QUESTION\",\"answer\":\"$ANSWER\",\"remarks\":\"$REMARKS\",\"timestamp\":\"$TIMESTAMP\",\"authors\":[{\"name\":\"$AUTHOR.NAME\",\"email\":\"$AUTHOR.EMAIL\",\"role\":\"$AUTHOR.ROLE\"}]}},{\"question\":\"Hoe
          wordt de kwaliteit van de data gewaarborgd?\",\"urn\":\"urn:nl:aivt:tr:aiia:1.0:4.1\",\"labels\":[{\"key\":\"topic\",\"value\":\"Kwaliteit
          en integriteit van data\"}],\"type\":[\"open_question\"],\"suggested_roles\":[\"Data
          scientist\",\"Domeinspecialist\",\"Privacy-officer\",\"Opdrachtgever\",\"Projectleider\"],\"lifecycle\":[\"Dataverkenning
          en datapreparatie\",\"Implementatie\",\"Monitoring en beheer\"],\"links\":[{\"urn\":\"urn:nl:aivt:tr:iama:1.0:2.A.2.2\"}],\"required_status\":true,\"template\":{\"question\":\"$QUESTION\",\"answer\":\"$ANSWER\",\"remarks\":\"$REMARKS\",\"timestamp\":\"$TIMESTAMP\",\"authors\":[{\"name\":\"$AUTHOR.NAME\",\"email\":\"$AUTHOR.EMAIL\",\"role\":\"$AUTHOR.ROLE\"}]}},{\"question\":\"Is
          de gebruikte data noodzakelijk voor het AI-systeem?\",\"urn\":\"urn:nl:aivt:tr:aiia:1.0:4.1.1\",\"labels\":[{\"key\":\"topic\",\"value\":\"Kwaliteit
          en integriteit van data\"}],\"type\":[\"open_question\"],\"suggested_roles\":[\"Data
          scientist\",\"Domeinspecialist\",\"Privacy-officer\",\"Opdrachtgever\",\"Projectleider\"],\"lifecycle\":[\"Dataverkenning
          en datapreparatie\"],\"links\":[{}],\"required_status\":false,\"template\":{\"question\":\"$QUESTION\",\"answer\":\"$ANSWER\",\"remarks\":\"$REMARKS\",\"timestamp\":\"$TIMESTAMP\",\"authors\":[{\"name\":\"$AUTHOR.NAME\",\"email\":\"$AUTHOR.EMAIL\",\"role\":\"$AUTHOR.ROLE\"}]}},{\"question\":\"Hoe
          voorkom je onbedoelde verdubbelingen van data?\",\"urn\":\"urn:nl:aivt:tr:aiia:1.0:4.1.2\",\"labels\":[{\"key\":\"topic\",\"value\":\"Kwaliteit
          en integriteit van data\"}],\"type\":[\"open_question\"],\"suggested_roles\":[\"Data
          scientist\",\"Domeinspecialist\",\"Privacy-officer\",\"Opdrachtgever\",\"Projectleider\"],\"lifecycle\":[\"Dataverkenning
          en datapreparatie\"],\"links\":[{}],\"required_status\":false,\"template\":{\"question\":\"$QUESTION\",\"answer\":\"$ANSWER\",\"remarks\":\"$REMARKS\",\"timestamp\":\"$TIMESTAMP\",\"authors\":[{\"name\":\"$AUTHOR.NAME\",\"email\":\"$AUTHOR.EMAIL\",\"role\":\"$AUTHOR.ROLE\"}]}},{\"question\":\"Is
          het mogelijk om de trainings- en testgegevens te actualiseren als de situatie
          daar om vraagt? Wanneer besluit je het AI-systeem te her-trainen, tijdelijk
          stop te zetten, of door te ontwikkelen?\",\"urn\":\"urn:nl:aivt:tr:aiia:1.0:4.1.3\",\"labels\":[{\"key\":\"topic\",\"value\":\"Kwaliteit
          en integriteit van data\"}],\"type\":[\"open_question\"],\"suggested_roles\":[\"Data
          scientist\",\"Domeinspecialist\",\"Privacy-officer\",\"Opdrachtgever\",\"Projectleider\"],\"lifecycle\":[\"Implementatie\",\"Monitoring
          en beheer\"],\"links\":[{}],\"required_status\":false,\"template\":{\"question\":\"$QUESTION\",\"answer\":\"$ANSWER\",\"remarks\":\"$REMARKS\",\"timestamp\":\"$TIMESTAMP\",\"authors\":[{\"name\":\"$AUTHOR.NAME\",\"email\":\"$AUTHOR.EMAIL\",\"role\":\"$AUTHOR.ROLE\"}]}},{\"question\":\"Voldoet
          de data aan de aannames van het model?\",\"urn\":\"urn:nl:aivt:tr:aiia:1.0:4.1.4\",\"labels\":[{\"key\":\"topic\",\"value\":\"Kwaliteit
          en integriteit van data\"}],\"type\":[\"open_question\"],\"suggested_roles\":[\"Data
          scientist\",\"Domeinspecialist\",\"Privacy-officer\",\"Opdrachtgever\",\"Projectleider\"],\"lifecycle\":[\"Dataverkenning
          en datapreparatie\",\"Ontwikkelen\"],\"links\":[{}],\"required_status\":false,\"template\":{\"question\":\"$QUESTION\",\"answer\":\"$ANSWER\",\"remarks\":\"$REMARKS\",\"timestamp\":\"$TIMESTAMP\",\"authors\":[{\"name\":\"$AUTHOR.NAME\",\"email\":\"$AUTHOR.EMAIL\",\"role\":\"$AUTHOR.ROLE\"}]}},{\"question\":\"Op
          welke manier is de input(data) die wordt gebruikt in het AI-systeem verzameld
          en samengevoegd?\",\"urn\":\"urn:nl:aivt:tr:aiia:1.0:4.1.5\",\"labels\":[{\"key\":\"topic\",\"value\":\"Kwaliteit
          en integriteit van data\"}],\"type\":[\"open_question\"],\"suggested_roles\":[\"Data
          scientist\",\"Domeinspecialist\",\"Privacy-officer\",\"Opdrachtgever\",\"Projectleider\"],\"lifecycle\":[\"Dataverkenning
          en datapreparatie\"],\"links\":[{\"urn\":\"urn:nl:aivt:tr:iama:1.0:2A.2.1\"}],\"required_status\":false,\"template\":{\"question\":\"$QUESTION\",\"answer\":\"$ANSWER\",\"remarks\":\"$REMARKS\",\"timestamp\":\"$TIMESTAMP\",\"authors\":[{\"name\":\"$AUTHOR.NAME\",\"email\":\"$AUTHOR.EMAIL\",\"role\":\"$AUTHOR.ROLE\"}]}},{\"question\":\"Hoe
          wordt de data gelabeld?\",\"urn\":\"urn:nl:aivt:tr:aiia:1.0:4.1.6\",\"labels\":[{\"key\":\"topic\",\"value\":\"Kwaliteit
          en integriteit van data\"}],\"type\":[\"open_question\"],\"suggested_roles\":[\"Data
          scientist\",\"Domeinspecialist\",\"Privacy-officer\",\"Opdrachtgever\",\"Projectleider\"],\"lifecycle\":[\"Dataverkenning
          en datapreparatie\"],\"links\":[{}],\"required_status\":false,\"template\":{\"question\":\"$QUESTION\",\"answer\":\"$ANSWER\",\"remarks\":\"$REMARKS\",\"timestamp\":\"$TIMESTAMP\",\"authors\":[{\"name\":\"$AUTHOR.NAME\",\"email\":\"$AUTHOR.EMAIL\",\"role\":\"$AUTHOR.ROLE\"}]}},{\"question\":\"Welke
          factoren hebben invloed op de kwaliteit van de input(data)? En wat kan je
          daaraan doen?\",\"urn\":\"urn:nl:aivt:tr:aiia:1.0:4.1.7\",\"labels\":[{\"key\":\"topic\",\"value\":\"Kwaliteit
          en integriteit van data\"}],\"type\":[\"open_question\"],\"suggested_roles\":[\"Data
          scientist\",\"Domeinspecialist\",\"Privacy-officer\",\"Opdrachtgever\",\"Projectleider\"],\"lifecycle\":[\"Dataverkenning
          en datapreparatie\"],\"links\":[{}],\"required_status\":false,\"template\":{\"question\":\"$QUESTION\",\"answer\":\"$ANSWER\",\"remarks\":\"$REMARKS\",\"timestamp\":\"$TIMESTAMP\",\"authors\":[{\"name\":\"$AUTHOR.NAME\",\"email\":\"$AUTHOR.EMAIL\",\"role\":\"$AUTHOR.ROLE\"}]}},{\"question\":\"Is
          de input(data) getoetst op veranderingen die zich voordoen tijdens trainen,
          testen en evalueren? Ook door de tijd heen tijdens het gebruik van het algoritme?\",\"urn\":\"urn:nl:aivt:tr:aiia:1.0:4.1.8\",\"labels\":[{\"key\":\"topic\",\"value\":\"Kwaliteit
          en integriteit van data\"}],\"type\":[\"open_question\"],\"suggested_roles\":[\"Data
          scientist\",\"Domeinspecialist\",\"Privacy-officer\",\"Opdrachtgever\",\"Projectleider\"],\"lifecycle\":[\"Ontwikkelen\",\"Implementatie\",\"Monitoring
          en beheer\"],\"links\":[{}],\"required_status\":false,\"template\":{\"question\":\"$QUESTION\",\"answer\":\"$ANSWER\",\"remarks\":\"$REMARKS\",\"timestamp\":\"$TIMESTAMP\",\"authors\":[{\"name\":\"$AUTHOR.NAME\",\"email\":\"$AUTHOR.EMAIL\",\"role\":\"$AUTHOR.ROLE\"}]}},{\"question\":\"Indien
          output(data) wordt gebruikt als nieuwe input, hoe wordt de output(data) opgeslagen
          (denk aan een feedbackloop)?\",\"urn\":\"urn:nl:aivt:tr:aiia:1.0:4.1.9\",\"labels\":[{\"key\":\"topic\",\"value\":\"Kwaliteit
          en integriteit van data\"}],\"type\":[\"open_question\"],\"suggested_roles\":[\"Data
          scientist\",\"Domeinspecialist\",\"Privacy-officer\",\"Opdrachtgever\",\"Projectleider\"],\"lifecycle\":[\"Ontwikkelen\",\"Implementatie\"],\"links\":[{}],\"required_status\":false,\"template\":{\"question\":\"$QUESTION\",\"answer\":\"$ANSWER\",\"remarks\":\"$REMARKS\",\"timestamp\":\"$TIMESTAMP\",\"authors\":[{\"name\":\"$AUTHOR.NAME\",\"email\":\"$AUTHOR.EMAIL\",\"role\":\"$AUTHOR.ROLE\"}]}},{\"question\":\"Hoe
          zorg je ervoor dat de output(data) tijdig beschikbaar is?\",\"urn\":\"urn:nl:aivt:tr:aiia:1.0:4.1.10\",\"labels\":[{\"key\":\"topic\",\"value\":\"Kwaliteit
          en integriteit van data\"}],\"type\":[\"open_question\"],\"suggested_roles\":[\"Data
          scientist\",\"Domeinspecialist\",\"Privacy-officer\",\"Opdrachtgever\",\"Projectleider\"],\"lifecycle\":[\"Implementatie\",\"Monitoring
          en beheer\"],\"links\":[{}],\"required_status\":false,\"template\":{\"question\":\"$QUESTION\",\"answer\":\"$ANSWER\",\"remarks\":\"$REMARKS\",\"timestamp\":\"$TIMESTAMP\",\"authors\":[{\"name\":\"$AUTHOR.NAME\",\"email\":\"$AUTHOR.EMAIL\",\"role\":\"$AUTHOR.ROLE\"}]}},{\"question\":\"Hoe
          wordt er omgegaan met persoonsgegevens of vertrouwelijke gegevens? (Denk aan
          de DPIA)\",\"urn\":\"urn:nl:aivt:tr:aiia:1.0:4.2\",\"labels\":[{\"key\":\"topic\",\"value\":\"Privacy
          en gegevensbescherming\"}],\"type\":[\"open_question\"],\"suggested_roles\":[\"Data
          scientist\",\"Domeinspecialist\",\"Privacy-officer\",\"Opdrachtgever\",\"Projectleider\"],\"lifecycle\":[\"Ontwikkelen\",\"Dataverkenning
          en datapreparatie\"],\"links\":[{}],\"required_status\":true,\"template\":{\"question\":\"$QUESTION\",\"answer\":\"$ANSWER\",\"remarks\":\"$REMARKS\",\"timestamp\":\"$TIMESTAMP\",\"authors\":[{\"name\":\"$AUTHOR.NAME\",\"email\":\"$AUTHOR.EMAIL\",\"role\":\"$AUTHOR.ROLE\"}]}},{\"question\":\"Werkt
          het AI-systeem met persoonsgegevens (is de AVG van toepassing)?\",\"urn\":\"urn:nl:aivt:tr:aiia:1.0:4.2.1\",\"labels\":[{\"key\":\"topic\",\"value\":\"Privacy
          en gegevensbescherming\"}],\"type\":[\"open_question\"],\"suggested_roles\":[\"Data
          scientist\",\"Domeinspecialist\",\"Privacy-officer\",\"Opdrachtgever\",\"Projectleider\"],\"lifecycle\":[\"Dataverkenning
          en datapreparatie\",\"Ontwikkelen\"],\"links\":[{}],\"required_status\":false,\"template\":{\"question\":\"$QUESTION\",\"answer\":\"$ANSWER\",\"remarks\":\"$REMARKS\",\"timestamp\":\"$TIMESTAMP\",\"authors\":[{\"name\":\"$AUTHOR.NAME\",\"email\":\"$AUTHOR.EMAIL\",\"role\":\"$AUTHOR.ROLE\"}]}},{\"question\":\"Is
          de output van het AI-systeem tot personen te herleiden (is de AVG van toepassing)?\",\"urn\":\"urn:nl:aivt:tr:aiia:1.0:4.2.2\",\"labels\":[{\"key\":\"topic\",\"value\":\"Privacy
          en gegevensbescherming\"}],\"type\":[\"open_question\"],\"suggested_roles\":[\"Data
          scientist\",\"Domeinspecialist\",\"Privacy-officer\",\"Opdrachtgever\",\"Projectleider\"],\"lifecycle\":[\"Dataverkenning
          en datapreparatie\",\"Ontwikkelen\"],\"links\":[{}],\"required_status\":false,\"template\":{\"question\":\"$QUESTION\",\"answer\":\"$ANSWER\",\"remarks\":\"$REMARKS\",\"timestamp\":\"$TIMESTAMP\",\"authors\":[{\"name\":\"$AUTHOR.NAME\",\"email\":\"$AUTHOR.EMAIL\",\"role\":\"$AUTHOR.ROLE\"}]}},{\"question\":\"Zijn
          er verregaande beschermingsmaatregelen genomen om de persoonsgegevens te beveiligen?\",\"urn\":\"urn:nl:aivt:tr:aiia:1.0:4.2.3\",\"labels\":[{\"key\":\"topic\",\"value\":\"Privacy
          en gegevensbescherming\"}],\"type\":[\"open_question\"],\"suggested_roles\":[\"Data
          scientist\",\"Domeinspecialist\",\"Privacy-officer\",\"Opdrachtgever\",\"Projectleider\"],\"lifecycle\":[\"Ontwerp\",\"Ontwikkelen\"],\"links\":[{\"urn\":\"urn:nl:aivt:tr:iama:1.0:2A.4.1\"}],\"required_status\":false,\"template\":{\"question\":\"$QUESTION\",\"answer\":\"$ANSWER\",\"remarks\":\"$REMARKS\",\"timestamp\":\"$TIMESTAMP\",\"authors\":[{\"name\":\"$AUTHOR.NAME\",\"email\":\"$AUTHOR.EMAIL\",\"role\":\"$AUTHOR.ROLE\"}]}},{\"question\":\"Zijn
          functionarissen betrokken, zoals de functionaris gegevensbescherming, privacy
          adviseur, informatiebeveiliger, Chief Information Officer, etc.?\",\"urn\":\"urn:nl:aivt:tr:aiia:1.0:4.2.4\",\"labels\":[{\"key\":\"topic\",\"value\":\"Privacy
          en gegevensbescherming\"}],\"type\":[\"open_question\"],\"suggested_roles\":[\"Data
          scientist\",\"Domeinspecialist\",\"Privacy-officer\",\"Opdrachtgever\",\"Projectleider\"],\"lifecycle\":[\"Ontwerp\"],\"links\":[{}],\"required_status\":false,\"template\":{\"question\":\"$QUESTION\",\"answer\":\"$ANSWER\",\"remarks\":\"$REMARKS\",\"timestamp\":\"$TIMESTAMP\",\"authors\":[{\"name\":\"$AUTHOR.NAME\",\"email\":\"$AUTHOR.EMAIL\",\"role\":\"$AUTHOR.ROLE\"}]}},{\"question\":\"Hoe
          vaak wordt de kwaliteit en de noodzakelijkheid van de verwerking van persoonsgegevens
          ge\xEBvalueerd?\",\"urn\":\"urn:nl:aivt:tr:aiia:1.0:4.2.5\",\"labels\":[{\"key\":\"topic\",\"value\":\"Privacy
          en gegevensbescherming\"}],\"type\":[\"open_question\"],\"suggested_roles\":[\"Data
          scientist\",\"Domeinspecialist\",\"Privacy-officer\",\"Opdrachtgever\",\"Projectleider\"],\"lifecycle\":[\"Ontwerp\"],\"links\":[{}],\"required_status\":false,\"template\":{\"question\":\"$QUESTION\",\"answer\":\"$ANSWER\",\"remarks\":\"$REMARKS\",\"timestamp\":\"$TIMESTAMP\",\"authors\":[{\"name\":\"$AUTHOR.NAME\",\"email\":\"$AUTHOR.EMAIL\",\"role\":\"$AUTHOR.ROLE\"}]}},{\"question\":\"Is
          er aandacht besteed aan rechten van derden met betrekking tot verspreiding
          van informatie over het AI-systeem?\",\"urn\":\"urn:nl:aivt:tr:aiia:1.0:4.2.6\",\"labels\":[{\"key\":\"topic\",\"value\":\"Privacy
          en gegevensbescherming\"}],\"type\":[\"open_question\"],\"suggested_roles\":[\"Data
          scientist\",\"Domeinspecialist\",\"Privacy-officer\",\"Opdrachtgever\",\"Projectleider\"],\"lifecycle\":[\"Ontwerp\"],\"links\":[{}],\"required_status\":false,\"template\":{\"question\":\"$QUESTION\",\"answer\":\"$ANSWER\",\"remarks\":\"$REMARKS\",\"timestamp\":\"$TIMESTAMP\",\"authors\":[{\"name\":\"$AUTHOR.NAME\",\"email\":\"$AUTHOR.EMAIL\",\"role\":\"$AUTHOR.ROLE\"}]}},{\"question\":\"Worden
          vertrouwelijke gegevens gebruikt of opgeslagen? Hoe wordt de veiligheid van
          deze informatie gewaarborgd?\",\"urn\":\"urn:nl:aivt:tr:aiia:1.0:4.2.7\",\"labels\":[{\"key\":\"topic\",\"value\":\"Privacy
          en gegevensbescherming\"}],\"type\":[\"open_question\"],\"suggested_roles\":[\"Data
          scientist\",\"Domeinspecialist\",\"Privacy-officer\",\"Opdrachtgever\",\"Projectleider\"],\"lifecycle\":[\"Ontwerp\",\"Dataverkenning
          en datapreparatie\",\"Ontwikkelen\"],\"links\":[{}],\"required_status\":false,\"template\":{\"question\":\"$QUESTION\",\"answer\":\"$ANSWER\",\"remarks\":\"$REMARKS\",\"timestamp\":\"$TIMESTAMP\",\"authors\":[{\"name\":\"$AUTHOR.NAME\",\"email\":\"$AUTHOR.EMAIL\",\"role\":\"$AUTHOR.ROLE\"}]}},{\"question\":\"Hoe
          is het AI-systeem getest op de passende risicobeheersmaatregelen?\",\"urn\":\"urn:nl:aivt:tr:aiia:1.0:5.1\",\"labels\":[{\"key\":\"topic\",\"value\":\"Risicobeheersing\"}],\"type\":[\"open_question\"],\"suggested_roles\":[\"Security
          officer\",\"Data scientist\",\"Domeinspecialist\",\"Opdrachtgever\",\"Projectleider\"],\"lifecycle\":[\"Ontwerp\",\"Ontwikkelen\",\"Verificatie
          en validatie\",\"Implementatie\",\"Monitoring en beheer\"],\"links\":[{}],\"required_status\":true,\"template\":{\"question\":\"$QUESTION\",\"answer\":\"$ANSWER\",\"remarks\":\"$REMARKS\",\"timestamp\":\"$TIMESTAMP\",\"authors\":[{\"name\":\"$AUTHOR.NAME\",\"email\":\"$AUTHOR.EMAIL\",\"role\":\"$AUTHOR.ROLE\"}]}},{\"question\":\"Hoe
          is de toegang tot het AI-systeem en diens componenten ingericht? (Denk aan
          de Generieke IT-beheersmaatregelen)\",\"urn\":\"urn:nl:aivt:tr:aiia:1.0:5.1.1\",\"labels\":[{\"key\":\"topic\",\"value\":\"Risicobeheersing\"}],\"type\":[\"open_question\"],\"suggested_roles\":[\"Security
          officer\",\"Data scientist\",\"Domeinspecialist\",\"Opdrachtgever\",\"Projectleider\"],\"lifecycle\":[\"Ontwerp\"],\"links\":[{\"urn\":\"urn:nl:aivt:tr:iama:1.0:2A.4.2\"}],\"required_status\":false,\"template\":{\"question\":\"$QUESTION\",\"answer\":\"$ANSWER\",\"remarks\":\"$REMARKS\",\"timestamp\":\"$TIMESTAMP\",\"authors\":[{\"name\":\"$AUTHOR.NAME\",\"email\":\"$AUTHOR.EMAIL\",\"role\":\"$AUTHOR.ROLE\"}]}},{\"question\":\"Hoe
          is het AI-systeem getest op het beoogde doel voordat het in gebruik wordt
          genomen?\",\"urn\":\"urn:nl:aivt:tr:aiia:1.0:5.1.2\",\"labels\":[{\"key\":\"topic\",\"value\":\"Risicobeheersing\"}],\"type\":[\"open_question\"],\"suggested_roles\":[\"Security
          officer\",\"Data scientist\",\"Domeinspecialist\",\"Opdrachtgever\",\"Projectleider\"],\"lifecycle\":[\"Ontwikkelen\",\"Implementatie\"],\"links\":[{}],\"required_status\":false,\"template\":{\"question\":\"$QUESTION\",\"answer\":\"$ANSWER\",\"remarks\":\"$REMARKS\",\"timestamp\":\"$TIMESTAMP\",\"authors\":[{\"name\":\"$AUTHOR.NAME\",\"email\":\"$AUTHOR.EMAIL\",\"role\":\"$AUTHOR.ROLE\"}]}},{\"question\":\"Is
          het waarschijnlijk dat kwetsbare groepen (zoals kinderen) toegang zullen hebben
          tot het AI-systeem? In dat geval moeten de risicobeheersmaatregelen extra
          worden aangescherpt.\",\"urn\":\"urn:nl:aivt:tr:aiia:1.0:5.1.3\",\"labels\":[{\"key\":\"topic\",\"value\":\"Risicobeheersing\"}],\"type\":[\"open_question\"],\"suggested_roles\":[\"Security
          officer\",\"Data scientist\",\"Domeinspecialist\",\"Opdrachtgever\",\"Projectleider\"],\"lifecycle\":[\"Ontwerp\"],\"links\":[{}],\"required_status\":false,\"template\":{\"question\":\"$QUESTION\",\"answer\":\"$ANSWER\",\"remarks\":\"$REMARKS\",\"timestamp\":\"$TIMESTAMP\",\"authors\":[{\"name\":\"$AUTHOR.NAME\",\"email\":\"$AUTHOR.EMAIL\",\"role\":\"$AUTHOR.ROLE\"}]}},{\"question\":\"Zijn
          er buiten de standaard beveiligingsmaatregelingen van IenW extra maatregelen
          genomen om het AI-systeem te beveiligen?\",\"urn\":\"urn:nl:aivt:tr:aiia:1.0:5.1.4\",\"labels\":[{\"key\":\"topic\",\"value\":\"Risicobeheersing\"}],\"type\":[\"open_question\"],\"suggested_roles\":[\"Security
          officer\",\"Data scientist\",\"Domeinspecialist\",\"Opdrachtgever\",\"Projectleider\"],\"lifecycle\":[\"Ontwerp\",\"Implementatie\"],\"links\":[{}],\"required_status\":false,\"template\":{\"question\":\"$QUESTION\",\"answer\":\"$ANSWER\",\"remarks\":\"$REMARKS\",\"timestamp\":\"$TIMESTAMP\",\"authors\":[{\"name\":\"$AUTHOR.NAME\",\"email\":\"$AUTHOR.EMAIL\",\"role\":\"$AUTHOR.ROLE\"}]}},{\"question\":\"Hoe
          wordt het alternatieve plan als er problemen met het AI-systeem zijn in werking
          gezet?\",\"urn\":\"urn:nl:aivt:tr:aiia:1.0:5.1.5\",\"labels\":[{\"key\":\"topic\",\"value\":\"Risicobeheersing\"}],\"type\":[\"open_question\"],\"suggested_roles\":[\"Security
          officer\",\"Data scientist\",\"Domeinspecialist\",\"Opdrachtgever\",\"Projectleider\"],\"lifecycle\":[\"Implementatie\",\"Monitoring
          en beheer\",\"Uitfaseren\"],\"links\":[{\"urn\":\"urn:nl:aivt:tr:iama:1.0:2B.1.4\"}],\"required_status\":false,\"template\":{\"question\":\"$QUESTION\",\"answer\":\"$ANSWER\",\"remarks\":\"$REMARKS\",\"timestamp\":\"$TIMESTAMP\",\"authors\":[{\"name\":\"$AUTHOR.NAME\",\"email\":\"$AUTHOR.EMAIL\",\"role\":\"$AUTHOR.ROLE\"}]}},{\"question\":\"Is
          de correctheid van de implementatie aangetoond? Denk hierbij bijvoorbeeld
          aan unit- integratie- en end-to-end tests, indien van toepassing\",\"urn\":\"urn:nl:aivt:tr:aiia:1.0:5.1.6\",\"labels\":[{\"key\":\"topic\",\"value\":\"Risicobeheersing\"}],\"type\":[\"open_question\"],\"suggested_roles\":[\"Security
          officer\",\"Data scientist\",\"Domeinspecialist\",\"Opdrachtgever\",\"Projectleider\"],\"lifecycle\":[\"Ontwikkelen\",\"Implementatie\",\"Monitoring
          en beheer\"],\"links\":[{}],\"required_status\":false,\"template\":{\"question\":\"$QUESTION\",\"answer\":\"$ANSWER\",\"remarks\":\"$REMARKS\",\"timestamp\":\"$TIMESTAMP\",\"authors\":[{\"name\":\"$AUTHOR.NAME\",\"email\":\"$AUTHOR.EMAIL\",\"role\":\"$AUTHOR.ROLE\"}]}},{\"question\":\"Hoe
          kan het AI-systeem interageren met andere hardware of software (indien van
          toepassing)?\",\"urn\":\"urn:nl:aivt:tr:aiia:1.0:5.1.7\",\"labels\":[{\"key\":\"topic\",\"value\":\"Risicobeheersing\"}],\"type\":[\"open_question\",\"upload_document\"],\"suggested_roles\":[\"Security
          officer\",\"Data scientist\",\"Domeinspecialist\",\"Opdrachtgever\",\"Projectleider\"],\"lifecycle\":[\"Ontwerp\"],\"links\":[{\"systemcard_path\":\".hardware_requirements\",\"version\":\">0.1a5\"}],\"required_status\":false,\"template\":{\"question\":\"$QUESTION\",\"answer\":\"$ANSWER\",\"remarks\":\"$REMARKS\",\"timestamp\":\"$TIMESTAMP\",\"authors\":[{\"name\":\"$AUTHOR.NAME\",\"email\":\"$AUTHOR.EMAIL\",\"role\":\"$AUTHOR.ROLE\"}]}},{\"question\":\"Wat
          is het plan als er problemen met de werking van het AI-systeem zijn?\",\"urn\":\"urn:nl:aivt:tr:aiia:1.0:5.2\",\"labels\":[{\"key\":\"topic\",\"value\":\"Alternatieve
          werkwijze\"}],\"type\":[\"open_question\"],\"suggested_roles\":[\"Security
          officer\",\"Data scientist\",\"Domeinspecialist\",\"Opdrachtgever\",\"Projectleider\"],\"lifecycle\":[\"Implementatie\",\"Monitoring
          en beheer\",\"Uitfaseren\"],\"links\":[{}],\"required_status\":true,\"template\":{\"question\":\"$QUESTION\",\"answer\":\"$ANSWER\",\"remarks\":\"$REMARKS\",\"timestamp\":\"$TIMESTAMP\",\"authors\":[{\"name\":\"$AUTHOR.NAME\",\"email\":\"$AUTHOR.EMAIL\",\"role\":\"$AUTHOR.ROLE\"}]}},{\"question\":\"Wat
          is de impact als het AI-systeem uitvalt?\",\"urn\":\"urn:nl:aivt:tr:aiia:1.0:5.2.1\",\"labels\":[{\"key\":\"topic\",\"value\":\"Alternatieve
          werkwijze\"}],\"type\":[\"open_question\"],\"suggested_roles\":[\"Security
          officer\",\"Data scientist\",\"Domeinspecialist\",\"Opdrachtgever\",\"Projectleider\"],\"lifecycle\":[\"Implementatie\",\"Monitoring
          en beheer\",\"Uitfaseren\"],\"links\":[{}],\"required_status\":false,\"template\":{\"question\":\"$QUESTION\",\"answer\":\"$ANSWER\",\"remarks\":\"$REMARKS\",\"timestamp\":\"$TIMESTAMP\",\"authors\":[{\"name\":\"$AUTHOR.NAME\",\"email\":\"$AUTHOR.EMAIL\",\"role\":\"$AUTHOR.ROLE\"}]}},{\"question\":\"Het
          is goed om er bewust van te zijn dat een mens als expert zich niet op dezelfde
          manier ontwikkelt als een AI-systeem. Denk hierbij aan het effect van de rekenmachine
          op onze vaardigheid hoofdrekenen. Wat is een equivalent effect wat kan optreden
          als het AI-systeem in gebruik wordt genomen, en is dit wenselijk?\",\"urn\":\"urn:nl:aivt:tr:aiia:1.0:5.2.2\",\"labels\":[{\"key\":\"topic\",\"value\":\"Alternatieve
          werkwijze\"}],\"type\":[\"open_question\"],\"suggested_roles\":[\"Security
          officer\",\"Data scientist\",\"Domeinspecialist\",\"Opdrachtgever\",\"Projectleider\"],\"lifecycle\":[\"Probleemanalyse\"],\"links\":[{}],\"required_status\":false,\"template\":{\"question\":\"$QUESTION\",\"answer\":\"$ANSWER\",\"remarks\":\"$REMARKS\",\"timestamp\":\"$TIMESTAMP\",\"authors\":[{\"name\":\"$AUTHOR.NAME\",\"email\":\"$AUTHOR.EMAIL\",\"role\":\"$AUTHOR.ROLE\"}]}},{\"question\":\"Is
          het AI-systeem bestand tegen fouten of onregelmatigheden van interactie met
          natuurlijke personen of andere systemen?\",\"urn\":\"urn:nl:aivt:tr:aiia:1.0:5.2.3\",\"labels\":[{\"key\":\"topic\",\"value\":\"Alternatieve
          werkwijze\"}],\"type\":[\"open_question\"],\"suggested_roles\":[\"Security
          officer\",\"Data scientist\",\"Domeinspecialist\",\"Opdrachtgever\",\"Projectleider\"],\"lifecycle\":[\"Implementatie\",\"Monitoring
          en beheer\"],\"links\":[{}],\"required_status\":false,\"template\":{\"question\":\"$QUESTION\",\"answer\":\"$ANSWER\",\"remarks\":\"$REMARKS\",\"timestamp\":\"$TIMESTAMP\",\"authors\":[{\"name\":\"$AUTHOR.NAME\",\"email\":\"$AUTHOR.EMAIL\",\"role\":\"$AUTHOR.ROLE\"}]}},{\"question\":\"Op
          welke manier worden informatiebeveiligingsrisico\u2019s inzichtelijk gemaakt,
          teruggebracht naar een acceptabel niveau en (technisch) getest?\",\"urn\":\"urn:nl:aivt:tr:aiia:1.0:5.3\",\"labels\":[{\"key\":\"topic\",\"value\":\"Hackaanvallen
          en corruptie\"}],\"type\":[\"open_question\"],\"suggested_roles\":[\"Security
          officer\",\"Data scientist\",\"Domeinspecialist\",\"Opdrachtgever\",\"Projectleider\"],\"lifecycle\":[\"Ontwerp\",\"Ontwikkelen\",\"Implementatie\",\"Monitoring
          en beheer\"],\"links\":[{\"urn\":\"urn:nl:aivt:tr:iama:1.0:2A.4.1\"}],\"required_status\":true,\"template\":{\"question\":\"$QUESTION\",\"answer\":\"$ANSWER\",\"remarks\":\"$REMARKS\",\"timestamp\":\"$TIMESTAMP\",\"authors\":[{\"name\":\"$AUTHOR.NAME\",\"email\":\"$AUTHOR.EMAIL\",\"role\":\"$AUTHOR.ROLE\"}]}},{\"question\":\"Hoe
          wordt er voorkomen dat ongeautoriseerde derden gebruik kunnen maken van kwetsbaarheden
          van het AI-systeem?\",\"urn\":\"urn:nl:aivt:tr:aiia:1.0:5.3.1\",\"labels\":[{\"key\":\"topic\",\"value\":\"Hackaanvallen
          en corruptie\"}],\"type\":[\"open_question\"],\"suggested_roles\":[\"Security
          officer\",\"Data scientist\",\"Domeinspecialist\",\"Opdrachtgever\",\"Projectleider\"],\"lifecycle\":[\"Ontwerp\",\"Ontwikkelen\",\"Implementatie\",\"Monitoring
          en beheer\"],\"links\":[{}],\"required_status\":false,\"template\":{\"question\":\"$QUESTION\",\"answer\":\"$ANSWER\",\"remarks\":\"$REMARKS\",\"timestamp\":\"$TIMESTAMP\",\"authors\":[{\"name\":\"$AUTHOR.NAME\",\"email\":\"$AUTHOR.EMAIL\",\"role\":\"$AUTHOR.ROLE\"}]}},{\"question\":\"Wat
          is de impact als derden ongewenst toegang hebben tot de broncode, data of
          uitkomsten van het AI- systeem?\",\"urn\":\"urn:nl:aivt:tr:aiia:1.0:5.3.2\",\"labels\":[{\"key\":\"topic\",\"value\":\"Hackaanvallen
          en corruptie\"}],\"type\":[\"open_question\"],\"suggested_roles\":[\"Security
          officer\",\"Data scientist\",\"Domeinspecialist\",\"Opdrachtgever\",\"Projectleider\"],\"lifecycle\":[\"Ontwerp\",\"Dataverkenning
          en datapreparatie\",\"Ontwikkelen\",\"Implementatie\",\"Monitoring en beheer\"],\"links\":[{}],\"required_status\":false,\"template\":{\"question\":\"$QUESTION\",\"answer\":\"$ANSWER\",\"remarks\":\"$REMARKS\",\"timestamp\":\"$TIMESTAMP\",\"authors\":[{\"name\":\"$AUTHOR.NAME\",\"email\":\"$AUTHOR.EMAIL\",\"role\":\"$AUTHOR.ROLE\"}]}},{\"question\":\"Kunnen
          mensen misbruik maken van het feit dat er een AI-systeem wordt ingezet in
          plaats van een menselijke beslissing?\",\"urn\":\"urn:nl:aivt:tr:aiia:1.0:5.3.3\",\"labels\":[{\"key\":\"topic\",\"value\":\"Hackaanvallen
          en corruptie\"}],\"type\":[\"open_question\"],\"suggested_roles\":[\"Security
          officer\",\"Data scientist\",\"Domeinspecialist\",\"Opdrachtgever\",\"Projectleider\"],\"lifecycle\":[\"Probleemanalyse\",\"Ontwerp\"],\"links\":[{}],\"required_status\":false,\"template\":{\"question\":\"$QUESTION\",\"answer\":\"$ANSWER\",\"remarks\":\"$REMARKS\",\"timestamp\":\"$TIMESTAMP\",\"authors\":[{\"name\":\"$AUTHOR.NAME\",\"email\":\"$AUTHOR.EMAIL\",\"role\":\"$AUTHOR.ROLE\"}]}},{\"question\":\"Hoe
          wordt er geregistreerd wie er gebruik maakt van het AI-systeem en hoe lang?\",\"urn\":\"urn:nl:aivt:tr:aiia:1.0:5.3.4\",\"labels\":[{\"key\":\"topic\",\"value\":\"Hackaanvallen
          en corruptie\"}],\"type\":[\"open_question\"],\"suggested_roles\":[\"Security
          officer\",\"Data scientist\",\"Domeinspecialist\",\"Opdrachtgever\",\"Projectleider\"],\"lifecycle\":[\"Implementatie\",\"Monitoring
          en beheer\"],\"links\":[{}],\"required_status\":false,\"template\":{\"question\":\"$QUESTION\",\"answer\":\"$ANSWER\",\"remarks\":\"$REMARKS\",\"timestamp\":\"$TIMESTAMP\",\"authors\":[{\"name\":\"$AUTHOR.NAME\",\"email\":\"$AUTHOR.EMAIL\",\"role\":\"$AUTHOR.ROLE\"}]}},{\"question\":\"Ben
          je transparant richting betrokkenen en eindgebruikers over de beperkingen
          en werking van het AI-systeem? En blijven deze voldoende onder de aandacht
          zolang ze bestaan?\",\"urn\":\"urn:nl:aivt:tr:aiia:1.0:6.1\",\"labels\":[{\"key\":\"topic\",\"value\":\"Communicatie\"}],\"type\":[\"open_question\"],\"suggested_roles\":[\"Communicatieadviseur\",\"Data
          scientist\",\"Domeinspecialist\",\"Opdrachtgever\",\"Projectleider\"],\"lifecycle\":[\"Implementatie\",\"Monitoring
          en beheer\"],\"links\":[{\"urn\":\"urn:nl:aivt:tr:iama:1.0:3.6.1\"}],\"required_status\":true,\"template\":{\"question\":\"$QUESTION\",\"answer\":\"$ANSWER\",\"remarks\":\"$REMARKS\",\"timestamp\":\"$TIMESTAMP\",\"authors\":[{\"name\":\"$AUTHOR.NAME\",\"email\":\"$AUTHOR.EMAIL\",\"role\":\"$AUTHOR.ROLE\"}]}},{\"question\":\"Worden
          er mechanismes ingesteld waarin eindgebruikers opmerkingen over het systeem
          (data, techniek, doelgroep, etc.) kunnen maken? En hoe of wanneer worde deze
          meldingen gewaarborgd (geanalyseerd en gevolgd)?\",\"urn\":\"urn:nl:aivt:tr:aiia:1.0:6.2\",\"labels\":[{\"key\":\"topic\",\"value\":\"Communicatie\"}],\"type\":[\"open_question\"],\"suggested_roles\":[\"Communicatieadviseur\",\"Data
          scientist\",\"Domeinspecialist\",\"Opdrachtgever\",\"Projectleider\"],\"lifecycle\":[\"Implementatie\",\"Monitoring
          en beheer\"],\"links\":[{\"urn\":\"urn:nl:aivt:tr:iama:1.0:3.4.3\"}],\"required_status\":true,\"template\":{\"question\":\"$QUESTION\",\"answer\":\"$ANSWER\",\"remarks\":\"$REMARKS\",\"timestamp\":\"$TIMESTAMP\",\"authors\":[{\"name\":\"$AUTHOR.NAME\",\"email\":\"$AUTHOR.EMAIL\",\"role\":\"$AUTHOR.ROLE\"}]}},{\"question\":\"Wordt
          er aan de eindgebruiker en betrokkenen van het AI-systeem gecommuniceerd dat
          de resultaten gegenereerd worden door een AI-systeem en wat dat voor hen betekent?\",\"urn\":\"urn:nl:aivt:tr:aiia:1.0:6.2.1\",\"labels\":[{\"key\":\"topic\",\"value\":\"Communicatie\"}],\"type\":[\"open_question\"],\"suggested_roles\":[\"Communicatieadviseur\",\"Data
          scientist\",\"Domeinspecialist\",\"Opdrachtgever\",\"Projectleider\"],\"lifecycle\":[\"Implementatie\"],\"links\":[{\"urn\":\"urn:nl:aivt:tr:iama:1.0:3.6.2\"}],\"required_status\":false,\"template\":{\"question\":\"$QUESTION\",\"answer\":\"$ANSWER\",\"remarks\":\"$REMARKS\",\"timestamp\":\"$TIMESTAMP\",\"authors\":[{\"name\":\"$AUTHOR.NAME\",\"email\":\"$AUTHOR.EMAIL\",\"role\":\"$AUTHOR.ROLE\"}]}},{\"question\":\"Zijn
          er eindgebruiksinstructies opgesteld? Deze moeten minstens het volgende bevatten:
          de naam en contactgegevens van de aanbieder; kenmerken, capaciteiten en beperkingen;
          mogelijke toekomstige wijzigingen; menselijk toezicht; en verwachte levensduur.\",\"urn\":\"urn:nl:aivt:tr:aiia:1.0:6.2.2\",\"labels\":[{\"key\":\"topic\",\"value\":\"Communicatie\"}],\"type\":[\"open_question\"],\"suggested_roles\":[\"Communicatieadviseur\",\"Data
          scientist\",\"Domeinspecialist\",\"Opdrachtgever\",\"Projectleider\"],\"lifecycle\":[\"Implementatie\"],\"links\":[{}],\"required_status\":false,\"template\":{\"question\":\"$QUESTION\",\"answer\":\"$ANSWER\",\"remarks\":\"$REMARKS\",\"timestamp\":\"$TIMESTAMP\",\"authors\":[{\"name\":\"$AUTHOR.NAME\",\"email\":\"$AUTHOR.EMAIL\",\"role\":\"$AUTHOR.ROLE\"}]}},{\"question\":\"Wat
          zijn de potenti\xEBle (psychologische) bijwerkingen zoals het risico op verwarring,
          voorkeur of cognitieve vermoeidheid van de eindgebruiker bij het gebruik maken
          van het AI-systeem?\",\"urn\":\"urn:nl:aivt:tr:aiia:1.0:6.2.3\",\"labels\":[{\"key\":\"topic\",\"value\":\"Communicatie\"}],\"type\":[\"open_question\"],\"suggested_roles\":[\"Communicatieadviseur\",\"Data
          scientist\",\"Domeinspecialist\",\"Opdrachtgever\",\"Projectleider\"],\"lifecycle\":[\"Implementatie\"],\"links\":[{}],\"required_status\":false,\"template\":{\"question\":\"$QUESTION\",\"answer\":\"$ANSWER\",\"remarks\":\"$REMARKS\",\"timestamp\":\"$TIMESTAMP\",\"authors\":[{\"name\":\"$AUTHOR.NAME\",\"email\":\"$AUTHOR.EMAIL\",\"role\":\"$AUTHOR.ROLE\"}]}},{\"question\":\"In
          hoeverre is het mogelijk om een verklaring te geven aan een betrokkene waarom
          het AI-systeem op een bepaalde manier werkt?\",\"urn\":\"urn:nl:aivt:tr:aiia:1.0:6.2.4\",\"labels\":[{\"key\":\"topic\",\"value\":\"Communicatie\"}],\"type\":[\"open_question\"],\"suggested_roles\":[\"Communicatieadviseur\",\"Data
          scientist\",\"Domeinspecialist\",\"Opdrachtgever\",\"Projectleider\"],\"lifecycle\":[\"Ontwikkelen\",\"Implementatie\"],\"links\":[{\"urn\":\"urn:nl:aivt:tr:iama:1.0:2B.4.4\"}],\"required_status\":false,\"template\":{\"question\":\"$QUESTION\",\"answer\":\"$ANSWER\",\"remarks\":\"$REMARKS\",\"timestamp\":\"$TIMESTAMP\",\"authors\":[{\"name\":\"$AUTHOR.NAME\",\"email\":\"$AUTHOR.EMAIL\",\"role\":\"$AUTHOR.ROLE\"}]}},{\"question\":\"Is
          het systeem voldoende transparant om eindgebruikers in staat te stellen de
          output(data) van het systeem te interpreteren en op passende wijze te gebruiken?\",\"urn\":\"urn:nl:aivt:tr:aiia:1.0:6.2.5\",\"labels\":[{\"key\":\"topic\",\"value\":\"Communicatie\"}],\"type\":[\"open_question\"],\"suggested_roles\":[\"Communicatieadviseur\",\"Data
          scientist\",\"Domeinspecialist\",\"Opdrachtgever\",\"Projectleider\"],\"lifecycle\":[\"Ontwikkelen\",\"Implementatie\"],\"links\":[{\"urn\":\"urn:nl:aivt:tr:iama:1.0:3.6.3\"}],\"required_status\":false,\"template\":{\"question\":\"$QUESTION\",\"answer\":\"$ANSWER\",\"remarks\":\"$REMARKS\",\"timestamp\":\"$TIMESTAMP\",\"authors\":[{\"name\":\"$AUTHOR.NAME\",\"email\":\"$AUTHOR.EMAIL\",\"role\":\"$AUTHOR.ROLE\"}]}},{\"question\":\"Is
          er iets ingericht om eindgebruikers eventuele bijscholing te verlenen?\",\"urn\":\"urn:nl:aivt:tr:aiia:1.0:6.2.6\",\"labels\":[{\"key\":\"topic\",\"value\":\"Communicatie\"}],\"type\":[\"open_question\"],\"suggested_roles\":[\"Communicatieadviseur\",\"Data
          scientist\",\"Domeinspecialist\",\"Opdrachtgever\",\"Projectleider\"],\"lifecycle\":[\"Implementatie\"],\"links\":[{}],\"required_status\":false,\"template\":{\"question\":\"$QUESTION\",\"answer\":\"$ANSWER\",\"remarks\":\"$REMARKS\",\"timestamp\":\"$TIMESTAMP\",\"authors\":[{\"name\":\"$AUTHOR.NAME\",\"email\":\"$AUTHOR.EMAIL\",\"role\":\"$AUTHOR.ROLE\"}]}},{\"question\":\"Hoe
          wordt ervoor gezorgd dat commentaar van betrokkenen en eindgebruikers intern
          goed wordt behandeld?\",\"urn\":\"urn:nl:aivt:tr:aiia:1.0:6.2.7\",\"labels\":[{\"key\":\"topic\",\"value\":\"Communicatie\"}],\"type\":[\"open_question\"],\"suggested_roles\":[\"Communicatieadviseur\",\"Data
          scientist\",\"Domeinspecialist\",\"Opdrachtgever\",\"Projectleider\"],\"lifecycle\":[\"Implementatie\",\"Monitoring
          en beheer\"],\"links\":[{\"urn\":\"urn:nl:aivt:tr:iama:1.0:3.7.3\"}],\"required_status\":false,\"template\":{\"question\":\"$QUESTION\",\"answer\":\"$ANSWER\",\"remarks\":\"$REMARKS\",\"timestamp\":\"$TIMESTAMP\",\"authors\":[{\"name\":\"$AUTHOR.NAME\",\"email\":\"$AUTHOR.EMAIL\",\"role\":\"$AUTHOR.ROLE\"}]}},{\"question\":\"Als
          een betrokkene bezwaar wil aantekenen,21 of een klacht wil indienen tegen
          een besluit van het AI-systeem,22 is het dan duidelijk welke stappen hij/zij
          kan nemen? Hetzelfde geldt voor beroep instellen.\",\"urn\":\"urn:nl:aivt:tr:aiia:1.0:6.2.8\",\"labels\":[{\"key\":\"topic\",\"value\":\"Communicatie\"}],\"type\":[\"open_question\"],\"suggested_roles\":[\"Communicatieadviseur\",\"Data
          scientist\",\"Domeinspecialist\",\"Opdrachtgever\",\"Projectleider\"],\"lifecycle\":[\"Implementatie\",\"Monitoring
          en beheer\"],\"links\":[{}],\"required_status\":false,\"template\":{\"question\":\"$QUESTION\",\"answer\":\"$ANSWER\",\"remarks\":\"$REMARKS\",\"timestamp\":\"$TIMESTAMP\",\"authors\":[{\"name\":\"$AUTHOR.NAME\",\"email\":\"$AUTHOR.EMAIL\",\"role\":\"$AUTHOR.ROLE\"}]}},{\"question\":\"Hoe
          wordt het AI-systeem gecontroleerd?\",\"urn\":\"urn:nl:aivt:tr:aiia:1.0:6.3\",\"labels\":[{\"key\":\"topic\",\"value\":\"Controleerbaarheid\"}],\"type\":[\"open_question\"],\"suggested_roles\":[\"Communicatieadviseur\",\"Data
          scientist\",\"Domeinspecialist\",\"Opdrachtgever\",\"Projectleider\"],\"lifecycle\":[\"Monitoring
          en beheer\"],\"links\":[{\"urn\":\"urn:nl:aivt:tr:iama:1.0:3.2.1\"},{\"urn\":\"urn:nl:aivt:tr:iama:1.0:3.7.3\"}],\"required_status\":true,\"template\":{\"question\":\"$QUESTION\",\"answer\":\"$ANSWER\",\"remarks\":\"$REMARKS\",\"timestamp\":\"$TIMESTAMP\",\"authors\":[{\"name\":\"$AUTHOR.NAME\",\"email\":\"$AUTHOR.EMAIL\",\"role\":\"$AUTHOR.ROLE\"}]}},{\"question\":\"Hoe
          is menselijke controle en toezicht gewaarborgd?\",\"urn\":\"urn:nl:aivt:tr:aiia:1.0:6.4\",\"labels\":[{\"key\":\"topic\",\"value\":\"Controleerbaarheid\"}],\"type\":[\"open_question\"],\"suggested_roles\":[\"Communicatieadviseur\",\"Data
          scientist\",\"Domeinspecialist\",\"Opdrachtgever\",\"Projectleider\"],\"lifecycle\":[\"Monitoring
          en beheer\"],\"links\":[{\"urn\":\"urn:nl:aivt:tr:iama:1.0:3.2.1\"},{\"urn\":\"urn:nl:aivt:tr:iama:1.0:3.7.3\"}],\"required_status\":true,\"template\":{\"question\":\"$QUESTION\",\"answer\":\"$ANSWER\",\"remarks\":\"$REMARKS\",\"timestamp\":\"$TIMESTAMP\",\"authors\":[{\"name\":\"$AUTHOR.NAME\",\"email\":\"$AUTHOR.EMAIL\",\"role\":\"$AUTHOR.ROLE\"}]}},{\"question\":\"Hoe
          wordt rekening gehouden met het ingaan van aangekondigde nieuwe wet- en regelgeving
          tijdens de levensduur van dit AI-systeem?\",\"urn\":\"urn:nl:aivt:tr:aiia:1.0:6.4.1\",\"labels\":[{\"key\":\"topic\",\"value\":\"Controleerbaarheid\"}],\"type\":[\"open_question\"],\"suggested_roles\":[\"Communicatieadviseur\",\"Data
          scientist\",\"Domeinspecialist\",\"Opdrachtgever\",\"Projectleider\"],\"lifecycle\":[\"Probleemanalyse\",\"Ontwerp\",\"Monitoring
          en beheer\"],\"links\":[{}],\"required_status\":false,\"template\":{\"question\":\"$QUESTION\",\"answer\":\"$ANSWER\",\"remarks\":\"$REMARKS\",\"timestamp\":\"$TIMESTAMP\",\"authors\":[{\"name\":\"$AUTHOR.NAME\",\"email\":\"$AUTHOR.EMAIL\",\"role\":\"$AUTHOR.ROLE\"}]}},{\"question\":\"Hoe
          wordt ervoor gezorgd dat het AI-systeem onafhankelijk kan worden gecontroleerd?\",\"urn\":\"urn:nl:aivt:tr:aiia:1.0:6.4.2\",\"labels\":[{\"key\":\"topic\",\"value\":\"Controleerbaarheid\"}],\"type\":[\"open_question\"],\"suggested_roles\":[\"Communicatieadviseur\",\"Data
          scientist\",\"Domeinspecialist\",\"Opdrachtgever\",\"Projectleider\"],\"lifecycle\":[\"Monitoring
          en beheer\"],\"links\":[{\"urn\":\"urn:nl:aivt:tr:iama:1.0:3.7.3\"}],\"required_status\":false,\"template\":{\"question\":\"$QUESTION\",\"answer\":\"$ANSWER\",\"remarks\":\"$REMARKS\",\"timestamp\":\"$TIMESTAMP\",\"authors\":[{\"name\":\"$AUTHOR.NAME\",\"email\":\"$AUTHOR.EMAIL\",\"role\":\"$AUTHOR.ROLE\"}]}},{\"question\":\"Hoe
          wordt de correctheid van de input(data) gecontroleerd en ge\xEFnterpreteerd?\",\"urn\":\"urn:nl:aivt:tr:aiia:1.0:6.4.3\",\"labels\":[{\"key\":\"topic\",\"value\":\"Controleerbaarheid\"}],\"type\":[\"open_question\"],\"suggested_roles\":[\"Communicatieadviseur\",\"Data
          scientist\",\"Domeinspecialist\",\"Opdrachtgever\",\"Projectleider\"],\"lifecycle\":[\"Dataverkenning
          en datapreparatie\",\"Ontwikkelen\"],\"links\":[{}],\"required_status\":false,\"template\":{\"question\":\"$QUESTION\",\"answer\":\"$ANSWER\",\"remarks\":\"$REMARKS\",\"timestamp\":\"$TIMESTAMP\",\"authors\":[{\"name\":\"$AUTHOR.NAME\",\"email\":\"$AUTHOR.EMAIL\",\"role\":\"$AUTHOR.ROLE\"}]}},{\"question\":\"Hoe
          wordt de correctheid van het model gecontroleerd en ge\xEFnterpreteerd?\",\"urn\":\"urn:nl:aivt:tr:aiia:1.0:6.4.4\",\"labels\":[{\"key\":\"topic\",\"value\":\"Controleerbaarheid\"}],\"type\":[\"open_question\"],\"suggested_roles\":[\"Communicatieadviseur\",\"Data
          scientist\",\"Domeinspecialist\",\"Opdrachtgever\",\"Projectleider\"],\"lifecycle\":[\"Ontwikkelen\"],\"links\":[{}],\"required_status\":false,\"template\":{\"question\":\"$QUESTION\",\"answer\":\"$ANSWER\",\"remarks\":\"$REMARKS\",\"timestamp\":\"$TIMESTAMP\",\"authors\":[{\"name\":\"$AUTHOR.NAME\",\"email\":\"$AUTHOR.EMAIL\",\"role\":\"$AUTHOR.ROLE\"}]}},{\"question\":\"Hoe
          wordt de correctheid van de output(data) gecontroleerd en ge\xEFnterpreteerd?\",\"urn\":\"urn:nl:aivt:tr:aiia:1.0:6.4.5\",\"labels\":[{\"key\":\"topic\",\"value\":\"Controleerbaarheid\"}],\"type\":[\"open_question\"],\"suggested_roles\":[\"Communicatieadviseur\",\"Data
          scientist\",\"Domeinspecialist\",\"Opdrachtgever\",\"Projectleider\"],\"lifecycle\":[\"Implementatie\",\"Monitoring
          en beheer\"],\"links\":[{}],\"required_status\":false,\"template\":{\"question\":\"$QUESTION\",\"answer\":\"$ANSWER\",\"remarks\":\"$REMARKS\",\"timestamp\":\"$TIMESTAMP\",\"authors\":[{\"name\":\"$AUTHOR.NAME\",\"email\":\"$AUTHOR.EMAIL\",\"role\":\"$AUTHOR.ROLE\"}]}},{\"question\":\"Hoe
          wordt de input(data) opgeslagen?\",\"urn\":\"urn:nl:aivt:tr:aiia:1.0:6.5.1\",\"labels\":[{\"key\":\"topic\",\"value\":\"Archivering\"}],\"type\":[\"open_question\"],\"suggested_roles\":[\"Communicatieadviseur\",\"Data
          scientist\",\"Domeinspecialist\",\"Opdrachtgever\",\"Projectleider\"],\"lifecycle\":[\"Implementatie\",\"Monitoring
          en beheer\",\"Uitfaseren\"],\"links\":[{\"urn\":\"urn:nl:aivt:tr:iama:1.0:2A.4.3\"}],\"required_status\":false,\"template\":{\"question\":\"$QUESTION\",\"answer\":\"$ANSWER\",\"remarks\":\"$REMARKS\",\"timestamp\":\"$TIMESTAMP\",\"authors\":[{\"name\":\"$AUTHOR.NAME\",\"email\":\"$AUTHOR.EMAIL\",\"role\":\"$AUTHOR.ROLE\"}]}},{\"question\":\"Wat
          is de bewaartermijn van de input(data)?\",\"urn\":\"urn:nl:aivt:tr:aiia:1.0:6.5.2\",\"labels\":[{\"key\":\"topic\",\"value\":\"Archivering\"}],\"type\":[\"open_question\"],\"suggested_roles\":[\"Communicatieadviseur\",\"Data
          scientist\",\"Domeinspecialist\",\"Opdrachtgever\",\"Projectleider\"],\"lifecycle\":[\"Implementatie\",\"Monitoring
          en beheer\",\"Uitfaseren\"],\"links\":[{\"urn\":\"urn:nl:aivt:tr:iama:1.0:2A.4.3\"}],\"required_status\":false,\"template\":{\"question\":\"$QUESTION\",\"answer\":\"$ANSWER\",\"remarks\":\"$REMARKS\",\"timestamp\":\"$TIMESTAMP\",\"authors\":[{\"name\":\"$AUTHOR.NAME\",\"email\":\"$AUTHOR.EMAIL\",\"role\":\"$AUTHOR.ROLE\"}]}},{\"question\":\"Hoe
          wordt het model opgeslagen?\",\"urn\":\"urn:nl:aivt:tr:aiia:1.0:6.5.3\",\"labels\":[{\"key\":\"topic\",\"value\":\"Archivering\"}],\"type\":[\"open_question\"],\"suggested_roles\":[\"Communicatieadviseur\",\"Data
          scientist\",\"Domeinspecialist\",\"Opdrachtgever\",\"Projectleider\"],\"lifecycle\":[\"Implementatie\",\"Monitoring
          en beheer\",\"Uitfaseren\"],\"links\":[{\"urn\":\"urn:nl:aivt:tr:iama:1.0:2A.4.3\"}],\"required_status\":false,\"template\":{\"question\":\"$QUESTION\",\"answer\":\"$ANSWER\",\"remarks\":\"$REMARKS\",\"timestamp\":\"$TIMESTAMP\",\"authors\":[{\"name\":\"$AUTHOR.NAME\",\"email\":\"$AUTHOR.EMAIL\",\"role\":\"$AUTHOR.ROLE\"}]}},{\"question\":\"Kunnen
          de gebruikers de output(data) op de juiste manier interpreteren?\",\"urn\":\"urn:nl:aivt:tr:aiia:1.0:6.5.4\",\"labels\":[{\"key\":\"topic\",\"value\":\"Archivering\"}],\"type\":[\"open_question\"],\"suggested_roles\":[\"Communicatieadviseur\",\"Data
          scientist\",\"Domeinspecialist\",\"Opdrachtgever\",\"Projectleider\"],\"lifecycle\":[\"Implementatie\"],\"links\":[{\"urn\":\"urn:nl:aivt:tr:iama:1.0:3.6.3\"}],\"required_status\":false,\"template\":{\"question\":\"$QUESTION\",\"answer\":\"$ANSWER\",\"remarks\":\"$REMARKS\",\"timestamp\":\"$TIMESTAMP\",\"authors\":[{\"name\":\"$AUTHOR.NAME\",\"email\":\"$AUTHOR.EMAIL\",\"role\":\"$AUTHOR.ROLE\"}]}},{\"question\":\"Wat
          is de bewaartermijn van de output(data)?\",\"urn\":\"urn:nl:aivt:tr:aiia:1.0:6.5.5\",\"labels\":[{\"key\":\"topic\",\"value\":\"Archivering\"}],\"type\":[\"open_question\"],\"suggested_roles\":[\"Communicatieadviseur\",\"Data
          scientist\",\"Domeinspecialist\",\"Opdrachtgever\",\"Projectleider\"],\"lifecycle\":[\"Implementatie\",\"Monitoring
          en beheer\",\"Uitfaseren\"],\"links\":[{\"urn\":\"urn:nl:aivt:tr:iama:1.0:2A.4.3\"}],\"required_status\":false,\"template\":{\"question\":\"$QUESTION\",\"answer\":\"$ANSWER\",\"remarks\":\"$REMARKS\",\"timestamp\":\"$TIMESTAMP\",\"authors\":[{\"name\":\"$AUTHOR.NAME\",\"email\":\"$AUTHOR.EMAIL\",\"role\":\"$AUTHOR.ROLE\"}]}},{\"question\":\"Is
          er impact op het milieu door het invoeren van het AI-systeem (ontwikkeling,
          installatie en gebruik), en hoe wordt dit gemeten?\",\"urn\":\"urn:nl:aivt:tr:aiia:1.0:6.6.1\",\"labels\":[{\"key\":\"topic\",\"value\":\"Klimaatadaptie\"}],\"type\":[\"open_question\"],\"suggested_roles\":[\"Communicatieadviseur\",\"Data
          scientist\",\"Domeinspecialist\",\"Opdrachtgever\",\"Projectleider\"],\"lifecycle\":[\"Ontwerp\",\"Implementatie\",\"Monitoring
          en beheer\"],\"links\":[{}],\"required_status\":false,\"template\":{\"question\":\"$QUESTION\",\"answer\":\"$ANSWER\",\"remarks\":\"$REMARKS\",\"timestamp\":\"$TIMESTAMP\",\"authors\":[{\"name\":\"$AUTHOR.NAME\",\"email\":\"$AUTHOR.EMAIL\",\"role\":\"$AUTHOR.ROLE\"}]}},{\"question\":\"Hoe
          wordt de impact van het AI-systeem afgewogen tegen de milieukosten van het
          laten draaien van het AI-systeem?\",\"urn\":\"urn:nl:aivt:tr:aiia:1.0:6.6.2\",\"labels\":[{\"key\":\"topic\",\"value\":\"Klimaatadaptie\"}],\"type\":[\"open_question\"],\"suggested_roles\":[\"Communicatieadviseur\",\"Data
          scientist\",\"Domeinspecialist\",\"Opdrachtgever\",\"Projectleider\"],\"lifecycle\":[\"Ontwerp\",\"Implementatie\",\"Monitoring
          en beheer\"],\"links\":[{}],\"required_status\":false,\"template\":{\"question\":\"$QUESTION\",\"answer\":\"$ANSWER\",\"remarks\":\"$REMARKS\",\"timestamp\":\"$TIMESTAMP\",\"authors\":[{\"name\":\"$AUTHOR.NAME\",\"email\":\"$AUTHOR.EMAIL\",\"role\":\"$AUTHOR.ROLE\"}]}},{\"question\":\"Wat
          voor maatregelen zijn er genomen om de milieu-impact van het AI-systeem te
          minimaliseren?\",\"urn\":\"urn:nl:aivt:tr:aiia:1.0:6.6.3\",\"labels\":[{\"key\":\"topic\",\"value\":\"Klimaatadaptie\"}],\"type\":[\"open_question\"],\"suggested_roles\":[\"Communicatieadviseur\",\"Data
          scientist\",\"Domeinspecialist\",\"Opdrachtgever\",\"Projectleider\"],\"lifecycle\":[\"Ontwerp\"],\"links\":[{}],\"required_status\":false,\"template\":{\"question\":\"$QUESTION\",\"answer\":\"$ANSWER\",\"remarks\":\"$REMARKS\",\"timestamp\":\"$TIMESTAMP\",\"authors\":[{\"name\":\"$AUTHOR.NAME\",\"email\":\"$AUTHOR.EMAIL\",\"role\":\"$AUTHOR.ROLE\"}]}}]}"
      headers:
        Connection:
          - keep-alive
        Content-Length:
          - "71253"
        Content-Type:
          - application/json
        Date:
          - Wed, 13 Nov 2024 15:38:31 GMT
        Strict-Transport-Security:
          - max-age=31536000; includeSubDomains
      status:
        code: 200
        message: OK
version: 1
